Component: ARM Compiler 5.06 update 1 (build 61) Tool: armlink [4d35a8]

==============================================================================

Section Cross References

    startup_stm32f407xx.o(RESET) refers to startup_stm32f407xx.o(STACK) for __initial_sp
    startup_stm32f407xx.o(RESET) refers to startup_stm32f407xx.o(.text) for Reset_Handler
    startup_stm32f407xx.o(RESET) refers to stm32f4xx_it.o(i.NMI_Handler) for NMI_Handler
    startup_stm32f407xx.o(RESET) refers to stm32f4xx_it.o(i.HardFault_Handler) for HardFault_Handler
    startup_stm32f407xx.o(RESET) refers to stm32f4xx_it.o(i.MemManage_Handler) for MemManage_Handler
    startup_stm32f407xx.o(RESET) refers to stm32f4xx_it.o(i.BusFault_Handler) for BusFault_Handler
    startup_stm32f407xx.o(RESET) refers to stm32f4xx_it.o(i.UsageFault_Handler) for UsageFault_Handler
    startup_stm32f407xx.o(RESET) refers to port.o(.emb_text) for SVC_Handler
    startup_stm32f407xx.o(RESET) refers to stm32f4xx_it.o(i.DebugMon_Handler) for DebugMon_Handler
    startup_stm32f407xx.o(RESET) refers to port.o(i.SysTick_Handler) for SysTick_Handler
    startup_stm32f407xx.o(RESET) refers to stm32f4xx_it.o(i.TIM1_UP_TIM10_IRQHandler) for TIM1_UP_TIM10_IRQHandler
    startup_stm32f407xx.o(RESET) refers to stm32f4xx_it.o(i.USART1_IRQHandler) for USART1_IRQHandler
    startup_stm32f407xx.o(RESET) refers to stm32f4xx_it.o(i.USART6_IRQHandler) for USART6_IRQHandler
    startup_stm32f407xx.o(.text) refers to system_stm32f4xx.o(i.SystemInit) for SystemInit
    startup_stm32f407xx.o(.text) refers to entry.o(.ARM.Collect$$$$00000000) for __main
    dht11.o(i.DHT11_Init) refers to dht11.o(i.GPIO_DHT11_OUT) for GPIO_DHT11_OUT
    dht11.o(i.DHT11_Init) refers to stm32f4xx_hal_gpio.o(i.HAL_GPIO_WritePin) for HAL_GPIO_WritePin
    dht11.o(i.DHT11_Init) refers to stm32f4xx_hal.o(i.HAL_Delay) for HAL_Delay
    dht11.o(i.GPIO_DHT11_OUT) refers to stm32f4xx_hal_gpio.o(i.HAL_GPIO_Init) for HAL_GPIO_Init
    dht11.o(i.READ_DATA_8BIT) refers to stm32f4xx_hal_gpio.o(i.HAL_GPIO_ReadPin) for HAL_GPIO_ReadPin
    dht11.o(i.READ_DATA_8BIT) refers to dht11.o(i.delay_us) for delay_us
    dht11.o(i.Read_TempAndHumidity) refers to dht11.o(i.GPIO_DHT11_OUT) for GPIO_DHT11_OUT
    dht11.o(i.Read_TempAndHumidity) refers to stm32f4xx_hal_gpio.o(i.HAL_GPIO_WritePin) for HAL_GPIO_WritePin
    dht11.o(i.Read_TempAndHumidity) refers to stm32f4xx_hal.o(i.HAL_Delay) for HAL_Delay
    dht11.o(i.Read_TempAndHumidity) refers to dht11.o(i.delay_us) for delay_us
    dht11.o(i.Read_TempAndHumidity) refers to stm32f4xx_hal_gpio.o(i.HAL_GPIO_Init) for HAL_GPIO_Init
    dht11.o(i.Read_TempAndHumidity) refers to stm32f4xx_hal_gpio.o(i.HAL_GPIO_ReadPin) for HAL_GPIO_ReadPin
    dht11.o(i.Read_TempAndHumidity) refers to dht11.o(i.READ_DATA_8BIT) for READ_DATA_8BIT
    dht11.o(i.read_DHT11) refers to dht11.o(i.Read_TempAndHumidity) for Read_TempAndHumidity
    dht11.o(i.read_DHT11) refers to dht11.o(.data) for .data
    lcd_i2c.o(i.LCD_BackLight) refers to lcd_i2c.o(i.LCD_Write_Data) for LCD_Write_Data
    lcd_i2c.o(i.LCD_BackLight) refers to lcd_i2c.o(.data) for .data
    lcd_i2c.o(i.LCD_Clear) refers to lcd_i2c.o(i.LCD_Set_Command) for LCD_Set_Command
    lcd_i2c.o(i.LCD_Clear) refers to stm32f4xx_hal.o(i.HAL_Delay) for HAL_Delay
    lcd_i2c.o(i.LCD_Clear) refers to lcd_i2c.o(.data) for .data
    lcd_i2c.o(i.LCD_Init) refers to lcd_i2c.o(i.LCD_Set_Command) for LCD_Set_Command
    lcd_i2c.o(i.LCD_Init) refers to stm32f4xx_hal.o(i.HAL_Delay) for HAL_Delay
    lcd_i2c.o(i.LCD_Print) refers to f2d.o(.text) for __aeabi_f2d
    lcd_i2c.o(i.LCD_Print) refers to printfa.o(i.__0sprintf) for __2sprintf
    lcd_i2c.o(i.LCD_Print) refers to lcd_i2c.o(i.LCD_Send_String) for LCD_Send_String
    lcd_i2c.o(i.LCD_Send_String) refers to strlen.o(.text) for strlen
    lcd_i2c.o(i.LCD_Send_String) refers to lcd_i2c.o(i.LCD_SetCursor) for LCD_SetCursor
    lcd_i2c.o(i.LCD_Send_String) refers to lcd_i2c.o(i.LCD_Write_Data) for LCD_Write_Data
    lcd_i2c.o(i.LCD_Send_String) refers to lcd_i2c.o(.data) for .data
    lcd_i2c.o(i.LCD_Send_String) refers to lcd_i2c.o(.bss) for .bss
    lcd_i2c.o(i.LCD_SetCursor) refers to lcd_i2c.o(i.LCD_Set_Command) for LCD_Set_Command
    lcd_i2c.o(i.LCD_SetCursor) refers to lcd_i2c.o(.data) for .data
    lcd_i2c.o(i.LCD_SetCursor) refers to lcd_i2c.o(.constdata) for .constdata
    lcd_i2c.o(i.LCD_Set_Command) refers to lcd_i2c.o(i.hi2cx_define) for hi2cx_define
    lcd_i2c.o(i.LCD_Set_Command) refers to stm32f4xx_hal_i2c.o(i.HAL_I2C_Master_Transmit) for HAL_I2C_Master_Transmit
    lcd_i2c.o(i.LCD_Set_Command) refers to lcd_i2c.o(.data) for .data
    lcd_i2c.o(i.LCD_Set_Command) refers to lcd_i2c.o(.bss) for .bss
    lcd_i2c.o(i.LCD_Write_Data) refers to lcd_i2c.o(i.hi2cx_define) for hi2cx_define
    lcd_i2c.o(i.LCD_Write_Data) refers to stm32f4xx_hal_i2c.o(i.HAL_I2C_Master_Transmit) for HAL_I2C_Master_Transmit
    lcd_i2c.o(i.LCD_Write_Data) refers to lcd_i2c.o(.data) for .data
[...]
    i.prvSampleTimeNow                       0x08005ddc   Section        0  timers.o(i.prvSampleTimeNow)
    prvSampleTimeNow                         0x08005ddd   Thumb Code    36  timers.o(i.prvSampleTimeNow)
    i.prvSwitchTimerLists                    0x08005e04   Section        0  timers.o(i.prvSwitchTimerLists)
    prvSwitchTimerLists                      0x08005e05   Thumb Code   104  timers.o(i.prvSwitchTimerLists)
    i.prvTaskExitError                       0x08005e70   Section        0  port.o(i.prvTaskExitError)
    prvTaskExitError                         0x08005e71   Thumb Code    36  port.o(i.prvTaskExitError)
    i.prvTimerTask                           0x08005e98   Section        0  timers.o(i.prvTimerTask)
    prvTimerTask                             0x08005e99   Thumb Code    32  timers.o(i.prvTimerTask)
    i.prvUnlockQueue                         0x08005ebc   Section        0  queue.o(i.prvUnlockQueue)
    prvUnlockQueue                           0x08005ebd   Thumb Code   106  queue.o(i.prvUnlockQueue)
    i.pvPortMalloc                           0x08005f28   Section        0  heap_4.o(i.pvPortMalloc)
    i.pxPortInitialiseStack                  0x08006000   Section        0  port.o(i.pxPortInitialiseStack)
    i.read_DHT11                             0x0800602c   Section        0  dht11.o(i.read_DHT11)
    i.read_flame_char                        0x08006054   Section        0  main.o(i.read_flame_char)
    i.read_gas_ppm_fixed                     0x08006088   Section        0  main.o(i.read_gas_ppm_fixed)
    i.read_keypad                            0x08006144   Section        0  main.o(i.read_keypad)
    i.read_pir_char                          0x08006414   Section        0  main.o(i.read_pir_char)
    i.read_rain_char                         0x08006444   Section        0  main.o(i.read_rain_char)
    i.serial_read                            0x08006474   Section        0  main.o(i.serial_read)
    i.serial_send_cmd                        0x0800648c   Section        0  main.o(i.serial_send_cmd)
    i.servo_Init                             0x080064c0   Section        0  servo.o(i.servo_Init)
    i.sqrt                                   0x080064e4   Section        0  sqrt.o(i.sqrt)
    i.uxListRemove                           0x08006552   Section        0  list.o(i.uxListRemove)
    i.vApplicationGetIdleTaskMemory          0x08006578   Section        0  cmsis_os2.o(i.vApplicationGetIdleTaskMemory)
    i.vApplicationGetTimerTaskMemory         0x0800658c   Section        0  cmsis_os2.o(i.vApplicationGetTimerTaskMemory)
    i.vListInitialise                        0x080065a4   Section        0  list.o(i.vListInitialise)
    i.vListInitialiseItem                    0x080065ba   Section        0  list.o(i.vListInitialiseItem)
    i.vListInsert                            0x080065c0   Section        0  list.o(i.vListInsert)
    i.vListInsertEnd                         0x080065f0   Section        0  list.o(i.vListInsertEnd)
    i.vPortEnterCritical                     0x08006608   Section        0  port.o(i.vPortEnterCritical)
    i.vPortExitCritical                      0x08006648   Section        0  port.o(i.vPortExitCritical)
    i.vPortFree                              0x08006670   Section        0  heap_4.o(i.vPortFree)
    i.vPortSetupTimerInterrupt               0x080066cc   Section        0  port.o(i.vPortSetupTimerInterrupt)
    i.vPortValidateInterruptPriority         0x080066f0   Section        0  port.o(i.vPortValidateInterruptPriority)
    i.vQueueAddToRegistry                    0x08006744   Section        0  queue.o(i.vQueueAddToRegistry)
    i.vQueueWaitForMessageRestricted         0x0800676c   Section        0  queue.o(i.vQueueWaitForMessageRestricted)
    i.vTaskDelay                             0x080067b0   Section        0  tasks.o(i.vTaskDelay)
    i.vTaskInternalSetTimeOutState           0x080067fc   Section        0  tasks.o(i.vTaskInternalSetTimeOutState)
    i.vTaskMissedYield                       0x0800680c   Section        0  tasks.o(i.vTaskMissedYield)
    i.vTaskPlaceOnEventList                  0x08006818   Section        0  tasks.o(i.vTaskPlaceOnEventList)
    i.vTaskPlaceOnEventListRestricted        0x08006848   Section        0  tasks.o(i.vTaskPlaceOnEventListRestricted)
    i.vTaskStartScheduler                    0x08006880   Section        0  tasks.o(i.vTaskStartScheduler)
    i.vTaskSuspendAll                        0x08006908   Section        0  tasks.o(i.vTaskSuspendAll)
    i.vTaskSwitchContext                     0x08006918   Section        0  tasks.o(i.vTaskSwitchContext)
    i.xPortStartScheduler                    0x0800697c   Section        0  port.o(i.xPortStartScheduler)
    i.xQueueGenericCreateStatic              0x08006a70   Section        0  queue.o(i.xQueueGenericCreateStatic)
    i.xQueueGenericReset                     0x08006ad8   Section        0  queue.o(i.xQueueGenericReset)
    i.xQueueGenericSend                      0x08006b60   Section        0  queue.o(i.xQueueGenericSend)
    i.xQueueGenericSendFromISR               0x08006cc0   Section        0  queue.o(i.xQueueGenericSendFromISR)
    i.xQueueReceive                          0x08006d7c   Section        0  queue.o(i.xQueueReceive)
    i.xTaskCheckForTimeOut                   0x08006eb4   Section        0  tasks.o(i.xTaskCheckForTimeOut)
    i.xTaskCreate                            0x08006f28   Section        0  tasks.o(i.xTaskCreate)
    i.xTaskCreateStatic                      0x08006f82   Section        0  tasks.o(i.xTaskCreateStatic)
    i.xTaskGetSchedulerState                 0x08006fd8   Section        0  tasks.o(i.xTaskGetSchedulerState)
    i.xTaskGetTickCount                      0x08006ff4   Section        0  tasks.o(i.xTaskGetTickCount)
    i.xTaskIncrementTick                     0x08007000   Section        0  tasks.o(i.xTaskIncrementTick)
    i.xTaskPriorityDisinherit                0x080070c8   Section        0  tasks.o(i.xTaskPriorityDisinherit)
    i.xTaskRemoveFromEventList               0x08007148   Section        0  tasks.o(i.xTaskRemoveFromEventList)
    i.xTaskResumeAll                         0x080071b8   Section        0  tasks.o(i.xTaskResumeAll)
    i.xTimerCreateTimerTask                  0x0800727c   Section        0  timers.o(i.xTimerCreateTimerTask)
    i.xTimerGenericCommand                   0x080072dc   Section        0  timers.o(i.xTimerGenericCommand)
    .constdata                               0x08007344   Section       80  lcd_i2c.o(.constdata)
    Cursor_Data                              0x08007344   Data          80  lcd_i2c.o(.constdata)
    .constdata                               0x08007394   Section      216  main.o(.constdata)
    .constdata                               0x0800746c   Section       16  system_stm32f4xx.o(.constdata)
    .constdata                               0x0800747c   Section        8  system_stm32f4xx.o(.constdata)
    .constdata                               0x08007488   Section      136  pow.o(.constdata)
    bp                                       0x08007488   Data          16  pow.o(.constdata)
    dp_h                                     0x08007498   Data          16  pow.o(.constdata)
    dp_l                                     0x080074a8   Data          16  pow.o(.constdata)
    L                                        0x080074b8   Data          48  pow.o(.constdata)
    P                                        0x080074e8   Data          40  pow.o(.constdata)
    .constdata                               0x08007510   Section       56  log.o(.constdata)
    Lg2                                      0x08007510   Data          24  log.o(.constdata)
    Lg                                       0x08007528   Data          32  log.o(.constdata)
    .constdata                               0x08007548   Section        8  qnan.o(.constdata)
    .conststring                             0x08007550   Section       72  main.o(.conststring)
    .data                                    0x20000000   Section        5  dht11.o(.data)
    .data                                    0x20000005   Section       20  lcd_i2c.o(.data)
    Mask_Data                                0x20000006   Data           1  lcd_i2c.o(.data)
    line_pos                                 0x20000007   Data           1  lcd_i2c.o(.data)
    str_len                                  0x20000008   Data           1  lcd_i2c.o(.data)
    ch_len                                   0x20000009   Data           1  lcd_i2c.o(.data)
    data_M                                   0x2000000a   Data           1  lcd_i2c.o(.data)
    data_L                                   0x2000000b   Data           1  lcd_i2c.o(.data)
    data_BL                                  0x2000000c   Data           1  lcd_i2c.o(.data)
    i                                        0x2000000d   Data           4  lcd_i2c.o(.data)
    c                                        0x20000011   Data           4  lcd_i2c.o(.data)
    data                                     0x20000015   Data           4  lcd_i2c.o(.data)
    .data                                    0x2000001c   Section       98  main.o(.data)
    .data                                    0x20000080   Section       12  stm32f4xx_hal.o(.data)
    .data                                    0x2000008c   Section        4  system_stm32f4xx.o(.data)
    .data                                    0x20000090   Section       60  tasks.o(.data)
    pxDelayedTaskList                        0x20000094   Data           4  tasks.o(.data)
    pxOverflowDelayedTaskList                0x20000098   Data           4  tasks.o(.data)
    uxDeletedTasksWaitingCleanUp             0x2000009c   Data           4  tasks.o(.data)
    uxCurrentNumberOfTasks                   0x200000a0   Data           4  tasks.o(.data)
    xTickCount                               0x200000a4   Data           4  tasks.o(.data)
    uxTopReadyPriority                       0x200000a8   Data           4  tasks.o(.data)
    xSchedulerRunning                        0x200000ac   Data           4  tasks.o(.data)
    uxPendedTicks                            0x200000b0   Data           4  tasks.o(.data)
    xYieldPending                            0x200000b4   Data           4  tasks.o(.data)
    xNumOfOverflows                          0x200000b8   Data           4  tasks.o(.data)
    uxTaskNumber                             0x200000bc   Data           4  tasks.o(.data)
    xNextTaskUnblockTime                     0x200000c0   Data           4  tasks.o(.data)
    xIdleTaskHandle                          0x200000c4   Data           4  tasks.o(.data)
    uxSchedulerSuspended                     0x200000c8   Data           4  tasks.o(.data)
    .data                                    0x200000cc   Section       20  timers.o(.data)
    pxCurrentTimerList                       0x200000cc   Data           4  timers.o(.data)
    pxOverflowTimerList                      0x200000d0   Data           4  timers.o(.data)
    xTimerQueue                              0x200000d4   Data           4  timers.o(.data)
    xTimerTaskHandle                         0x200000d8   Data           4  timers.o(.data)
    xLastTime                                0x200000dc   Data           4  timers.o(.data)
    .data                                    0x200000e0   Section        4  cmsis_os2.o(.data)
    KernelState                              0x200000e0   Data           4  cmsis_os2.o(.data)
    .data                                    0x200000e4   Section       24  heap_4.o(.data)
    pxEnd                                    0x200000e4   Data           4  heap_4.o(.data)
    xFreeBytesRemaining                      0x200000e8   Data           4  heap_4.o(.data)
    xMinimumEverFreeBytesRemaining           0x200000ec   Data           4  heap_4.o(.data)
    xBlockAllocatedBit                       0x200000f0   Data           4  heap_4.o(.data)
    xStart                                   0x200000f4   Data           8  heap_4.o(.data)
    .data                                    0x200000fc   Section       12  port.o(.data)
    ucMaxSysCallPriority                     0x200000fc   Data           1  port.o(.data)
    uxCriticalNesting                        0x20000100   Data           4  port.o(.data)
    ulMaxPRIGROUPValue                       0x20000104   Data           4  port.o(.data)
    .data                                    0x20000108   Section        4  errno.o(.data)
    _errno                                   0x20000108   Data           4  errno.o(.data)
    .bss                                     0x2000010c   Section      484  lcd_i2c.o(.bss)
    buffer                                   0x2000010c   Data         400  lcd_i2c.o(.bss)
    .bss                                     0x200002f0   Section      620  main.o(.bss)
    .bss                                     0x2000055c   Section       64  stm32f4xx_hal_timebase_tim.o(.bss)
    .bss                                     0x2000059c   Section       64  queue.o(.bss)
    .bss                                     0x200005dc   Section     1220  tasks.o(.bss)
    pxReadyTasksLists                        0x200005dc   Data        1120  tasks.o(.bss)
    xDelayedTaskList1                        0x20000a3c   Data          20  tasks.o(.bss)
    xDelayedTaskList2                        0x20000a50   Data          20  tasks.o(.bss)
    xPendingReadyList                        0x20000a64   Data          20  tasks.o(.bss)
    xTasksWaitingTermination                 0x20000a78   Data          20  tasks.o(.bss)
    xSuspendedTaskList                       0x20000a8c   Data          20  tasks.o(.bss)
    .bss                                     0x20000aa0   Section      280  timers.o(.bss)
    xActiveTimerList1                        0x20000aa0   Data          20  timers.o(.bss)
    xActiveTimerList2                        0x20000ab4   Data          20  timers.o(.bss)
    xStaticTimerQueue                        0x20000ac8   Data          80  timers.o(.bss)
    ucStaticTimerQueueStorage                0x20000b18   Data         160  timers.o(.bss)
    .bss                                     0x20000bb8   Section     1720  cmsis_os2.o(.bss)
    Idle_TCB                                 0x20000bb8   Data          92  cmsis_os2.o(.bss)
    Idle_Stack                               0x20000c14   Data         512  cmsis_os2.o(.bss)
    Timer_TCB                                0x20000e14   Data          92  cmsis_os2.o(.bss)
    Timer_Stack                              0x20000e70   Data        1024  cmsis_os2.o(.bss)
    .bss                                     0x20001270   Section    15360  heap_4.o(.bss)
    ucHeap                                   0x20001270   Data       15360  heap_4.o(.bss)
    STACK                                    0x20004e70   Section     1024  startup_stm32f407xx.o(STACK)

    Global Symbols

    Symbol Name                              Value     Ov Type        Size  Object(Section)

    BuildAttributes$$THM_ISAv4$E$P$D$K$B$S$7EM$VFPi3$EXTD16$VFPS$VFMA$PE$A:L22UL41UL21$X:L11$S22US41US21$IEEE1$IW$USESV6$~STKCKD$USESV7$~SHL$OTIME$ROPI$IEEEX$EBA8$MICROLIB$REQ8$PRES8$EABIv2 0x00000000   Number         0  anon$$obj.o ABSOLUTE
    __ARM_use_no_argv                        0x00000000   Number         0  main.o ABSOLUTE
    _printf_a                                0x00000000   Number         0  stubs.o ABSOLUTE
    _printf_c                                0x00000000   Number         0  stubs.o ABSOLUTE
    _printf_charcount                        0x00000000   Number         0  stubs.o ABSOLUTE
    _printf_d                                0x00000000   Number         0  stubs.o ABSOLUTE
    _printf_e                                0x00000000   Number         0  stubs.o ABSOLUTE
    _printf_f                                0x00000000   Number         0  stubs.o ABSOLUTE
    _printf_flags                            0x00000000   Number         0  stubs.o ABSOLUTE
    _printf_fp_dec                           0x00000000   Number         0  stubs.o ABSOLUTE
    _printf_fp_hex                           0x00000000   Number         0  stubs.o ABSOLUTE
    _printf_g                                0x00000000   Number         0  stubs.o ABSOLUTE
    _printf_i                                0x00000000   Number         0  stubs.o ABSOLUTE
    _printf_int_dec                          0x00000000   Number         0  stubs.o ABSOLUTE
    _printf_l                                0x00000000   Number         0  stubs.o ABSOLUTE
    _printf_lc                               0x00000000   Number         0  stubs.o ABSOLUTE
    _printf_ll                               0x00000000   Number         0  stubs.o ABSOLUTE
    _printf_lld                              0x00000000   Number         0  stubs.o ABSOLUTE
    _printf_lli                              0x00000000   Number         0  stubs.o ABSOLUTE
    _printf_llo                              0x00000000   Number         0  stubs.o ABSOLUTE
    _printf_llu                              0x00000000   Number         0  stubs.o ABSOLUTE
    _printf_llx                              0x00000000   Number         0  stubs.o ABSOLUTE
    _printf_longlong_dec                     0x00000000   Number         0  stubs.o ABSOLUTE
    _printf_longlong_hex                     0x00000000   Number         0  stubs.o ABSOLUTE
    _printf_longlong_oct                     0x00000000   Number         0  stubs.o ABSOLUTE
    _printf_ls                               0x00000000   Number         0  stubs.o ABSOLUTE
    _printf_mbtowc                           0x00000000   Number         0  stubs.o ABSOLUTE
    _printf_n                                0x00000000   Number         0  stubs.o ABSOLUTE
    _printf_o                                0x00000000   Number         0  stubs.o ABSOLUTE
    _printf_p                                0x00000000   Number         0  stubs.o ABSOLUTE
    _printf_percent                          0x00000000   Number         0  stubs.o ABSOLUTE
    _printf_pre_padding                      0x00000000   Number         0  stubs.o ABSOLUTE
    _printf_return_value                     0x00000000   Number         0  stubs.o ABSOLUTE
    _printf_s                                0x00000000   Number         0  stubs.o ABSOLUTE
    _printf_sizespec                         0x00000000   Number         0  stubs.o ABSOLUTE
    _printf_str                              0x00000000   Number         0  stubs.o ABSOLUTE
    _printf_truncate_signed                  0x00000000   Number         0  stubs.o ABSOLUTE
    _printf_truncate_unsigned                0x00000000   Number         0  stubs.o ABSOLUTE
    _printf_u                                0x00000000   Number         0  stubs.o ABSOLUTE
    _printf_wc                               0x00000000   Number         0  stubs.o ABSOLUTE
    _printf_wctomb                           0x00000000   Number         0  stubs.o ABSOLUTE
    _printf_widthprec                        0x00000000   Number         0  stubs.o ABSOLUTE
    _printf_x                                0x00000000   Number         0  stubs.o ABSOLUTE
    __cpp_initialize__aeabi_                  - Undefined Weak Reference
    __cxa_finalize                            - Undefined Weak Reference
    __decompress                              - Undefined Weak Reference
    _clock_init                               - Undefined Weak Reference
    _microlib_exit                            - Undefined Weak Reference
    __Vectors_Size                           0x00000188   Number         0  startup_stm32f407xx.o ABSOLUTE
    __Vectors                                0x08000000   Data           4  startup_stm32f407xx.o(RESET)
    __Vectors_End                            0x08000188   Data           0  startup_stm32f407xx.o(RESET)
    __main                                   0x08000189   Thumb Code     0  entry.o(.ARM.Collect$$$$00000000)
    _main_stk                                0x08000189   Thumb Code     0  entry2.o(.ARM.Collect$$$$00000001)
    _main_scatterload                        0x0800018d   Thumb Code     0  entry5.o(.ARM.Collect$$$$00000004)
    __main_after_scatterload                 0x08000191   Thumb Code     0  entry5.o(.ARM.Collect$$$$00000004)
    _main_clock                              0x08000191   Thumb Code     0  entry7b.o(.ARM.Collect$$$$00000008)
    _main_cpp_init                           0x08000191   Thumb Code     0  entry8b.o(.ARM.Collect$$$$0000000A)
    _main_init                               0x08000191   Thumb Code     0  entry9a.o(.ARM.Collect$$$$0000000B)
    __rt_final_cpp                           0x08000199   Thumb Code     0  entry10a.o(.ARM.Collect$$$$0000000D)
    __rt_final_exit                          0x08000199   Thumb Code     0  entry11a.o(.ARM.Collect$$$$0000000F)
    SVC_Handler                              0x0800019d   Thumb Code    28  port.o(.emb_text)
    __asm___6_port_c_39a90d8d__prvStartFirstTask 0x080001bd   Thumb Code    36  port.o(.emb_text)
    __asm___6_port_c_39a90d8d__prvEnableVFP  0x080001e5   Thumb Code    16  port.o(.emb_text)
    PendSV_Handler                           0x080001f9   Thumb Code    88  port.o(.emb_text)
    vPortGetIPSR                             0x08000255   Thumb Code     6  port.o(.emb_text)
    Reset_Handler                            0x0800025d   Thumb Code     8  startup_stm32f407xx.o(.text)
    ADC_IRQHandler                           0x08000277   Thumb Code     0  startup_stm32f407xx.o(.text)
    CAN1_RX0_IRQHandler                      0x08000277   Thumb Code     0  startup_stm32f407xx.o(.text)
    CAN1_RX1_IRQHandler                      0x08000277   Thumb Code     0  startup_stm32f407xx.o(.text)
    CAN1_SCE_IRQHandler                      0x08000277   Thumb Code     0  startup_stm32f407xx.o(.text)
    CAN1_TX_IRQHandler                       0x08000277   Thumb Code     0  startup_stm32f407xx.o(.text)
    CAN2_RX0_IRQHandler                      0x08000277   Thumb Code     0  startup_stm32f407xx.o(.text)
    CAN2_RX1_IRQHandler                      0x08000277   Thumb Code     0  startup_stm32f407xx.o(.text)
    CAN2_SCE_IRQHandler                      0x08000277   Thumb Code     0  startup_stm32f407xx.o(.text)
    CAN2_TX_IRQHandler                       0x08000277   Thumb Code     0  startup_stm32f407xx.o(.text)
    DCMI_IRQHandler                          0x08000277   Thumb Code     0  startup_stm32f407xx.o(.text)
    DMA1_Stream0_IRQHandler                  0x08000277   Thumb Code     0  startup_stm32f407xx.o(.text)
    DMA1_Stream1_IRQHandler                  0x08000277   Thumb Code     0  startup_stm32f407xx.o(.text)
    DMA1_Stream2_IRQHandler                  0x08000277   Thumb Code     0  startup_stm32f407xx.o(.text)
    DMA1_Stream3_IRQHandler                  0x08000277   Thumb Code     0  startup_stm32f407xx.o(.text)
    DMA1_Stream4_IRQHandler                  0x08000277   Thumb Code     0  startup_stm32f407xx.o(.text)
    DMA1_Stream5_IRQHandler                  0x08000277   Thumb Code     0  startup_stm32f407xx.o(.text)
    DMA1_Stream6_IRQHandler                  0x08000277   Thumb Code     0  startup_stm32f407xx.o(.text)
    DMA1_Stream7_IRQHandler                  0x08000277   Thumb Code     0  startup_stm32f407xx.o(.text)
    DMA2_Stream0_IRQHandler                  0x08000277   Thumb Code     0  startup_stm32f407xx.o(.text)
    DMA2_Stream1_IRQHandler                  0x08000277   Thumb Code     0  startup_stm32f407xx.o(.text)
    DMA2_Stream2_IRQHandler                  0x08000277   Thumb Code     0  startup_stm32f407xx.o(.text)
    DMA2_Stream3_IRQHandler                  0x08000277   Thumb Code     0  startup_stm32f407xx.o(.text)
    DMA2_Stream4_IRQHandler                  0x08000277   Thumb Code     0  startup_stm32f407xx.o(.text)
    DMA2_Stream5_IRQHandler                  0x08000277   Thumb Code     0  startup_stm32f407xx.o(.text)
    DMA2_Stream6_IRQHandler                  0x08000277   Thumb Code     0  startup_stm32f407xx.o(.text)
    DMA2_Stream7_IRQHandler                  0x08000277   Thumb Code     0  startup_stm32f407xx.o(.text)
    ETH_IRQHandler                           0x08000277   Thumb Code     0  startup_stm32f407xx.o(.text)
    ETH_WKUP_IRQHandler                      0x08000277   Thumb Code     0  startup_stm32f407xx.o(.text)
    EXTI0_IRQHandler                         0x08000277   Thumb Code     0  startup_stm32f407xx.o(.text)
    EXTI15_10_IRQHandler                     0x08000277   Thumb Code     0  startup_stm32f407xx.o(.text)
    EXTI1_IRQHandler                         0x08000277   Thumb Code     0  startup_stm32f407xx.o(.text)
    EXTI2_IRQHandler                         0x08000277   Thumb Code     0  startup_stm32f407xx.o(.text)
    EXTI3_IRQHandler                         0x08000277   Thumb Code     0  startup_stm32f407xx.o(.text)
    EXTI4_IRQHandler                         0x08000277   Thumb Code     0  startup_stm32f407xx.o(.text)
    EXTI9_5_IRQHandler                       0x08000277   Thumb Code     0  startup_stm32f407xx.o(.text)
    FLASH_IRQHandler                         0x08000277   Thumb Code     0  startup_stm32f407xx.o(.text)
    FMC_IRQHandler                           0x08000277   Thumb Code     0  startup_stm32f407xx.o(.text)
    FPU_IRQHandler                           0x08000277   Thumb Code     0  startup_stm32f407xx.o(.text)
    HASH_RNG_IRQHandler                      0x08000277   Thumb Code     0  startup_stm32f407xx.o(.text)
    I2C1_ER_IRQHandler                       0x08000277   Thumb Code     0  startup_stm32f407xx.o(.text)
    I2C1_EV_IRQHandler                       0x08000277   Thumb Code     0  startup_stm32f407xx.o(.text)
    I2C2_ER_IRQHandler                       0x08000277   Thumb Code     0  startup_stm32f407xx.o(.text)
    I2C2_EV_IRQHandler                       0x08000277   Thumb Code     0  startup_stm32f407xx.o(.text)
    I2C3_ER_IRQHandler                       0x08000277   Thumb Code     0  startup_stm32f407xx.o(.text)
    I2C3_EV_IRQHandler                       0x08000277   Thumb Code     0  startup_stm32f407xx.o(.text)
    OTG_FS_IRQHandler                        0x08000277   Thumb Code     0  startup_stm32f407xx.o(.text)
    OTG_FS_WKUP_IRQHandler                   0x08000277   Thumb Code     0  startup_stm32f407xx.o(.text)
    OTG_HS_EP1_IN_IRQHandler                 0x08000277   Thumb Code     0  startup_stm32f407xx.o(.text)
    OTG_HS_EP1_OUT_IRQHandler                0x08000277   Thumb Code     0  startup_stm32f407xx.o(.text)
    OTG_HS_IRQHandler                        0x08000277   Thumb Code     0  startup_stm32f407xx.o(.text)
    OTG_HS_WKUP_IRQHandler                   0x08000277   Thumb Code     0  startup_stm32f407xx.o(.text)
    PVD_IRQHandler                           0x08000277   Thumb Code     0  startup_stm32f407xx.o(.text)
    RCC_IRQHandler                           0x08000277   Thumb Code     0  startup_stm32f407xx.o(.text)
    RTC_Alarm_IRQHandler                     0x08000277   Thumb Code     0  startup_stm32f407xx.o(.text)
    RTC_WKUP_IRQHandler                      0x08000277   Thumb Code     0  startup_stm32f407xx.o(.text)
    SDIO_IRQHandler                          0x08000277   Thumb Code     0  startup_stm32f407xx.o(.text)
    SPI1_IRQHandler                          0x08000277   Thumb Code     0  startup_stm32f407xx.o(.text)
    SPI2_IRQHandler                          0x08000277   Thumb Code     0  startup_stm32f407xx.o(.text)
    SPI3_IRQHandler                          0x08000277   Thumb Code     0  startup_stm32f407xx.o(.text)
    TAMP_STAMP_IRQHandler                    0x08000277   Thumb Code     0  startup_stm32f407xx.o(.text)
    TIM1_BRK_TIM9_IRQHandler                 0x08000277   Thumb Code     0  startup_stm32f407xx.o(.text)
    TIM1_CC_IRQHandler                       0x08000277   Thumb Code     0  startup_stm32f407xx.o(.text)
    TIM1_TRG_COM_TIM11_IRQHandler            0x08000277   Thumb Code     0  startup_stm32f407xx.o(.text)
    TIM2_IRQHandler                          0x08000277   Thumb Code     0  startup_stm32f407xx.o(.text)
    TIM3_IRQHandler                          0x08000277   Thumb Code     0  startup_stm32f407xx.o(.text)
    TIM4_IRQHandler                          0x08000277   Thumb Code     0  startup_stm32f407xx.o(.text)
    TIM5_IRQHandler                          0x08000277   Thumb Code     0  startup_stm32f407xx.o(.text)
    TIM6_DAC_IRQHandler                      0x08000277   Thumb Code     0  startup_stm32f407xx.o(.text)
    TIM7_IRQHandler                          0x08000277   Thumb Code     0  startup_stm32f407xx.o(.text)
    TIM8_BRK_TIM12_IRQHandler                0x08000277   Thumb Code     0  startup_stm32f407xx.o(.text)
    TIM8_CC_IRQHandler                       0x08000277   Thumb Code     0  startup_stm32f407xx.o(.text)
    TIM8_TRG_COM_TIM14_IRQHandler            0x08000277   Thumb Code     0  startup_stm32f407xx.o(.text)
    TIM8_UP_TIM13_IRQHandler                 0x08000277   Thumb Code     0  startup_stm32f407xx.o(.text)
    UART4_IRQHandler                         0x08000277   Thumb Code     0  startup_stm32f407xx.o(.text)
    UART5_IRQHandler                         0x08000277   Thumb Code     0  startup_stm32f407xx.o(.text)
    USART2_IRQHandler                        0x08000277   Thumb Code     0  startup_stm32f407xx.o(.text)
    USART3_IRQHandler                        0x08000277   Thumb Code     0  startup_stm32f407xx.o(.text)
    WWDG_IRQHandler                          0x08000277   Thumb Code     0  startup_stm32f407xx.o(.text)
    __aeabi_uldivmod                         0x08000281   Thumb Code    98  uldiv.o(.text)
    __aeabi_memcpy                           0x080002e3   Thumb Code    36  memcpya.o(.text)
    __aeabi_memcpy4                          0x080002e3   Thumb Code     0  memcpya.o(.text)
    __aeabi_memcpy8                          0x080002e3   Thumb Code     0  memcpya.o(.text)
    __aeabi_memset                           0x08000307   Thumb Code    14  memseta.o(.text)
    __aeabi_memset4                          0x08000307   Thumb Code     0  memseta.o(.text)
    __aeabi_memset8                          0x08000307   Thumb Code     0  memseta.o(.text)
    __aeabi_memclr                           0x08000315   Thumb Code     4  memseta.o(.text)
    __aeabi_memclr4                          0x08000315   Thumb Code     0  memseta.o(.text)
    __aeabi_memclr8                          0x08000315   Thumb Code     0  memseta.o(.text)
    memset                                   0x08000319   Thumb Code    18  memseta.o(.text)
    strlen                                   0x0800032b   Thumb Code    14  strlen.o(.text)
    strcpy                                   0x08000339   Thumb Code    18  strcpy.o(.text)
    strncmp                                  0x0800034b   Thumb Code    30  strncmp.o(.text)
    __aeabi_dadd                             0x08000369   Thumb Code   322  dadd.o(.text)
    __aeabi_dsub                             0x080004ab   Thumb Code     6  dadd.o(.text)
    __aeabi_drsub                            0x080004b1   Thumb Code     6  dadd.o(.text)
    __aeabi_dmul                             0x080004b7   Thumb Code   228  dmul.o(.text)
    __aeabi_ddiv                             0x0800059b   Thumb Code   222  ddiv.o(.text)
    __aeabi_i2d                              0x08000679   Thumb Code    34  dflti.o(.text)
    __aeabi_f2d                              0x0800069b   Thumb Code    38  f2d.o(.text)
    __aeabi_d2f                              0x080006c1   Thumb Code    56  d2f.o(.text)
    __aeabi_uidiv                            0x080006f9   Thumb Code     0  uidiv.o(.text)
    __aeabi_uidivmod                         0x080006f9   Thumb Code    44  uidiv.o(.text)
    __aeabi_llsl                             0x08000725   Thumb Code    30  llshl.o(.text)
    _ll_shift_l                              0x08000725   Thumb Code     0  llshl.o(.text)
    __aeabi_llsr                             0x08000743   Thumb Code    32  llushr.o(.text)
    _ll_ushift_r                             0x08000743   Thumb Code     0  llushr.o(.text)
    __aeabi_lasr                             0x08000763   Thumb Code    36  llsshr.o(.text)
    _ll_sshift_r                             0x08000763   Thumb Code     0  llsshr.o(.text)
    __I$use$fp                               0x08000787   Thumb Code     0  iusefp.o(.text)
    _float_round                             0x08000787   Thumb Code    18  fepilogue.o(.text)
    _float_epilogue                          0x08000799   Thumb Code    92  fepilogue.o(.text)
    _double_round                            0x080007f5   Thumb Code    30  depilogue.o(.text)
    _double_epilogue                         0x08000813   Thumb Code   156  depilogue.o(.text)
    __ARM_scalbn                             0x080008af   Thumb Code    46  dscalb.o(.text)
    scalbn                                   0x080008af   Thumb Code     0  dscalb.o(.text)
    __aeabi_d2ulz                            0x080008dd   Thumb Code    48  dfixul.o(.text)
    __aeabi_cdrcmple                         0x0800090d   Thumb Code    48  cdrcmple.o(.text)
    __scatterload                            0x0800093d   Thumb Code    28  init.o(.text)
    __scatterload_rt2                        0x0800093d   Thumb Code     0  init.o(.text)
    _dsqrt                                   0x08000961   Thumb Code   162  dsqrt.o(.text)
    __aeabi_cdcmpeq                          0x08000a05   Thumb Code     0  cdcmple.o(.text)
    __aeabi_cdcmple                          0x08000a05   Thumb Code    48  cdcmple.o(.text)
    BusFault_Handler                         0x08000b5d   Thumb Code     2  stm32f4xx_it.o(i.BusFault_Handler)
    DHT11_Init                               0x08000b61   Thumb Code    28  dht11.o(i.DHT11_Init)
    DebugMon_Handler                         0x08000b81   Thumb Code     2  stm32f4xx_it.o(i.DebugMon_Handler)
    HAL_ADC_ConfigChannel                    0x08000bbd   Thumb Code   316  stm32f4xx_hal_adc.o(i.HAL_ADC_ConfigChannel)
    HAL_ADC_GetValue                         0x08000d09   Thumb Code     6  stm32f4xx_hal_adc.o(i.HAL_ADC_GetValue)
    HAL_ADC_Init                             0x08000d0f   Thumb Code    84  stm32f4xx_hal_adc.o(i.HAL_ADC_Init)
    HAL_ADC_MspInit                          0x08000d65   Thumb Code   126  stm32f4xx_hal_msp.o(i.HAL_ADC_MspInit)
    HAL_ADC_Start                            0x08000df5   Thumb Code   210  stm32f4xx_hal_adc.o(i.HAL_ADC_Start)
    HAL_ADC_Stop                             0x08000ee1   Thumb Code    60  stm32f4xx_hal_adc.o(i.HAL_ADC_Stop)
    HAL_DMA_Abort_IT                         0x08000f1d   Thumb Code    36  stm32f4xx_hal_dma.o(i.HAL_DMA_Abort_IT)
    HAL_Delay                                0x08000f41   Thumb Code    32  stm32f4xx_hal.o(i.HAL_Delay)
    HAL_GPIO_Init                            0x08000f65   Thumb Code   394  stm32f4xx_hal_gpio.o(i.HAL_GPIO_Init)
    HAL_GPIO_ReadPin                         0x0800111d   Thumb Code    10  stm32f4xx_hal_gpio.o(i.HAL_GPIO_ReadPin)
    HAL_GPIO_WritePin                        0x08001127   Thumb Code    10  stm32f4xx_hal_gpio.o(i.HAL_GPIO_WritePin)
    HAL_GetTick                              0x08001131   Thumb Code     6  stm32f4xx_hal.o(i.HAL_GetTick)
    HAL_I2C_Init                             0x0800113d   Thumb Code   376  stm32f4xx_hal_i2c.o(i.HAL_I2C_Init)
    HAL_I2C_IsDeviceReady                    0x080012c5   Thumb Code   354  stm32f4xx_hal_i2c.o(i.HAL_I2C_IsDeviceReady)
    HAL_I2C_Master_Transmit                  0x08001431   Thumb Code   290  stm32f4xx_hal_i2c.o(i.HAL_I2C_Master_Transmit)
    HAL_I2C_MspInit                          0x0800155d   Thumb Code    94  stm32f4xx_hal_msp.o(i.HAL_I2C_MspInit)
    HAL_IWDG_Init                            0x080015c9   Thumb Code    82  stm32f4xx_hal_iwdg.o(i.HAL_IWDG_Init)
    HAL_IWDG_Refresh                         0x0800161b   Thumb Code    12  stm32f4xx_hal_iwdg.o(i.HAL_IWDG_Refresh)
    HAL_IncTick                              0x08001629   Thumb Code    12  stm32f4xx_hal.o(i.HAL_IncTick)
    HAL_Init                                 0x08001639   Thumb Code    48  stm32f4xx_hal.o(i.HAL_Init)
    HAL_InitTick                             0x0800166d   Thumb Code   100  stm32f4xx_hal_timebase_tim.o(i.HAL_InitTick)
    HAL_MspInit                              0x080016e1   Thumb Code    52  stm32f4xx_hal_msp.o(i.HAL_MspInit)
    HAL_NVIC_EnableIRQ                       0x08001719   Thumb Code    26  stm32f4xx_hal_cortex.o(i.HAL_NVIC_EnableIRQ)
    HAL_NVIC_SetPriority                     0x08001735   Thumb Code    60  stm32f4xx_hal_cortex.o(i.HAL_NVIC_SetPriority)
    HAL_NVIC_SetPriorityGrouping             0x08001775   Thumb Code    26  stm32f4xx_hal_cortex.o(i.HAL_NVIC_SetPriorityGrouping)
    HAL_RCC_ClockConfig                      0x08001799   Thumb Code   288  stm32f4xx_hal_rcc.o(i.HAL_RCC_ClockConfig)
    HAL_RCC_GetClockConfig                   0x080018cd   Thumb Code    54  stm32f4xx_hal_rcc.o(i.HAL_RCC_GetClockConfig)
    HAL_RCC_GetPCLK1Freq                     0x0800190d   Thumb Code    20  stm32f4xx_hal_rcc.o(i.HAL_RCC_GetPCLK1Freq)
    HAL_RCC_GetPCLK2Freq                     0x0800192d   Thumb Code    20  stm32f4xx_hal_rcc.o(i.HAL_RCC_GetPCLK2Freq)
    HAL_RCC_GetSysClockFreq                  0x0800194d   Thumb Code    88  stm32f4xx_hal_rcc.o(i.HAL_RCC_GetSysClockFreq)
    HAL_RCC_OscConfig                        0x080019b1   Thumb Code   840  stm32f4xx_hal_rcc.o(i.HAL_RCC_OscConfig)
    HAL_TIMEx_BreakCallback                  0x08001d0d   Thumb Code     2  stm32f4xx_hal_tim_ex.o(i.HAL_TIMEx_BreakCallback)
    HAL_TIMEx_CommutCallback                 0x08001d0f   Thumb Code     2  stm32f4xx_hal_tim_ex.o(i.HAL_TIMEx_CommutCallback)
    HAL_TIMEx_ConfigBreakDeadTime            0x08001d11   Thumb Code    84  stm32f4xx_hal_tim_ex.o(i.HAL_TIMEx_ConfigBreakDeadTime)
    HAL_TIMEx_MasterConfigSynchronization    0x08001d65   Thumb Code   116  stm32f4xx_hal_tim_ex.o(i.HAL_TIMEx_MasterConfigSynchronization)
    HAL_TIM_Base_Init                        0x08001df5   Thumb Code    54  stm32f4xx_hal_tim.o(i.HAL_TIM_Base_Init)
    HAL_TIM_Base_MspInit                     0x08001e2b   Thumb Code     2  stm32f4xx_hal_tim.o(i.HAL_TIM_Base_MspInit)
    HAL_TIM_Base_Start_IT                    0x08001e2d   Thumb Code    34  stm32f4xx_hal_tim.o(i.HAL_TIM_Base_Start_IT)
    HAL_TIM_IC_CaptureCallback               0x08001e4f   Thumb Code     2  stm32f4xx_hal_tim.o(i.HAL_TIM_IC_CaptureCallback)
    HAL_TIM_IRQHandler                       0x08001e51   Thumb Code   358  stm32f4xx_hal_tim.o(i.HAL_TIM_IRQHandler)
    HAL_TIM_MspPostInit                      0x08001fb9   Thumb Code   144  stm32f4xx_hal_msp.o(i.HAL_TIM_MspPostInit)
    HAL_TIM_OC_DelayElapsedCallback          0x08002061   Thumb Code     2  stm32f4xx_hal_tim.o(i.HAL_TIM_OC_DelayElapsedCallback)
    HAL_TIM_PWM_ConfigChannel                0x08002063   Thumb Code   208  stm32f4xx_hal_tim.o(i.HAL_TIM_PWM_ConfigChannel)
    HAL_TIM_PWM_Init                         0x08002133   Thumb Code    54  stm32f4xx_hal_tim.o(i.HAL_TIM_PWM_Init)
    HAL_TIM_PWM_MspInit                      0x08002169   Thumb Code    98  stm32f4xx_hal_msp.o(i.HAL_TIM_PWM_MspInit)
    HAL_TIM_PWM_PulseFinishedCallback        0x080021dd   Thumb Code     2  stm32f4xx_hal_tim.o(i.HAL_TIM_PWM_PulseFinishedCallback)
    HAL_TIM_PWM_Start                        0x080021e1   Thumb Code    58  stm32f4xx_hal_tim.o(i.HAL_TIM_PWM_Start)
    HAL_TIM_PeriodElapsedCallback            0x08002225   Thumb Code    14  main.o(i.HAL_TIM_PeriodElapsedCallback)
    HAL_TIM_TriggerCallback                  0x08002239   Thumb Code     2  stm32f4xx_hal_tim.o(i.HAL_TIM_TriggerCallback)
    HAL_UART_ErrorCallback                   0x0800223b   Thumb Code     2  stm32f4xx_hal_uart.o(i.HAL_UART_ErrorCallback)
    HAL_UART_IRQHandler                      0x0800223d   Thumb Code   270  stm32f4xx_hal_uart.o(i.HAL_UART_IRQHandler)
    HAL_UART_Init                            0x08002351   Thumb Code    98  stm32f4xx_hal_uart.o(i.HAL_UART_Init)
    HAL_UART_MspInit                         0x080023b5   Thumb Code   180  stm32f4xx_hal_msp.o(i.HAL_UART_MspInit)
    HAL_UART_Receive_IT                      0x0800247d   Thumb Code    82  stm32f4xx_hal_uart.o(i.HAL_UART_Receive_IT)
    HAL_UART_RxCpltCallback                  0x080024d1   Thumb Code    68  main.o(i.HAL_UART_RxCpltCallback)
    HAL_UART_Transmit                        0x08002525   Thumb Code   186  stm32f4xx_hal_uart.o(i.HAL_UART_Transmit)
    HAL_UART_TxCpltCallback                  0x080025df   Thumb Code     2  stm32f4xx_hal_uart.o(i.HAL_UART_TxCpltCallback)
    HardFault_Handler                        0x080025e1   Thumb Code     2  stm32f4xx_it.o(i.HardFault_Handler)
    LCD_BackLight                            0x08002845   Thumb Code    20  lcd_i2c.o(i.LCD_BackLight)
    LCD_Clear                                0x0800285d   Thumb Code    26  lcd_i2c.o(i.LCD_Clear)
    LCD_Init                                 0x0800287d   Thumb Code    70  lcd_i2c.o(i.LCD_Init)
    LCD_Send_String                          0x080028c5   Thumb Code   198  lcd_i2c.o(i.LCD_Send_String)
    LCD_SetCursor                            0x08002995   Thumb Code    42  lcd_i2c.o(i.LCD_SetCursor)
    LCD_Set_Command                          0x080029c9   Thumb Code    68  lcd_i2c.o(i.LCD_Set_Command)
    LCD_Write_Data                           0x08002a15   Thumb Code    76  lcd_i2c.o(i.LCD_Write_Data)
    LCD_i2cDeviceCheck                       0x08002a69   Thumb Code    36  lcd_i2c.o(i.LCD_i2cDeviceCheck)
    MemManage_Handler                        0x08002df9   Thumb Code     2  stm32f4xx_it.o(i.MemManage_Handler)
    NMI_Handler                              0x08002dfb   Thumb Code     2  stm32f4xx_it.o(i.NMI_Handler)
    Read_TempAndHumidity                     0x08002e5d   Thumb Code   172  dht11.o(i.Read_TempAndHumidity)
    StartDefaultTask                         0x08002f0d   Thumb Code    18  main.o(i.StartDefaultTask)
    StartTask02Function                      0x08002f25   Thumb Code   196  main.o(i.StartTask02Function)
    StartTask03Function                      0x08003015   Thumb Code    38  main.o(i.StartTask03Function)
    StartTask04Function                      0x08003041   Thumb Code   166  main.o(i.StartTask04Function)
    StartTask05Function                      0x080030ed   Thumb Code     8  main.o(i.StartTask05Function)
    StartTask06Function                      0x080030f5   Thumb Code     8  main.o(i.StartTask06Function)
    SysTick_Handler                          0x080030fd   Thumb Code    38  port.o(i.SysTick_Handler)
    SystemClock_Config                       0x08003129   Thumb Code   128  main.o(i.SystemClock_Config)
    SystemInit                               0x080031b1   Thumb Code    22  system_stm32f4xx.o(i.SystemInit)
    TIM1_UP_TIM10_IRQHandler                 0x080031cd   Thumb Code    18  stm32f4xx_it.o(i.TIM1_UP_TIM10_IRQHandler)
    TIM_Base_SetConfig                       0x080031e9   Thumb Code   156  stm32f4xx_hal_tim.o(i.TIM_Base_SetConfig)
    TIM_CCxChannelCmd                        0x080032b1   Thumb Code    26  stm32f4xx_hal_tim.o(i.TIM_CCxChannelCmd)
    TIM_OC2_SetConfig                        0x0800332d   Thumb Code    98  stm32f4xx_hal_tim.o(i.TIM_OC2_SetConfig)
    USART1_IRQHandler                        0x08003705   Thumb Code     6  stm32f4xx_it.o(i.USART1_IRQHandler)
    USART6_IRQHandler                        0x08003711   Thumb Code     6  stm32f4xx_it.o(i.USART6_IRQHandler)
    UsageFault_Handler                       0x0800371d   Thumb Code     2  stm32f4xx_it.o(i.UsageFault_Handler)
    __0snprintf                              0x08003721   Thumb Code    36  printfa.o(i.__0snprintf)
    __1snprintf                              0x08003721   Thumb Code     0  printfa.o(i.__0snprintf)
    __2snprintf                              0x08003721   Thumb Code     0  printfa.o(i.__0snprintf)
    __c89snprintf                            0x08003721   Thumb Code     0  printfa.o(i.__0snprintf)
    snprintf                                 0x08003721   Thumb Code     0  printfa.o(i.__0snprintf)
    __0sprintf                               0x08003749   Thumb Code    34  printfa.o(i.__0sprintf)
    __1sprintf                               0x08003749   Thumb Code     0  printfa.o(i.__0sprintf)
    __2sprintf                               0x08003749   Thumb Code     0  printfa.o(i.__0sprintf)
    __c89sprintf                             0x08003749   Thumb Code     0  printfa.o(i.__0sprintf)
    sprintf                                  0x08003749   Thumb Code     0  printfa.o(i.__0sprintf)
    __ARM_fpclassify                         0x08003771   Thumb Code    48  fpclassify.o(i.__ARM_fpclassify)
    __hardfp_log                             0x080037c1   Thumb Code   872  log.o(i.__hardfp_log)
    __hardfp_log10                           0x08003b89   Thumb Code   260  log10.o(i.__hardfp_log10)
    __hardfp_pow                             0x08003cb9   Thumb Code  3072  pow.o(i.__hardfp_pow)
    __kernel_poly                            0x08004909   Thumb Code   248  poly.o(i.__kernel_poly)
    __mathlib_dbl_divzero                    0x08004a01   Thumb Code    28  dunder.o(i.__mathlib_dbl_divzero)
    __mathlib_dbl_infnan                     0x08004a31   Thumb Code    20  dunder.o(i.__mathlib_dbl_infnan)
    __mathlib_dbl_infnan2                    0x08004a45   Thumb Code    20  dunder.o(i.__mathlib_dbl_infnan2)
    __mathlib_dbl_invalid                    0x08004a59   Thumb Code    24  dunder.o(i.__mathlib_dbl_invalid)
    __mathlib_dbl_overflow                   0x08004a79   Thumb Code    24  dunder.o(i.__mathlib_dbl_overflow)
    __mathlib_dbl_underflow                  0x08004a99   Thumb Code    24  dunder.o(i.__mathlib_dbl_underflow)
    __scatterload_copy                       0x08004ab9   Thumb Code    14  handlers.o(i.__scatterload_copy)
    __scatterload_null                       0x08004ac7   Thumb Code     2  handlers.o(i.__scatterload_null)
    __scatterload_zeroinit                   0x08004ac9   Thumb Code    14  handlers.o(i.__scatterload_zeroinit)
    __set_errno                              0x08004ad9   Thumb Code     6  errno.o(i.__set_errno)
    change                                   0x08005399   Thumb Code    10  music.o(i.change)
    control_home                             0x080053a9   Thumb Code    50  main.o(i.control_home)
    delay_us                                 0x080053ed   Thumb Code    70  dht11.o(i.delay_us)
    fabs                                     0x08005433   Thumb Code    24  fabs.o(i.fabs)
    log                                      0x080054a5   Thumb Code    16  log.o(i.log)
    main                                     0x080054b5   Thumb Code   276  main.o(i.main)
    music_Init                               0x08005605   Thumb Code     8  music.o(i.music_Init)
    music_play                               0x08005611   Thumb Code    44  music.o(i.music_play)
    music_stop                               0x08005641   Thumb Code    10  music.o(i.music_stop)
    osDelay                                  0x08005651   Thumb Code    46  cmsis_os2.o(i.osDelay)
    osKernelInitialize                       0x08005685   Thumb Code    48  cmsis_os2.o(i.osKernelInitialize)
    osKernelStart                            0x080056b9   Thumb Code    56  cmsis_os2.o(i.osKernelStart)
    osThreadNew                              0x080056f5   Thumb Code   156  cmsis_os2.o(i.osThreadNew)
    pvPortMalloc                             0x08005f29   Thumb Code   210  heap_4.o(i.pvPortMalloc)
    pxPortInitialiseStack                    0x08006001   Thumb Code    40  port.o(i.pxPortInitialiseStack)
    read_DHT11                               0x0800602d   Thumb Code    34  dht11.o(i.read_DHT11)
    read_flame_char                          0x08006055   Thumb Code    32  main.o(i.read_flame_char)
    read_gas_ppm_fixed                       0x08006089   Thumb Code   148  main.o(i.read_gas_ppm_fixed)
    read_keypad                              0x08006145   Thumb Code   702  main.o(i.read_keypad)
    read_pir_char                            0x08006415   Thumb Code    32  main.o(i.read_pir_char)
    read_rain_char                           0x08006445   Thumb Code    32  main.o(i.read_rain_char)
    serial_read                              0x08006475   Thumb Code    18  main.o(i.serial_read)
    serial_send_cmd                          0x0800648d   Thumb Code    38  main.o(i.serial_send_cmd)
    servo_Init                               0x080064c1   Thumb Code    30  servo.o(i.servo_Init)
    sqrt                                     0x080064e5   Thumb Code   110  sqrt.o(i.sqrt)
    uxListRemove                             0x08006553   Thumb Code    38  list.o(i.uxListRemove)
    vApplicationGetIdleTaskMemory            0x08006579   Thumb Code    16  cmsis_os2.o(i.vApplicationGetIdleTaskMemory)
    vApplicationGetTimerTaskMemory           0x0800658d   Thumb Code    18  cmsis_os2.o(i.vApplicationGetTimerTaskMemory)
    vListInitialise                          0x080065a5   Thumb Code    22  list.o(i.vListInitialise)
    vListInitialiseItem                      0x080065bb   Thumb Code     6  list.o(i.vListInitialiseItem)
    vListInsert                              0x080065c1   Thumb Code    48  list.o(i.vListInsert)
    vListInsertEnd                           0x080065f1   Thumb Code    24  list.o(i.vListInsertEnd)
    vPortEnterCritical                       0x08006609   Thumb Code    54  port.o(i.vPortEnterCritical)
    vPortExitCritical                        0x08006649   Thumb Code    34  port.o(i.vPortExitCritical)
    vPortFree                                0x08006671   Thumb Code    88  heap_4.o(i.vPortFree)
    vPortSetupTimerInterrupt                 0x080066cd   Thumb Code    32  port.o(i.vPortSetupTimerInterrupt)
    vPortValidateInterruptPriority           0x080066f1   Thumb Code    74  port.o(i.vPortValidateInterruptPriority)
    vQueueAddToRegistry                      0x08006745   Thumb Code    34  queue.o(i.vQueueAddToRegistry)
    vQueueWaitForMessageRestricted           0x0800676d   Thumb Code    68  queue.o(i.vQueueWaitForMessageRestricted)
    vTaskDelay                               0x080067b1   Thumb Code    66  tasks.o(i.vTaskDelay)
    vTaskInternalSetTimeOutState             0x080067fd   Thumb Code    12  tasks.o(i.vTaskInternalSetTimeOutState)
    vTaskMissedYield                         0x0800680d   Thumb Code     8  tasks.o(i.vTaskMissedYield)
    vTaskPlaceOnEventList                    0x08006819   Thumb Code    44  tasks.o(i.vTaskPlaceOnEventList)
    vTaskPlaceOnEventListRestricted          0x08006849   Thumb Code    52  tasks.o(i.vTaskPlaceOnEventListRestricted)
    vTaskStartScheduler                      0x08006881   Thumb Code   118  tasks.o(i.vTaskStartScheduler)
    vTaskSuspendAll                          0x08006909   Thumb Code    10  tasks.o(i.vTaskSuspendAll)
    vTaskSwitchContext                       0x08006919   Thumb Code    90  tasks.o(i.vTaskSwitchContext)
    xPortStartScheduler                      0x0800697d   Thumb Code   222  port.o(i.xPortStartScheduler)
    xQueueGenericCreateStatic                0x08006a71   Thumb Code   102  queue.o(i.xQueueGenericCreateStatic)
    xQueueGenericReset                       0x08006ad9   Thumb Code   132  queue.o(i.xQueueGenericReset)
    xQueueGenericSend                        0x08006b61   Thumb Code   346  queue.o(i.xQueueGenericSend)
    xQueueGenericSendFromISR                 0x08006cc1   Thumb Code   188  queue.o(i.xQueueGenericSendFromISR)
    xQueueReceive                            0x08006d7d   Thumb Code   308  queue.o(i.xQueueReceive)
    xTaskCheckForTimeOut                     0x08006eb5   Thumb Code   112  tasks.o(i.xTaskCheckForTimeOut)
    xTaskCreate                              0x08006f29   Thumb Code    90  tasks.o(i.xTaskCreate)
    xTaskCreateStatic                        0x08006f83   Thumb Code    86  tasks.o(i.xTaskCreateStatic)
    xTaskGetSchedulerState                   0x08006fd9   Thumb Code    22  tasks.o(i.xTaskGetSchedulerState)
    xTaskGetTickCount                        0x08006ff5   Thumb Code     6  tasks.o(i.xTaskGetTickCount)
    xTaskIncrementTick                       0x08007001   Thumb Code   190  tasks.o(i.xTaskIncrementTick)
    xTaskPriorityDisinherit                  0x080070c9   Thumb Code   118  tasks.o(i.xTaskPriorityDisinherit)
    xTaskRemoveFromEventList                 0x08007149   Thumb Code    98  tasks.o(i.xTaskRemoveFromEventList)
    xTaskResumeAll                           0x080071b9   Thumb Code   182  tasks.o(i.xTaskResumeAll)
    xTimerCreateTimerTask                    0x0800727d   Thumb Code    78  timers.o(i.xTimerCreateTimerTask)
    xTimerGenericCommand                     0x080072dd   Thumb Code    98  timers.o(i.xTimerGenericCommand)
    defaultTask_attributes                   0x08007394   Data          36  main.o(.constdata)
    myTask02_attributes                      0x080073b8   Data          36  main.o(.constdata)
    myTask03_attributes                      0x080073dc   Data          36  main.o(.constdata)
    myTask04_attributes                      0x08007400   Data          36  main.o(.constdata)
    myTask05_attributes                      0x08007424   Data          36  main.o(.constdata)
    myTask06_attributes                      0x08007448   Data          36  main.o(.constdata)
    AHBPrescTable                            0x0800746c   Data          16  system_stm32f4xx.o(.constdata)
    APBPrescTable                            0x0800747c   Data           8  system_stm32f4xx.o(.constdata)
    __mathlib_zero                           0x08007548   Data           8  qnan.o(.constdata)
    Region$$Table$$Base                      0x08007598   Number         0  anon$$obj.o(Region$$Table)
    Region$$Table$$Limit                     0x080075b8   Number         0  anon$$obj.o(Region$$Table)
    DATA_DHT11                               0x20000000   Data           5  dht11.o(.data)
    i2cDeviceAddr                            0x20000005   Data           1  lcd_i2c.o(.data)
    rx_Index                                 0x2000001c   Data           2  main.o(.data)
    rxBuf_receive                            0x2000001e   Data           2  main.o(.data)
    gas_in_ppm                               0x20000020   Data           4  main.o(.data)
    timeout_to_send_gasvalue                 0x20000024   Data           4  main.o(.data)
    timeout_to_send_dht11value               0x20000028   Data           4  main.o(.data)
    timeout_to_send_flamevalue               0x2000002c   Data           4  main.o(.data)
    timeout_to_send_rainvalue                0x20000030   Data           4  main.o(.data)
    timeout_to_send_pirvalue                 0x20000034   Data           4  main.o(.data)
    data_dht11                               0x20000038   Data           4  main.o(.data)
    defaultTaskHandle                        0x2000003c   Data           4  main.o(.data)
    myTask02Handle                           0x20000040   Data           4  main.o(.data)
    myTask03Handle                           0x20000044   Data           4  main.o(.data)
    myTask04Handle                           0x20000048   Data           4  main.o(.data)
    myTask05Handle                           0x2000004c   Data           4  main.o(.data)
    myTask06Handle                           0x20000050   Data           4  main.o(.data)
    data_PIR_char                            0x20000054   Data           6  main.o(.data)
    pir_char                                 0x2000005a   Data           6  main.o(.data)
    data_RAIN_char                           0x20000060   Data           7  main.o(.data)
    rain_char                                0x20000067   Data           7  main.o(.data)
    data_FLAME_char                          0x2000006e   Data           8  main.o(.data)
    flame_char                               0x20000076   Data           8  main.o(.data)
    uwTickFreq                               0x20000080   Data           1  stm32f4xx_hal.o(.data)
    uwTickPrio                               0x20000084   Data           4  stm32f4xx_hal.o(.data)
    uwTick                                   0x20000088   Data           4  stm32f4xx_hal.o(.data)
    SystemCoreClock                          0x2000008c   Data           4  system_stm32f4xx.o(.data)
    pxCurrentTCB                             0x20000090   Data           4  tasks.o(.data)
    hi2cx                                    0x2000029c   Data          84  lcd_i2c.o(.bss)
    rxBuf                                    0x200002f0   Data          10  main.o(.bss)
    temp_receive                             0x200002fa   Data          10  main.o(.bss)
    data_GAS_char                            0x20000304   Data          12  main.o(.bss)
    data_dht11_char                          0x20000310   Data          15  main.o(.bss)
    debug_char                               0x2000031f   Data          10  main.o(.bss)
    hadc1                                    0x2000032c   Data          72  main.o(.bss)
    hadc2                                    0x20000374   Data          72  main.o(.bss)
    hi2c2                                    0x200003bc   Data          84  main.o(.bss)
    hiwdg                                    0x20000410   Data          12  main.o(.bss)
    htim1                                    0x2000041c   Data          64  main.o(.bss)
    htim3                                    0x2000045c   Data          64  main.o(.bss)
    htim9                                    0x2000049c   Data          64  main.o(.bss)
    huart1                                   0x200004dc   Data          64  main.o(.bss)
    huart6                                   0x2000051c   Data          64  main.o(.bss)
    htim10                                   0x2000055c   Data          64  stm32f4xx_hal_timebase_tim.o(.bss)
    xQueueRegistry                           0x2000059c   Data          64  queue.o(.bss)
    __initial_sp                             0x20005270   Data           0  startup_stm32f407xx.o(STACK)



==============================================================================

Memory Map of the image

  Image Entry point : 0x08000189

  Load Region LR_IROM1 (Base: 0x08000000, Size: 0x000076c4, Max: 0x00100000, ABSOLUTE)

    Execution Region ER_IROM1 (Base: 0x08000000, Size: 0x000075b8, Max: 0x00100000, ABSOLUTE)

    Base Addr    Size         Type   Attr      Idx    E Section Name        Object

    0x08000000   0x00000188   Data   RO            3    RESET               startup_stm32f407xx.o
    0x08000188   0x00000000   Code   RO         5650  * .ARM.Collect$$$$00000000  mc_w.l(entry.o)
    0x08000188   0x00000004   Code   RO         5995    .ARM.Collect$$$$00000001  mc_w.l(entry2.o)
    0x0800018c   0x00000004   Code   RO         5998    .ARM.Collect$$$$00000004  mc_w.l(entry5.o)
    0x08000190   0x00000000   Code   RO         6000    .ARM.Collect$$$$00000008  mc_w.l(entry7b.o)
    0x08000190   0x00000000   Code   RO         6002    .ARM.Collect$$$$0000000A  mc_w.l(entry8b.o)
    0x08000190   0x00000008   Code   RO         6003    .ARM.Collect$$$$0000000B  mc_w.l(entry9a.o)
    0x08000198   0x00000000   Code   RO         6005    .ARM.Collect$$$$0000000D  mc_w.l(entry10a.o)
    0x08000198   0x00000000   Code   RO         6007    .ARM.Collect$$$$0000000F  mc_w.l(entry11a.o)
    0x08000198   0x00000004   Code   RO         5996    .ARM.Collect$$$$00002712  mc_w.l(entry2.o)
    0x0800019c   0x000000be   Code   RO         5547    .emb_text           port.o
    0x0800025a   0x00000002   PAD
    0x0800025c   0x00000024   Code   RO            4    .text               startup_stm32f407xx.o
    0x08000280   0x00000062   Code   RO         5653    .text               mc_w.l(uldiv.o)
    0x080002e2   0x00000024   Code   RO         5655    .text               mc_w.l(memcpya.o)
    0x08000306   0x00000024   Code   RO         5659    .text               mc_w.l(memseta.o)
    0x0800032a   0x0000000e   Code   RO         5661    .text               mc_w.l(strlen.o)
    0x08000338   0x00000012   Code   RO         5663    .text               mc_w.l(strcpy.o)
    0x0800034a   0x0000001e   Code   RO         5665    .text               mc_w.l(strncmp.o)
    0x08000368   0x0000014e   Code   RO         5930    .text               mf_w.l(dadd.o)
    0x080004b6   0x000000e4   Code   RO         5932    .text               mf_w.l(dmul.o)
    0x0800059a   0x000000de   Code   RO         5934    .text               mf_w.l(ddiv.o)
    0x08000678   0x00000022   Code   RO         5936    .text               mf_w.l(dflti.o)
    0x0800069a   0x00000026   Code   RO         5940    .text               mf_w.l(f2d.o)
    0x080006c0   0x00000038   Code   RO         5942    .text               mf_w.l(d2f.o)
    0x080006f8   0x0000002c   Code   RO         6012    .text               mc_w.l(uidiv.o)
    0x08000724   0x0000001e   Code   RO         6014    .text               mc_w.l(llshl.o)
    0x08000742   0x00000020   Code   RO         6016    .text               mc_w.l(llushr.o)
    0x08000762   0x00000024   Code   RO         6018    .text               mc_w.l(llsshr.o)
    0x08000786   0x00000000   Code   RO         6027    .text               mc_w.l(iusefp.o)
    0x08000786   0x0000006e   Code   RO         6028    .text               mf_w.l(fepilogue.o)
    0x080007f4   0x000000ba   Code   RO         6030    .text               mf_w.l(depilogue.o)
    0x080008ae   0x0000002e   Code   RO         6034    .text               mf_w.l(dscalb.o)
    0x080008dc   0x00000030   Code   RO         6036    .text               mf_w.l(dfixul.o)
    0x0800090c   0x00000030   Code   RO         6038    .text               mf_w.l(cdrcmple.o)
    0x0800093c   0x00000024   Code   RO         6040    .text               mc_w.l(init.o)
    0x08000960   0x000000a2   Code   RO         6044    .text               mf_w.l(dsqrt.o)
    0x08000a02   0x00000002   PAD
    0x08000a04   0x00000030   Code   RO         6046    .text               mf_w.l(cdcmple.o)
    0x08000a34   0x00000128   Code   RO          807    i.ADC_Init          stm32f4xx_hal_adc.o
    0x08000b5c   0x00000002   Code   RO          611    i.BusFault_Handler  stm32f4xx_it.o
    0x08000b5e   0x00000002   PAD
    0x08000b60   0x00000020   Code   RO           13    i.DHT11_Init        dht11.o
    0x08000b80   0x00000002   Code   RO          612    i.DebugMon_Handler  stm32f4xx_it.o
    0x08000b82   0x00000002   PAD
    0x08000b84   0x00000038   Code   RO           14    i.GPIO_DHT11_OUT    dht11.o
    0x08000bbc   0x0000014c   Code   RO          809    i.HAL_ADC_ConfigChannel  stm32f4xx_hal_adc.o
    0x08000d08   0x00000006   Code   RO          816    i.HAL_ADC_GetValue  stm32f4xx_hal_adc.o
    0x08000d0e   0x00000054   Code   RO          818    i.HAL_ADC_Init      stm32f4xx_hal_adc.o
    0x08000d62   0x00000002   PAD
    0x08000d64   0x00000090   Code   RO          688    i.HAL_ADC_MspInit   stm32f4xx_hal_msp.o
    0x08000df4   0x000000ec   Code   RO          824    i.HAL_ADC_Start     stm32f4xx_hal_adc.o
    0x08000ee0   0x0000003c   Code   RO          827    i.HAL_ADC_Stop      stm32f4xx_hal_adc.o
    0x08000f1c   0x00000024   Code   RO         1542    i.HAL_DMA_Abort_IT  stm32f4xx_hal_dma.o
    0x08000f40   0x00000024   Code   RO         1960    i.HAL_Delay         stm32f4xx_hal.o
    0x08000f64   0x000001b8   Code   RO         1434    i.HAL_GPIO_Init     stm32f4xx_hal_gpio.o
    0x0800111c   0x0000000a   Code   RO         1436    i.HAL_GPIO_ReadPin  stm32f4xx_hal_gpio.o
    0x08001126   0x0000000a   Code   RO         1438    i.HAL_GPIO_WritePin  stm32f4xx_hal_gpio.o
    0x08001130   0x0000000c   Code   RO         1966    i.HAL_GetTick       stm32f4xx_hal.o
    0x0800113c   0x00000188   Code   RO         2222    i.HAL_I2C_Init      stm32f4xx_hal_i2c.o
    0x080012c4   0x0000016c   Code   RO         2223    i.HAL_I2C_IsDeviceReady  stm32f4xx_hal_i2c.o
    0x08001430   0x0000012c   Code   RO         2235    i.HAL_I2C_Master_Transmit  stm32f4xx_hal_i2c.o
    0x0800155c   0x0000006c   Code   RO          690    i.HAL_I2C_MspInit   stm32f4xx_hal_msp.o
    0x080015c8   0x00000052   Code   RO         2656    i.HAL_IWDG_Init     stm32f4xx_hal_iwdg.o
    0x0800161a   0x0000000c   Code   RO         2657    i.HAL_IWDG_Refresh  stm32f4xx_hal_iwdg.o
    0x08001626   0x00000002   PAD
    0x08001628   0x00000010   Code   RO         1972    i.HAL_IncTick       stm32f4xx_hal.o
    0x08001638   0x00000034   Code   RO         1973    i.HAL_Init          stm32f4xx_hal.o
    0x0800166c   0x00000074   Code   RO          765    i.HAL_InitTick      stm32f4xx_hal_timebase_tim.o
    0x080016e0   0x00000038   Code   RO          691    i.HAL_MspInit       stm32f4xx_hal_msp.o
    0x08001718   0x0000001a   Code   RO         1823    i.HAL_NVIC_EnableIRQ  stm32f4xx_hal_cortex.o
    0x08001732   0x00000002   PAD
    0x08001734   0x00000040   Code   RO         1829    i.HAL_NVIC_SetPriority  stm32f4xx_hal_cortex.o
    0x08001774   0x00000024   Code   RO         1830    i.HAL_NVIC_SetPriorityGrouping  stm32f4xx_hal_cortex.o
    0x08001798   0x00000134   Code   RO         1080    i.HAL_RCC_ClockConfig  stm32f4xx_hal_rcc.o
    0x080018cc   0x00000040   Code   RO         1084    i.HAL_RCC_GetClockConfig  stm32f4xx_hal_rcc.o
    0x0800190c   0x00000020   Code   RO         1087    i.HAL_RCC_GetPCLK1Freq  stm32f4xx_hal_rcc.o
    0x0800192c   0x00000020   Code   RO         1088    i.HAL_RCC_GetPCLK2Freq  stm32f4xx_hal_rcc.o
    0x0800194c   0x00000064   Code   RO         1089    i.HAL_RCC_GetSysClockFreq  stm32f4xx_hal_rcc.o
    0x080019b0   0x0000035c   Code   RO         1092    i.HAL_RCC_OscConfig  stm32f4xx_hal_rcc.o
    0x08001d0c   0x00000002   Code   RO         3363    i.HAL_TIMEx_BreakCallback  stm32f4xx_hal_tim_ex.o
    0x08001d0e   0x00000002   Code   RO         3364    i.HAL_TIMEx_CommutCallback  stm32f4xx_hal_tim_ex.o
    0x08001d10   0x00000054   Code   RO         3366    i.HAL_TIMEx_ConfigBreakDeadTime  stm32f4xx_hal_tim_ex.o
    0x08001d64   0x00000090   Code   RO         3381    i.HAL_TIMEx_MasterConfigSynchronization  stm32f4xx_hal_tim_ex.o
    0x08001df4   0x00000036   Code   RO         2688    i.HAL_TIM_Base_Init  stm32f4xx_hal_tim.o
    0x08001e2a   0x00000002   Code   RO         2690    i.HAL_TIM_Base_MspInit  stm32f4xx_hal_tim.o
    0x08001e2c   0x00000022   Code   RO         2693    i.HAL_TIM_Base_Start_IT  stm32f4xx_hal_tim.o
    0x08001e4e   0x00000002   Code   RO         2717    i.HAL_TIM_IC_CaptureCallback  stm32f4xx_hal_tim.o
    0x08001e50   0x00000166   Code   RO         2731    i.HAL_TIM_IRQHandler  stm32f4xx_hal_tim.o
    0x08001fb6   0x00000002   PAD
    0x08001fb8   0x000000a8   Code   RO          692    i.HAL_TIM_MspPostInit  stm32f4xx_hal_msp.o
    0x08002060   0x00000002   Code   RO         2734    i.HAL_TIM_OC_DelayElapsedCallback  stm32f4xx_hal_tim.o
    0x08002062   0x000000d0   Code   RO         2755    i.HAL_TIM_PWM_ConfigChannel  stm32f4xx_hal_tim.o
    0x08002132   0x00000036   Code   RO         2758    i.HAL_TIM_PWM_Init  stm32f4xx_hal_tim.o
    0x08002168   0x00000074   Code   RO          694    i.HAL_TIM_PWM_MspInit  stm32f4xx_hal_msp.o
    0x080021dc   0x00000002   Code   RO         2761    i.HAL_TIM_PWM_PulseFinishedCallback  stm32f4xx_hal_tim.o
    0x080021de   0x00000002   PAD
    0x080021e0   0x00000044   Code   RO         2763    i.HAL_TIM_PWM_Start  stm32f4xx_hal_tim.o
    0x08002224   0x00000014   Code   RO          366    i.HAL_TIM_PeriodElapsedCallback  main.o
    0x08002238   0x00000002   Code   RO         2774    i.HAL_TIM_TriggerCallback  stm32f4xx_hal_tim.o
    0x0800223a   0x00000002   Code   RO         3635    i.HAL_UART_ErrorCallback  stm32f4xx_hal_uart.o
    0x0800223c   0x00000114   Code   RO         3638    i.HAL_UART_IRQHandler  stm32f4xx_hal_uart.o
    0x08002350   0x00000062   Code   RO         3639    i.HAL_UART_Init     stm32f4xx_hal_uart.o
    0x080023b2   0x00000002   PAD
    0x080023b4   0x000000c8   Code   RO          696    i.HAL_UART_MspInit  stm32f4xx_hal_msp.o
    0x0800247c   0x00000052   Code   RO         3644    i.HAL_UART_Receive_IT  stm32f4xx_hal_uart.o
    0x080024ce   0x00000002   PAD
    0x080024d0   0x00000054   Code   RO          367    i.HAL_UART_RxCpltCallback  main.o
    0x08002524   0x000000ba   Code   RO         3647    i.HAL_UART_Transmit  stm32f4xx_hal_uart.o
    0x080025de   0x00000002   Code   RO         3650    i.HAL_UART_TxCpltCallback  stm32f4xx_hal_uart.o
    0x080025e0   0x00000002   Code   RO          613    i.HardFault_Handler  stm32f4xx_it.o
    0x080025e2   0x0000002e   Code   RO         2264    i.I2C_IsAcknowledgeFailed  stm32f4xx_hal_i2c.o
    0x08002610   0x0000009c   Code   RO         2268    i.I2C_MasterRequestWrite  stm32f4xx_hal_i2c.o
    0x080026ac   0x0000004c   Code   RO         2278    i.I2C_WaitOnBTFFlagUntilTimeout  stm32f4xx_hal_i2c.o
    0x080026f8   0x00000068   Code   RO         2279    i.I2C_WaitOnFlagUntilTimeout  stm32f4xx_hal_i2c.o
    0x08002760   0x00000096   Code   RO         2280    i.I2C_WaitOnMasterAddressFlagUntilTimeout  stm32f4xx_hal_i2c.o
    0x080027f6   0x0000004c   Code   RO         2282    i.I2C_WaitOnTXEFlagUntilTimeout  stm32f4xx_hal_i2c.o
    0x08002842   0x00000002   PAD
    0x08002844   0x00000018   Code   RO          180    i.LCD_BackLight     lcd_i2c.o
    0x0800285c   0x00000020   Code   RO          181    i.LCD_Clear         lcd_i2c.o
    0x0800287c   0x00000046   Code   RO          182    i.LCD_Init          lcd_i2c.o
    0x080028c2   0x00000002   PAD
    0x080028c4   0x000000d0   Code   RO          184    i.LCD_Send_String   lcd_i2c.o
    0x08002994   0x00000034   Code   RO          185    i.LCD_SetCursor     lcd_i2c.o
    0x080029c8   0x0000004c   Code   RO          186    i.LCD_Set_Command   lcd_i2c.o
    0x08002a14   0x00000054   Code   RO          187    i.LCD_Write_Data    lcd_i2c.o
    0x08002a68   0x0000002c   Code   RO          188    i.LCD_i2cDeviceCheck  lcd_i2c.o
    0x08002a94   0x00000054   Code   RO          368    i.MX_ADC1_Init      main.o
    0x08002ae8   0x00000054   Code   RO          369    i.MX_ADC2_Init      main.o
    0x08002b3c   0x0000016c   Code   RO          370    i.MX_GPIO_Init      main.o
    0x08002ca8   0x000000a0   Code   RO          371    i.MX_TIM1_Init      main.o
    0x08002d48   0x00000060   Code   RO          372    i.MX_TIM3_Init      main.o
    0x08002da8   0x00000050   Code   RO          373    i.MX_TIM9_Init      main.o
    0x08002df8   0x00000002   Code   RO          614    i.MemManage_Handler  stm32f4xx_it.o
    0x08002dfa   0x00000002   Code   RO          615    i.NMI_Handler       stm32f4xx_it.o
    0x08002dfc   0x00000060   Code   RO           15    i.READ_DATA_8BIT    dht11.o
    0x08002e5c   0x000000b0   Code   RO           16    i.Read_TempAndHumidity  dht11.o
    0x08002f0c   0x00000018   Code   RO          374    i.StartDefaultTask  main.o
    0x08002f24   0x000000f0   Code   RO          375    i.StartTask02Function  main.o
    0x08003014   0x0000002c   Code   RO          376    i.StartTask03Function  main.o
    0x08003040   0x000000ac   Code   RO          377    i.StartTask04Function  main.o
    0x080030ec   0x00000008   Code   RO          378    i.StartTask05Function  main.o
    0x080030f4   0x00000008   Code   RO          379    i.StartTask06Function  main.o
    0x080030fc   0x0000002c   Code   RO         5548    i.SysTick_Handler   port.o
    0x08003128   0x00000088   Code   RO          380    i.SystemClock_Config  main.o
    0x080031b0   0x0000001c   Code   RO         3941    i.SystemInit        system_stm32f4xx.o
    0x080031cc   0x0000001c   Code   RO          616    i.TIM1_UP_TIM10_IRQHandler  stm32f4xx_it.o
    0x080031e8   0x000000c8   Code   RO         2776    i.TIM_Base_SetConfig  stm32f4xx_hal_tim.o
    0x080032b0   0x0000001a   Code   RO         2777    i.TIM_CCxChannelCmd  stm32f4xx_hal_tim.o
    0x080032ca   0x00000002   PAD
    0x080032cc   0x00000060   Code   RO         2789    i.TIM_OC1_SetConfig  stm32f4xx_hal_tim.o
    0x0800332c   0x0000006c   Code   RO         2790    i.TIM_OC2_SetConfig  stm32f4xx_hal_tim.o
    0x08003398   0x00000068   Code   RO         2791    i.TIM_OC3_SetConfig  stm32f4xx_hal_tim.o
    0x08003400   0x00000050   Code   RO         2792    i.TIM_OC4_SetConfig  stm32f4xx_hal_tim.o
    0x08003450   0x00000010   Code   RO         3652    i.UART_DMAAbortOnError  stm32f4xx_hal_uart.o
    0x08003460   0x0000001c   Code   RO         3662    i.UART_EndRxTransfer  stm32f4xx_hal_uart.o
    0x0800347c   0x00000096   Code   RO         3664    i.UART_Receive_IT   stm32f4xx_hal_uart.o
    0x08003512   0x00000002   PAD
    0x08003514   0x00000128   Code   RO         3665    i.UART_SetConfig    stm32f4xx_hal_uart.o
    0x0800363c   0x00000062   Code   RO         3666    i.UART_Transmit_IT  stm32f4xx_hal_uart.o
    0x0800369e   0x00000064   Code   RO         3667    i.UART_WaitOnFlagUntilTimeout  stm32f4xx_hal_uart.o
    0x08003702   0x00000002   PAD
    0x08003704   0x0000000c   Code   RO          617    i.USART1_IRQHandler  stm32f4xx_it.o
    0x08003710   0x0000000c   Code   RO          618    i.USART6_IRQHandler  stm32f4xx_it.o
    0x0800371c   0x00000002   Code   RO          619    i.UsageFault_Handler  stm32f4xx_it.o
    0x0800371e   0x00000002   PAD
    0x08003720   0x00000028   Code   RO         5903    i.__0snprintf       mc_w.l(printfa.o)
    0x08003748   0x00000028   Code   RO         5904    i.__0sprintf        mc_w.l(printfa.o)
    0x08003770   0x00000030   Code   RO         5964    i.__ARM_fpclassify  m_wm.l(fpclassify.o)
    0x080037a0   0x00000020   Code   RO         1836    i.__NVIC_SetPriority  stm32f4xx_hal_cortex.o
    0x080037c0   0x000003c4   Code   RO         5966    i.__hardfp_log      m_wm.l(log.o)
    0x08003b84   0x00000004   PAD
    0x08003b88   0x00000130   Code   RO         5624    i.__hardfp_log10    m_wm.l(log10.o)
    0x08003cb8   0x00000c50   Code   RO         5636    i.__hardfp_pow      m_wm.l(pow.o)
    0x08004908   0x000000f8   Code   RO         5980    i.__kernel_poly     m_wm.l(poly.o)
    0x08004a00   0x00000030   Code   RO         5944    i.__mathlib_dbl_divzero  m_wm.l(dunder.o)
    0x08004a30   0x00000014   Code   RO         5945    i.__mathlib_dbl_infnan  m_wm.l(dunder.o)
    0x08004a44   0x00000014   Code   RO         5946    i.__mathlib_dbl_infnan2  m_wm.l(dunder.o)
    0x08004a58   0x00000020   Code   RO         5947    i.__mathlib_dbl_invalid  m_wm.l(dunder.o)
    0x08004a78   0x00000020   Code   RO         5948    i.__mathlib_dbl_overflow  m_wm.l(dunder.o)
    0x08004a98   0x00000020   Code   RO         5950    i.__mathlib_dbl_underflow  m_wm.l(dunder.o)
    0x08004ab8   0x0000000e   Code   RO         6050    i.__scatterload_copy  mc_w.l(handlers.o)
    0x08004ac6   0x00000002   Code   RO         6051    i.__scatterload_null  mc_w.l(handlers.o)
    0x08004ac8   0x0000000e   Code   RO         6052    i.__scatterload_zeroinit  mc_w.l(handlers.o)
    0x08004ad6   0x00000002   PAD
    0x08004ad8   0x0000000c   Code   RO         6022    i.__set_errno       mc_w.l(errno.o)
    0x08004ae4   0x00000164   Code   RO         5909    i._fp_digits        mc_w.l(printfa.o)
    0x08004c48   0x000006dc   Code   RO         5910    i._printf_core      mc_w.l(printfa.o)
    0x08005324   0x00000024   Code   RO         5911    i._printf_post_padding  mc_w.l(printfa.o)
    0x08005348   0x0000002e   Code   RO         5912    i._printf_pre_padding  mc_w.l(printfa.o)
    0x08005376   0x00000016   Code   RO         5913    i._snputc           mc_w.l(printfa.o)
    0x0800538c   0x0000000a   Code   RO         5914    i._sputc            mc_w.l(printfa.o)
    0x08005396   0x00000002   PAD
    0x08005398   0x00000010   Code   RO          276    i.change            music.o
    0x080053a8   0x00000044   Code   RO          381    i.control_home      main.o
    0x080053ec   0x00000046   Code   RO           17    i.delay_us          dht11.o
    0x08005432   0x00000018   Code   RO         5960    i.fabs              m_wm.l(fabs.o)
    0x0800544a   0x00000002   PAD
    0x0800544c   0x00000058   Code   RO          189    i.hi2cx_define      lcd_i2c.o
    0x080054a4   0x00000010   Code   RO         5968    i.log               m_wm.l(log.o)
    0x080054b4   0x00000150   Code   RO          382    i.main              main.o
    0x08005604   0x0000000c   Code   RO          277    i.music_Init        music.o
    0x08005610   0x00000030   Code   RO          278    i.music_play        music.o
    0x08005640   0x00000010   Code   RO          279    i.music_stop        music.o
    0x08005650   0x00000034   Code   RO         5068    i.osDelay           cmsis_os2.o
    0x08005684   0x00000034   Code   RO         5082    i.osKernelInitialize  cmsis_os2.o
    0x080056b8   0x0000003c   Code   RO         5085    i.osKernelStart     cmsis_os2.o
    0x080056f4   0x000000a0   Code   RO         5118    i.osThreadNew       cmsis_os2.o
    0x08005794   0x0000005c   Code   RO         4549    i.prvAddCurrentTaskToDelayedList  tasks.o
    0x080057f0   0x000000d0   Code   RO         4550    i.prvAddNewTaskToReadyList  tasks.o
    0x080058c0   0x00000058   Code   RO         4902    i.prvCheckForValidListAndQueue  timers.o
    0x08005918   0x00000026   Code   RO         4146    i.prvCopyDataFromQueue  queue.o
    0x0800593e   0x0000006c   Code   RO         4147    i.prvCopyDataToQueue  queue.o
    0x080059aa   0x00000034   Code   RO         4551    i.prvDeleteTCB      tasks.o
    0x080059de   0x00000002   PAD
    0x080059e0   0x0000004c   Code   RO         5498    i.prvHeapInit       heap_4.o
    0x08005a2c   0x00000060   Code   RO         4552    i.prvIdleTask       tasks.o
    0x08005a8c   0x00000022   Code   RO         4149    i.prvInitialiseNewQueue  queue.o
    0x08005aae   0x00000002   PAD
    0x08005ab0   0x000000b0   Code   RO         4553    i.prvInitialiseNewTask  tasks.o
    0x08005b60   0x0000004c   Code   RO         5499    i.prvInsertBlockIntoFreeList  heap_4.o
    0x08005bac   0x00000038   Code   RO         4904    i.prvInsertTimerInActiveList  timers.o
    0x08005be4   0x0000001c   Code   RO         4150    i.prvIsQueueEmpty   queue.o
    0x08005c00   0x000000fc   Code   RO         4905    i.prvProcessReceivedCommands  timers.o
    0x08005cfc   0x000000c0   Code   RO         4906    i.prvProcessTimerOrBlockTask  timers.o
    0x08005dbc   0x00000020   Code   RO         4555    i.prvResetNextTaskUnblockTime  tasks.o
    0x08005ddc   0x00000028   Code   RO         4907    i.prvSampleTimeNow  timers.o
    0x08005e04   0x0000006c   Code   RO         4908    i.prvSwitchTimerLists  timers.o
    0x08005e70   0x00000028   Code   RO         5549    i.prvTaskExitError  port.o
    0x08005e98   0x00000024   Code   RO         4909    i.prvTimerTask      timers.o
    0x08005ebc   0x0000006a   Code   RO         4151    i.prvUnlockQueue    queue.o
    0x08005f26   0x00000002   PAD
    0x08005f28   0x000000d8   Code   RO         5500    i.pvPortMalloc      heap_4.o
    0x08006000   0x0000002c   Code   RO         5550    i.pxPortInitialiseStack  port.o
    0x0800602c   0x00000028   Code   RO           18    i.read_DHT11        dht11.o
    0x08006054   0x00000034   Code   RO          383    i.read_flame_char   main.o
    0x08006088   0x000000bc   Code   RO          384    i.read_gas_ppm_fixed  main.o
    0x08006144   0x000002d0   Code   RO          385    i.read_keypad       main.o
    0x08006414   0x00000030   Code   RO          386    i.read_pir_char     main.o
    0x08006444   0x00000030   Code   RO          387    i.read_rain_char    main.o
    0x08006474   0x00000018   Code   RO          388    i.serial_read       main.o
    0x0800648c   0x00000034   Code   RO          389    i.serial_send_cmd   main.o
    0x080064c0   0x00000024   Code   RO          326    i.servo_Init        servo.o
    0x080064e4   0x0000006e   Code   RO         5985    i.sqrt              m_wm.l(sqrt.o)
    0x08006552   0x00000026   Code   RO         4106    i.uxListRemove      list.o
    0x08006578   0x00000014   Code   RO         5130    i.vApplicationGetIdleTaskMemory  cmsis_os2.o
    0x0800658c   0x00000018   Code   RO         5131    i.vApplicationGetTimerTaskMemory  cmsis_os2.o
    0x080065a4   0x00000016   Code   RO         4107    i.vListInitialise   list.o
    0x080065ba   0x00000006   Code   RO         4108    i.vListInitialiseItem  list.o
    0x080065c0   0x00000030   Code   RO         4109    i.vListInsert       list.o
    0x080065f0   0x00000018   Code   RO         4110    i.vListInsertEnd    list.o
    0x08006608   0x00000040   Code   RO         5552    i.vPortEnterCritical  port.o
    0x08006648   0x00000028   Code   RO         5553    i.vPortExitCritical  port.o
    0x08006670   0x0000005c   Code   RO         5501    i.vPortFree         heap_4.o
    0x080066cc   0x00000024   Code   RO         5554    i.vPortSetupTimerInterrupt  port.o
    0x080066f0   0x00000054   Code   RO         5555    i.vPortValidateInterruptPriority  port.o
    0x08006744   0x00000028   Code   RO         4157    i.vQueueAddToRegistry  queue.o
    0x0800676c   0x00000044   Code   RO         4161    i.vQueueWaitForMessageRestricted  queue.o
    0x080067b0   0x0000004c   Code   RO         4567    i.vTaskDelay        tasks.o
    0x080067fc   0x00000010   Code   RO         4572    i.vTaskInternalSetTimeOutState  tasks.o
    0x0800680c   0x0000000c   Code   RO         4573    i.vTaskMissedYield  tasks.o
    0x08006818   0x00000030   Code   RO         4575    i.vTaskPlaceOnEventList  tasks.o
    0x08006848   0x00000038   Code   RO         4576    i.vTaskPlaceOnEventListRestricted  tasks.o
    0x08006880   0x00000088   Code   RO         4584    i.vTaskStartScheduler  tasks.o
    0x08006908   0x00000010   Code   RO         4586    i.vTaskSuspendAll   tasks.o
    0x08006918   0x00000064   Code   RO         4587    i.vTaskSwitchContext  tasks.o
    0x0800697c   0x000000f4   Code   RO         5556    i.xPortStartScheduler  port.o
    0x08006a70   0x00000066   Code   RO         4167    i.xQueueGenericCreateStatic  queue.o
    0x08006ad6   0x00000002   PAD
    0x08006ad8   0x00000088   Code   RO         4168    i.xQueueGenericReset  queue.o
    0x08006b60   0x00000160   Code   RO         4169    i.xQueueGenericSend  queue.o
    0x08006cc0   0x000000bc   Code   RO         4170    i.xQueueGenericSendFromISR  queue.o
    0x08006d7c   0x00000138   Code   RO         4179    i.xQueueReceive     queue.o
    0x08006eb4   0x00000074   Code   RO         4588    i.xTaskCheckForTimeOut  tasks.o
    0x08006f28   0x0000005a   Code   RO         4589    i.xTaskCreate       tasks.o
    0x08006f82   0x00000056   Code   RO         4590    i.xTaskCreateStatic  tasks.o
    0x08006fd8   0x0000001c   Code   RO         4594    i.xTaskGetSchedulerState  tasks.o
    0x08006ff4   0x0000000c   Code   RO         4595    i.xTaskGetTickCount  tasks.o
    0x08007000   0x000000c8   Code   RO         4597    i.xTaskIncrementTick  tasks.o
    0x080070c8   0x00000080   Code   RO         4600    i.xTaskPriorityDisinherit  tasks.o
    0x08007148   0x00000070   Code   RO         4602    i.xTaskRemoveFromEventList  tasks.o
    0x080071b8   0x000000c4   Code   RO         4603    i.xTaskResumeAll    tasks.o
    0x0800727c   0x00000060   Code   RO         4917    i.xTimerCreateTimerTask  timers.o
    0x080072dc   0x00000068   Code   RO         4918    i.xTimerGenericCommand  timers.o
    0x08007344   0x00000050   Data   RO          191    .constdata          lcd_i2c.o
    0x08007394   0x000000d8   Data   RO          391    .constdata          main.o
    0x0800746c   0x00000010   Data   RO         3942    .constdata          system_stm32f4xx.o
    0x0800747c   0x00000008   Data   RO         3943    .constdata          system_stm32f4xx.o
    0x08007484   0x00000004   PAD
    0x08007488   0x00000088   Data   RO         5639    .constdata          m_wm.l(pow.o)
    0x08007510   0x00000038   Data   RO         5969    .constdata          m_wm.l(log.o)
    0x08007548   0x00000008   Data   RO         5982    .constdata          m_wm.l(qnan.o)
    0x08007550   0x00000048   Data   RO          392    .conststring        main.o
    0x08007598   0x00000020   Data   RO         6048    Region$$Table       anon$$obj.o


    Execution Region RW_IRAM2 (Base: 0x10000000, Size: 0x00000000, Max: 0x00010000, ABSOLUTE)

    **** No section assigned to this execution region ****


    Execution Region RW_IRAM1 (Base: 0x20000000, Size: 0x00005270, Max: 0x00020000, ABSOLUTE)

    Base Addr    Size         Type   Attr      Idx    E Section Name        Object

    0x20000000   0x00000005   Data   RW           19    .data               dht11.o
    0x20000005   0x00000014   Data   RW          192    .data               lcd_i2c.o
    0x20000019   0x00000003   PAD
    0x2000001c   0x00000062   Data   RW          393    .data               main.o
    0x2000007e   0x00000002   PAD
    0x20000080   0x0000000c   Data   RW         1980    .data               stm32f4xx_hal.o
    0x2000008c   0x00000004   Data   RW         3944    .data               system_stm32f4xx.o
    0x20000090   0x0000003c   Data   RW         4606    .data               tasks.o
    0x200000cc   0x00000014   Data   RW         4926    .data               timers.o
    0x200000e0   0x00000004   Data   RW         5133    .data               cmsis_os2.o
    0x200000e4   0x00000018   Data   RW         5506    .data               heap_4.o
    0x200000fc   0x0000000c   Data   RW         5557    .data               port.o
    0x20000108   0x00000004   Data   RW         6023    .data               mc_w.l(errno.o)
    0x2000010c   0x000001e4   Zero   RW          190    .bss                lcd_i2c.o
    0x200002f0   0x0000026c   Zero   RW          390    .bss                main.o
    0x2000055c   0x00000040   Zero   RW          768    .bss                stm32f4xx_hal_timebase_tim.o
    0x2000059c   0x00000040   Zero   RW         4183    .bss                queue.o
    0x200005dc   0x000004c4   Zero   RW         4605    .bss                tasks.o
    0x20000aa0   0x00000118   Zero   RW         4925    .bss                timers.o
    0x20000bb8   0x000006b8   Zero   RW         5132    .bss                cmsis_os2.o
    0x20001270   0x00003c00   Zero   RW         5505    .bss                heap_4.o
    0x20004e70   0x00000400   Zero   RW            1    STACK               startup_stm32f407xx.o


==============================================================================

Image component sizes


      Code (inc. data)   RO Data    RW Data    ZI Data      Debug   Object Name

       368         28          0          4       1720      30602   cmsis_os2.o
       470         28          0          5          0     713749   dht11.o
         0          0          0          0          0      18444   event_groups.o
       460         24          0         24      15360       4915   heap_4.o
       678         62         80         20        484       6115   lcd_i2c.o
       138          0          0          0          0       3690   list.o
      3140        380        288         98        620      29218   main.o
        92         20          0          0          0       2382   music.o
       786         82          0         12          0      11877   port.o
      1512         20          0          0         64      17728   queue.o
        36          6          0          0          0        509   servo.o
        36          8        392          0       1024        860   startup_stm32f407xx.o
       116         18          0         12          0       8878   stm32f4xx_hal.o
      1014         54          0          0          0       5153   stm32f4xx_hal_adc.o
       158         14          0          0          0      33278   stm32f4xx_hal_cortex.o
        36          0          0          0          0       1259   stm32f4xx_hal_dma.o
       460         46          0          0          0       3151   stm32f4xx_hal_gpio.o
      1664         42          0          0          0      10845   stm32f4xx_hal_i2c.o
        94          0          0          0          0       1827   stm32f4xx_hal_iwdg.o
       792         98          0          0          0       4961   stm32f4xx_hal_msp.o
      1396         86          0          0          0       6057   stm32f4xx_hal_rcc.o
      1400         90          0          0          0      13631   stm32f4xx_hal_tim.o
       232         28          0          0          0       3393   stm32f4xx_hal_tim_ex.o
       116         16          0          0         64       1468   stm32f4xx_hal_timebase_tim.o
      1334         16          0          0          0      10095   stm32f4xx_hal_uart.o
        64         22          0          0          0       4380   stm32f4xx_it.o
         0          0          0          0          0        392   stream_buffer.o
        28          6         24          4          0       1203   system_stm32f4xx.o
      2084        170          0         60       1220      27524   tasks.o
       972         80          0         20        280      32399   timers.o

    ----------------------------------------------------------------------
     19716       1444        820        264      20836    1009983   Object Totals
         0          0         32          0          0          0   (incl. Generated)
        40          0          4          5          0          0   (incl. Padding)

    ----------------------------------------------------------------------

      Code (inc. data)   RO Data    RW Data    ZI Data      Debug   Library Member Name

       184         44          0          0          0        744   dunder.o
        24          0          0          0          0        124   fabs.o
        48          0          0          0          0        124   fpclassify.o
       980         92         56          0          0        440   log.o
       304         44          0          0          0        200   log10.o
       248          0          0          0          0        152   poly.o
      3152        296        136          0          0        352   pow.o
         0          0          8          0          0          0   qnan.o
       110          0          0          0          0        148   sqrt.o
         0          0          0          0          0          0   entry.o
         0          0          0          0          0          0   entry10a.o
         0          0          0          0          0          0   entry11a.o
         8          4          0          0          0          0   entry2.o
         4          0          0          0          0          0   entry5.o
         0          0          0          0          0          0   entry7b.o
         0          0          0          0          0          0   entry8b.o
         8          4          0          0          0          0   entry9a.o
        12          6          0          4          0         68   errno.o
        30          0          0          0          0          0   handlers.o
        36          8          0          0          0         68   init.o
         0          0          0          0          0          0   iusefp.o
        30          0          0          0          0         68   llshl.o
        36          0          0          0          0         68   llsshr.o
        32          0          0          0          0         68   llushr.o
        36          0          0          0          0         68   memcpya.o
        36          0          0          0          0        108   memseta.o
      2306         90          0          0          0        664   printfa.o
        18          0          0          0          0         68   strcpy.o
        14          0          0          0          0         68   strlen.o
        30          0          0          0          0         80   strncmp.o
        44          0          0          0          0         80   uidiv.o
        98          0          0          0          0         92   uldiv.o
        48          0          0          0          0         68   cdcmple.o
        48          0          0          0          0         68   cdrcmple.o
        56          0          0          0          0         88   d2f.o
       334          0          0          0          0        148   dadd.o
       222          0          0          0          0        100   ddiv.o
       186          0          0          0          0        176   depilogue.o
        48          0          0          0          0         68   dfixul.o
        34          0          0          0          0         76   dflti.o
       228          0          0          0          0         96   dmul.o
        46          0          0          0          0         80   dscalb.o
       162          0          0          0          0        100   dsqrt.o
        38          0          0          0          0         68   f2d.o
       110          0          0          0          0        168   fepilogue.o

    ----------------------------------------------------------------------
      9400        592        200          4          0       5156   Library Totals
        12          4          0          0          0          0   (incl. Padding)

    ----------------------------------------------------------------------

      Code (inc. data)   RO Data    RW Data    ZI Data      Debug   Library Name

      5050        476        200          0          0       2284   m_wm.l
      2778        112          0          4          0       1568   mc_w.l
      1560          0          0          0          0       1304   mf_w.l

    ----------------------------------------------------------------------
      9400        592        200          4          0       5156   Library Totals

    ----------------------------------------------------------------------

==============================================================================


      Code (inc. data)   RO Data    RW Data    ZI Data      Debug   

     29116       2036       1020        268      20836     993383   Grand Totals
     29116       2036       1020        268      20836     993383   ELF Image Totals
     29116       2036       1020        268          0          0   ROM Totals

==============================================================================

    Total RO  Size (Code + RO Data)                30136 (  29.43kB)
    Total RW  Size (RW Data + ZI Data)             21104 (  20.61kB)
    Total ROM Size (Code + RO Data + RW Data)      30404 (  29.69kB)

==============================================================================

