<html>
<body>
<pre>
<h1>µVision Build Log</h1>
<h2>Tool Versions:</h2>
IDE-Version: µVision V5.17.0.0
Copyright (C) 2015 ARM Ltd and ARM Germany GmbH. All rights reserved.
License Information: Hieu Huynh, HieuHuynh, LIC=QF8NN-YZV0Q-LCGJF-6Y06C-TH5EM-5T89R
 
Tool Versions:
Toolchain:       MDK-ARM Standard  Version: 5.17
Toolchain Path:  C:\Keil_v5\ARM\ARMCC\Bin
C Compiler:      Armcc.exe V5.06 update 1 (build 61)
Assembler:       Armasm.exe V5.06 update 1 (build 61)
Linker/Locator:  ArmLink.exe V5.06 update 1 (build 61)
Library Manager: ArmAr.exe V5.06 update 1 (build 61)
Hex Converter:   FromElf.exe V5.06 update 1 (build 61)
CPU DLL:         SARMCM3.DLL V5.17
Dialog DLL:      DCM.DLL V1.13.4.0
Target DLL:      STLink\ST-LINKIII-KEIL_SWO.dll V2.0.18.0
Dialog DLL:      TCM.DLL V1.14.6.0
 
<h2>Project:</h2>
C:\Users\hieu2\OneDrive\Desktop\SMARTHOME_TEST\SH_V3_FREERTOS_AddDevice_Flash\MDK-ARM\SH_V1.uvprojx
Project File Date:  06/16/2021

<h2>Output:</h2>
*** Using Compiler 'V5.06 update 1 (build 61)', folder: 'C:\Keil_v5\ARM\ARMCC\Bin'
Build target 'SH_V1'
compiling MY_FLASH.c...
compiling main.c...
../Src/main.c(487): warning:  #1035-D: single-precision operand implicitly converted to double-precision
  	ppm_in_log = (log10(((5 - gas_value_inVolts)/gas_value_inVolts)/0.1260) - 1.2908)/(-0.461);
../Src/main.c(1044): warning:  #177-D: function "MX_IWDG_Init" was declared but never referenced
  static void MX_IWDG_Init(void)
../Src/main.c: 2 warnings, 0 errors
linking...
Program Size: Code=26808 RO-data=936 RW-data=264 ZI-data=18880  
FromELF: creating hex file...
"SH_V1\SH_V1.axf" - 0 Error(s), 2 Warning(s).

<h2>Software Packages used:</h2>

Package Vendor: ARM
                http://www.keil.com/pack/ARM.CMSIS.5.7.0.pack
                ARM::CMSIS:CORE:5.4.0
                CMSIS (Cortex Microcontroller Software Interface Standard)
   * Component: CORE Version: 5.4.0

<h2>Collection of Component include folders:</h2>
  C:\Users\hieu2\OneDrive\Desktop\SMARTHOME_TEST\SH_V3_FREERTOS_AddDevice_Flash\MDK-ARM\RTE
  C:\Users\hieu2\AppData\Local\Arm\Packs\ARM\CMSIS\5.7.0\CMSIS\Core\Include
  C:\Users\hieu2\AppData\Local\Arm\Packs\Keil\STM32F4xx_DFP\2.15.0\Drivers\CMSIS\Device\ST\STM32F4xx\Include

<h2>Collection of Component Files used:</h2>

   * Component: ARM::CMSIS:CORE:5.4.0
      Source file:   CMSIS\Core\Template\ARMv8-M\main_s.c
      Include file:  CMSIS\Core\Include\tz_context.h
      Source file:   CMSIS\Core\Template\ARMv8-M\tz_context.c
Build Time Elapsed:  00:00:08
</pre>
</body>
</html>
