Component: ARM Compiler 5.06 update 1 (build 61) Tool: armlink [4d35a8]

==============================================================================

Section Cross References

    startup_stm32f407xx.o(RESET) refers to startup_stm32f407xx.o(STACK) for __initial_sp
    startup_stm32f407xx.o(RESET) refers to startup_stm32f407xx.o(.text) for Reset_Handler
    startup_stm32f407xx.o(RESET) refers to stm32f4xx_it.o(i.NMI_Handler) for NMI_Handler
    startup_stm32f407xx.o(RESET) refers to stm32f4xx_it.o(i.HardFault_Handler) for HardFault_Handler
    startup_stm32f407xx.o(RESET) refers to stm32f4xx_it.o(i.MemManage_Handler) for MemManage_Handler
    startup_stm32f407xx.o(RESET) refers to stm32f4xx_it.o(i.BusFault_Handler) for BusFault_Handler
    startup_stm32f407xx.o(RESET) refers to stm32f4xx_it.o(i.UsageFault_Handler) for UsageFault_Handler
    startup_stm32f407xx.o(RESET) refers to stm32f4xx_it.o(i.SVC_Handler) for SVC_Handler
    startup_stm32f407xx.o(RESET) refers to stm32f4xx_it.o(i.DebugMon_Handler) for DebugMon_Handler
    startup_stm32f407xx.o(RESET) refers to stm32f4xx_it.o(i.PendSV_Handler) for PendSV_Handler
    startup_stm32f407xx.o(RESET) refers to stm32f4xx_it.o(i.SysTick_Handler) for SysTick_Handler
    startup_stm32f407xx.o(RESET) refers to stm32f4xx_it.o(i.USART1_IRQHandler) for USART1_IRQHandler
    startup_stm32f407xx.o(RESET) refers to stm32f4xx_it.o(i.USART6_IRQHandler) for USART6_IRQHandler
    startup_stm32f407xx.o(.text) refers to system_stm32f4xx.o(i.SystemInit) for SystemInit
    startup_stm32f407xx.o(.text) refers to entry.o(.ARM.Collect$$$$00000000) for __main
    dht11.o(i.DHT11_Init) refers to dht11.o(i.GPIO_DHT11_OUT) for GPIO_DHT11_OUT
    dht11.o(i.DHT11_Init) refers to stm32f4xx_hal_gpio.o(i.HAL_GPIO_WritePin) for HAL_GPIO_WritePin
    dht11.o(i.DHT11_Init) refers to stm32f4xx_hal.o(i.HAL_Delay) for HAL_Delay
    dht11.o(i.GPIO_DHT11_OUT) refers to stm32f4xx_hal_gpio.o(i.HAL_GPIO_Init) for HAL_GPIO_Init
    dht11.o(i.READ_DATA_8BIT) refers to stm32f4xx_hal_gpio.o(i.HAL_GPIO_ReadPin) for HAL_GPIO_ReadPin
    dht11.o(i.READ_DATA_8BIT) refers to dht11.o(i.delay_us) for delay_us
    dht11.o(i.Read_TempAndHumidity) refers to dht11.o(i.GPIO_DHT11_OUT) for GPIO_DHT11_OUT
    dht11.o(i.Read_TempAndHumidity) refers to stm32f4xx_hal_gpio.o(i.HAL_GPIO_WritePin) for HAL_GPIO_WritePin
    dht11.o(i.Read_TempAndHumidity) refers to stm32f4xx_hal.o(i.HAL_Delay) for HAL_Delay
    dht11.o(i.Read_TempAndHumidity) refers to dht11.o(i.delay_us) for delay_us
    dht11.o(i.Read_TempAndHumidity) refers to stm32f4xx_hal_gpio.o(i.HAL_GPIO_Init) for HAL_GPIO_Init
    dht11.o(i.Read_TempAndHumidity) refers to stm32f4xx_hal_gpio.o(i.HAL_GPIO_ReadPin) for HAL_GPIO_ReadPin
    dht11.o(i.Read_TempAndHumidity) refers to dht11.o(i.READ_DATA_8BIT) for READ_DATA_8BIT
    dht11.o(i.read_DHT11) refers to dht11.o(i.Read_TempAndHumidity) for Read_TempAndHumidity
    dht11.o(i.read_DHT11) refers to dht11.o(.data) for .data
    lcd_i2c.o(i.LCD_BackLight) refers to lcd_i2c.o(i.LCD_Write_Data) for LCD_Write_Data
    lcd_i2c.o(i.LCD_BackLight) refers to lcd_i2c.o(.data) for .data
    lcd_i2c.o(i.LCD_Clear) refers to lcd_i2c.o(i.LCD_Set_Command) for LCD_Set_Command
    lcd_i2c.o(i.LCD_Clear) refers to stm32f4xx_hal.o(i.HAL_Delay) for HAL_Delay
    lcd_i2c.o(i.LCD_Clear) refers to lcd_i2c.o(.data) for .data
    lcd_i2c.o(i.LCD_Init) refers to lcd_i2c.o(i.LCD_Set_Command) for LCD_Set_Command
    lcd_i2c.o(i.LCD_Init) refers to stm32f4xx_hal.o(i.HAL_Delay) for HAL_Delay
    lcd_i2c.o(i.LCD_Print) refers to f2d.o(.text) for __aeabi_f2d
    lcd_i2c.o(i.LCD_Print) refers to printfa.o(i.__0sprintf) for __2sprintf
    lcd_i2c.o(i.LCD_Print) refers to lcd_i2c.o(i.LCD_Send_String) for LCD_Send_String
    lcd_i2c.o(i.LCD_Send_String) refers to strlen.o(.text) for strlen
    lcd_i2c.o(i.LCD_Send_String) refers to lcd_i2c.o(i.LCD_SetCursor) for LCD_SetCursor
    lcd_i2c.o(i.LCD_Send_String) refers to lcd_i2c.o(i.LCD_Write_Data) for LCD_Write_Data
    lcd_i2c.o(i.LCD_Send_String) refers to lcd_i2c.o(.data) for .data
    lcd_i2c.o(i.LCD_Send_String) refers to lcd_i2c.o(.bss) for .bss
    lcd_i2c.o(i.LCD_SetCursor) refers to lcd_i2c.o(i.LCD_Set_Command) for LCD_Set_Command
    lcd_i2c.o(i.LCD_SetCursor) refers to lcd_i2c.o(.data) for .data
    lcd_i2c.o(i.LCD_SetCursor) refers to lcd_i2c.o(.constdata) for .constdata
    lcd_i2c.o(i.LCD_Set_Command) refers to lcd_i2c.o(i.hi2cx_define) for hi2cx_define
    lcd_i2c.o(i.LCD_Set_Command) refers to stm32f4xx_hal_i2c.o(i.HAL_I2C_Master_Transmit) for HAL_I2C_Master_Transmit
    lcd_i2c.o(i.LCD_Set_Command) refers to lcd_i2c.o(.data) for .data
    lcd_i2c.o(i.LCD_Set_Command) refers to lcd_i2c.o(.bss) for .bss
    lcd_i2c.o(i.LCD_Write_Data) refers to lcd_i2c.o(i.hi2cx_define) for hi2cx_define
    lcd_i2c.o(i.LCD_Write_Data) refers to stm32f4xx_hal_i2c.o(i.HAL_I2C_Master_Transmit) for HAL_I2C_Master_Transmit
    lcd_i2c.o(i.LCD_Write_Data) refers to lcd_i2c.o(.data) for .data
[...]
    ../clib/microlib/stdio/fputc.c           0x00000000   Number         0  fputc.o ABSOLUTE
    ../clib/microlib/stdio/semi.s            0x00000000   Number         0  semi.o ABSOLUTE
    ../clib/microlib/stdio/streams.c         0x00000000   Number         0  stdout.o ABSOLUTE
    ../clib/microlib/string/memcpy.c         0x00000000   Number         0  memcpya.o ABSOLUTE
    ../clib/microlib/string/memcpy.c         0x00000000   Number         0  memcpyb.o ABSOLUTE
    ../clib/microlib/string/memset.c         0x00000000   Number         0  memseta.o ABSOLUTE
    ../clib/microlib/string/strcpy.c         0x00000000   Number         0  strcpy.o ABSOLUTE
    ../clib/microlib/string/strlen.c         0x00000000   Number         0  strlen.o ABSOLUTE
    ../clib/microlib/string/strncmp.c        0x00000000   Number         0  strncmp.o ABSOLUTE
    ../clib/microlib/stubs.s                 0x00000000   Number         0  iusesemip.o ABSOLUTE
    ../clib/microlib/stubs.s                 0x00000000   Number         0  iusefp.o ABSOLUTE
    ../fplib/microlib/d2f.c                  0x00000000   Number         0  d2f.o ABSOLUTE
    ../fplib/microlib/f2d.c                  0x00000000   Number         0  f2d.o ABSOLUTE
    ../fplib/microlib/fpadd.c                0x00000000   Number         0  dadd.o ABSOLUTE
    ../fplib/microlib/fpdiv.c                0x00000000   Number         0  ddiv.o ABSOLUTE
    ../fplib/microlib/fpepilogue.c           0x00000000   Number         0  depilogue.o ABSOLUTE
    ../fplib/microlib/fpepilogue.c           0x00000000   Number         0  fepilogue.o ABSOLUTE
    ../fplib/microlib/fpfix.c                0x00000000   Number         0  dfixi.o ABSOLUTE
    ../fplib/microlib/fpfix.c                0x00000000   Number         0  dfixul.o ABSOLUTE
    ../fplib/microlib/fpflt.c                0x00000000   Number         0  dflti.o ABSOLUTE
    ../fplib/microlib/fpmul.c                0x00000000   Number         0  dmul.o ABSOLUTE
    ../fplib/microlib/fpneg.c                0x00000000   Number         0  dneg.o ABSOLUTE
    ../fplib/microlib/fpscalb.c              0x00000000   Number         0  dscalb.o ABSOLUTE
    ../fplib/microlib/fpsqrt.c               0x00000000   Number         0  dsqrt.o ABSOLUTE
    ../mathlib/dunder.c                      0x00000000   Number         0  dunder.o ABSOLUTE
    ../mathlib/fabs.c                        0x00000000   Number         0  fabs.o ABSOLUTE
    ../mathlib/fpclassify.c                  0x00000000   Number         0  fpclassify.o ABSOLUTE
    ../mathlib/log.c                         0x00000000   Number         0  log.o ABSOLUTE
    ../mathlib/log.c                         0x00000000   Number         0  log_x.o ABSOLUTE
    ../mathlib/log10.c                       0x00000000   Number         0  log10.o ABSOLUTE
    ../mathlib/log10.c                       0x00000000   Number         0  log10_x.o ABSOLUTE
    ../mathlib/poly.c                        0x00000000   Number         0  poly.o ABSOLUTE
    ../mathlib/pow.c                         0x00000000   Number         0  pow.o ABSOLUTE
    ../mathlib/pow.c                         0x00000000   Number         0  pow_x.o ABSOLUTE
    ../mathlib/qnan.c                        0x00000000   Number         0  qnan.o ABSOLUTE
    ../mathlib/sqrt.c                        0x00000000   Number         0  sqrt_x.o ABSOLUTE
    ../mathlib/sqrt.c                        0x00000000   Number         0  sqrt.o ABSOLUTE
    ..\Drivers\STM32F4xx_HAL_Driver\Src\stm32f4xx_hal.c 0x00000000   Number         0  stm32f4xx_hal.o ABSOLUTE
    ..\Drivers\STM32F4xx_HAL_Driver\Src\stm32f4xx_hal_adc.c 0x00000000   Number         0  stm32f4xx_hal_adc.o ABSOLUTE
    ..\Drivers\STM32F4xx_HAL_Driver\Src\stm32f4xx_hal_adc_ex.c 0x00000000   Number         0  stm32f4xx_hal_adc_ex.o ABSOLUTE
    ..\Drivers\STM32F4xx_HAL_Driver\Src\stm32f4xx_hal_cortex.c 0x00000000   Number         0  stm32f4xx_hal_cortex.o ABSOLUTE
    ..\Drivers\STM32F4xx_HAL_Driver\Src\stm32f4xx_hal_dma.c 0x00000000   Number         0  stm32f4xx_hal_dma.o ABSOLUTE
    ..\Drivers\STM32F4xx_HAL_Driver\Src\stm32f4xx_hal_dma_ex.c 0x00000000   Number         0  stm32f4xx_hal_dma_ex.o ABSOLUTE
    ..\Drivers\STM32F4xx_HAL_Driver\Src\stm32f4xx_hal_exti.c 0x00000000   Number         0  stm32f4xx_hal_exti.o ABSOLUTE
    ..\Drivers\STM32F4xx_HAL_Driver\Src\stm32f4xx_hal_flash.c 0x00000000   Number         0  stm32f4xx_hal_flash.o ABSOLUTE
    ..\Drivers\STM32F4xx_HAL_Driver\Src\stm32f4xx_hal_flash_ex.c 0x00000000   Number         0  stm32f4xx_hal_flash_ex.o ABSOLUTE
    ..\Drivers\STM32F4xx_HAL_Driver\Src\stm32f4xx_hal_flash_ramfunc.c 0x00000000   Number         0  stm32f4xx_hal_flash_ramfunc.o ABSOLUTE
    ..\Drivers\STM32F4xx_HAL_Driver\Src\stm32f4xx_hal_gpio.c 0x00000000   Number         0  stm32f4xx_hal_gpio.o ABSOLUTE
    ..\Drivers\STM32F4xx_HAL_Driver\Src\stm32f4xx_hal_i2c.c 0x00000000   Number         0  stm32f4xx_hal_i2c.o ABSOLUTE
    ..\Drivers\STM32F4xx_HAL_Driver\Src\stm32f4xx_hal_i2c_ex.c 0x00000000   Number         0  stm32f4xx_hal_i2c_ex.o ABSOLUTE
    ..\Drivers\STM32F4xx_HAL_Driver\Src\stm32f4xx_hal_pwr.c 0x00000000   Number         0  stm32f4xx_hal_pwr.o ABSOLUTE
    ..\Drivers\STM32F4xx_HAL_Driver\Src\stm32f4xx_hal_pwr_ex.c 0x00000000   Number         0  stm32f4xx_hal_pwr_ex.o ABSOLUTE
    ..\Drivers\STM32F4xx_HAL_Driver\Src\stm32f4xx_hal_rcc.c 0x00000000   Number         0  stm32f4xx_hal_rcc.o ABSOLUTE
    ..\Drivers\STM32F4xx_HAL_Driver\Src\stm32f4xx_hal_rcc_ex.c 0x00000000   Number         0  stm32f4xx_hal_rcc_ex.o ABSOLUTE
    ..\Drivers\STM32F4xx_HAL_Driver\Src\stm32f4xx_hal_tim.c 0x00000000   Number         0  stm32f4xx_hal_tim.o ABSOLUTE
    ..\Drivers\STM32F4xx_HAL_Driver\Src\stm32f4xx_hal_tim_ex.c 0x00000000   Number         0  stm32f4xx_hal_tim_ex.o ABSOLUTE
    ..\Drivers\STM32F4xx_HAL_Driver\Src\stm32f4xx_hal_uart.c 0x00000000   Number         0  stm32f4xx_hal_uart.o ABSOLUTE
    ..\Src\main.c                            0x00000000   Number         0  main.o ABSOLUTE
    ..\Src\stm32f4xx_hal_msp.c               0x00000000   Number         0  stm32f4xx_hal_msp.o ABSOLUTE
    ..\Src\stm32f4xx_it.c                    0x00000000   Number         0  stm32f4xx_it.o ABSOLUTE
    ..\Src\system_stm32f4xx.c                0x00000000   Number         0  system_stm32f4xx.o ABSOLUTE
    LIB\LCD\lcd_i2c.c                        0x00000000   Number         0  lcd_i2c.o ABSOLUTE
    LIB\\LCD\\lcd_i2c.c                      0x00000000   Number         0  lcd_i2c.o ABSOLUTE
    LIB\\dht11\\dht11.c                      0x00000000   Number         0  dht11.o ABSOLUTE
    LIB\\music\\music.c                      0x00000000   Number         0  music.o ABSOLUTE
    LIB\\servo\\servo.c                      0x00000000   Number         0  servo.o ABSOLUTE
    LIB\dht11\dht11.c                        0x00000000   Number         0  dht11.o ABSOLUTE
    LIB\music\music.c                        0x00000000   Number         0  music.o ABSOLUTE
    LIB\servo\servo.c                        0x00000000   Number         0  servo.o ABSOLUTE
    cdcmple.s                                0x00000000   Number         0  cdcmple.o ABSOLUTE
    cdrcmple.s                               0x00000000   Number         0  cdrcmple.o ABSOLUTE
    dc.s                                     0x00000000   Number         0  dc.o ABSOLUTE
    handlers.s                               0x00000000   Number         0  handlers.o ABSOLUTE
    init.s                                   0x00000000   Number         0  init.o ABSOLUTE
    startup_stm32f407xx.s                    0x00000000   Number         0  startup_stm32f407xx.o ABSOLUTE
    RESET                                    0x08000000   Section      392  startup_stm32f407xx.o(RESET)
    .ARM.Collect$$$$00000000                 0x08000188   Section        0  entry.o(.ARM.Collect$$$$00000000)
    .ARM.Collect$$$$00000001                 0x08000188   Section        4  entry2.o(.ARM.Collect$$$$00000001)
    .ARM.Collect$$$$00000004                 0x0800018c   Section        4  entry5.o(.ARM.Collect$$$$00000004)
    .ARM.Collect$$$$00000008                 0x08000190   Section        0  entry7b.o(.ARM.Collect$$$$00000008)
    .ARM.Collect$$$$0000000A                 0x08000190   Section        0  entry8b.o(.ARM.Collect$$$$0000000A)
    .ARM.Collect$$$$0000000B                 0x08000190   Section        8  entry9a.o(.ARM.Collect$$$$0000000B)
    .ARM.Collect$$$$0000000D                 0x08000198   Section        0  entry10a.o(.ARM.Collect$$$$0000000D)
    .ARM.Collect$$$$0000000F                 0x08000198   Section        0  entry11a.o(.ARM.Collect$$$$0000000F)
    .ARM.Collect$$$$00002712                 0x08000198   Section        4  entry2.o(.ARM.Collect$$$$00002712)
    __lit__00000000                          0x08000198   Data           4  entry2.o(.ARM.Collect$$$$00002712)
    .text                                    0x0800019c   Section       36  startup_stm32f407xx.o(.text)
    $v0                                      0x0800019c   Number         0  startup_stm32f407xx.o(.text)
    .text                                    0x080001c0   Section        0  uldiv.o(.text)
    .text                                    0x08000222   Section        0  memcpya.o(.text)
    .text                                    0x08000246   Section        0  memseta.o(.text)
    .text                                    0x0800026a   Section        0  strlen.o(.text)
    .text                                    0x08000278   Section        0  strcpy.o(.text)
    .text                                    0x0800028a   Section        0  strncmp.o(.text)
    .text                                    0x080002a8   Section        0  dadd.o(.text)
    .text                                    0x080003f6   Section        0  dmul.o(.text)
    .text                                    0x080004da   Section        0  ddiv.o(.text)
    .text                                    0x080005b8   Section        0  dflti.o(.text)
    .text                                    0x080005da   Section        0  f2d.o(.text)
    .text                                    0x08000600   Section        0  d2f.o(.text)
    .text                                    0x08000638   Section        0  uidiv.o(.text)
    .text                                    0x08000664   Section        0  llshl.o(.text)
    .text                                    0x08000682   Section        0  llushr.o(.text)
    .text                                    0x080006a2   Section        0  llsshr.o(.text)
    .text                                    0x080006c6   Section        0  iusefp.o(.text)
    .text                                    0x080006c6   Section        0  fepilogue.o(.text)
    .text                                    0x08000734   Section        0  depilogue.o(.text)
    .text                                    0x080007ee   Section        0  dscalb.o(.text)
    .text                                    0x0800081c   Section        0  dfixul.o(.text)
    .text                                    0x0800084c   Section       48  cdrcmple.o(.text)
    .text                                    0x0800087c   Section       36  init.o(.text)
    .text                                    0x080008a0   Section        0  dsqrt.o(.text)
    .text                                    0x08000944   Section       48  cdcmple.o(.text)
    i.ADC_Init                               0x08000974   Section        0  stm32f4xx_hal_adc.o(i.ADC_Init)
    ADC_Init                                 0x08000975   Thumb Code   284  stm32f4xx_hal_adc.o(i.ADC_Init)
    i.BusFault_Handler                       0x08000a9c   Section        0  stm32f4xx_it.o(i.BusFault_Handler)
    i.DHT11_Init                             0x08000aa0   Section        0  dht11.o(i.DHT11_Init)
    i.DebugMon_Handler                       0x08000ac0   Section        0  stm32f4xx_it.o(i.DebugMon_Handler)
    i.GPIO_DHT11_OUT                         0x08000ac4   Section        0  dht11.o(i.GPIO_DHT11_OUT)
    GPIO_DHT11_OUT                           0x08000ac5   Thumb Code    46  dht11.o(i.GPIO_DHT11_OUT)
    i.HAL_ADC_ConfigChannel                  0x08000afc   Section        0  stm32f4xx_hal_adc.o(i.HAL_ADC_ConfigChannel)
    i.HAL_ADC_GetValue                       0x08000c48   Section        0  stm32f4xx_hal_adc.o(i.HAL_ADC_GetValue)
    i.HAL_ADC_Init                           0x08000c4e   Section        0  stm32f4xx_hal_adc.o(i.HAL_ADC_Init)
    i.HAL_ADC_MspInit                        0x08000ca4   Section        0  stm32f4xx_hal_msp.o(i.HAL_ADC_MspInit)
    i.HAL_ADC_Start                          0x08000d34   Section        0  stm32f4xx_hal_adc.o(i.HAL_ADC_Start)
    i.HAL_ADC_Stop                           0x08000e20   Section        0  stm32f4xx_hal_adc.o(i.HAL_ADC_Stop)
    i.HAL_DMA_Abort_IT                       0x08000e5c   Section        0  stm32f4xx_hal_dma.o(i.HAL_DMA_Abort_IT)
    i.HAL_Delay                              0x08000e80   Section        0  stm32f4xx_hal.o(i.HAL_Delay)
    i.HAL_GPIO_Init                          0x08000ea4   Section        0  stm32f4xx_hal_gpio.o(i.HAL_GPIO_Init)
    i.HAL_GPIO_ReadPin                       0x0800105c   Section        0  stm32f4xx_hal_gpio.o(i.HAL_GPIO_ReadPin)
    i.HAL_GPIO_TogglePin                     0x08001066   Section        0  stm32f4xx_hal_gpio.o(i.HAL_GPIO_TogglePin)
    i.HAL_GPIO_WritePin                      0x08001074   Section        0  stm32f4xx_hal_gpio.o(i.HAL_GPIO_WritePin)
    i.HAL_GetTick                            0x08001080   Section        0  stm32f4xx_hal.o(i.HAL_GetTick)
    i.HAL_I2C_Init                           0x0800108c   Section        0  stm32f4xx_hal_i2c.o(i.HAL_I2C_Init)
    i.HAL_I2C_IsDeviceReady                  0x08001214   Section        0  stm32f4xx_hal_i2c.o(i.HAL_I2C_IsDeviceReady)
    i.HAL_I2C_Master_Transmit                0x08001380   Section        0  stm32f4xx_hal_i2c.o(i.HAL_I2C_Master_Transmit)
    i.HAL_I2C_MspInit                        0x080014ac   Section        0  stm32f4xx_hal_msp.o(i.HAL_I2C_MspInit)
    i.HAL_IncTick                            0x08001518   Section        0  stm32f4xx_hal.o(i.HAL_IncTick)
    i.HAL_Init                               0x08001528   Section        0  stm32f4xx_hal.o(i.HAL_Init)
    i.HAL_InitTick                           0x0800155c   Section        0  stm32f4xx_hal.o(i.HAL_InitTick)
    i.HAL_MspInit                            0x0800159c   Section        0  stm32f4xx_hal_msp.o(i.HAL_MspInit)
    i.HAL_NVIC_EnableIRQ                     0x080015cc   Section        0  stm32f4xx_hal_cortex.o(i.HAL_NVIC_EnableIRQ)
    i.HAL_NVIC_SetPriority                   0x080015e8   Section        0  stm32f4xx_hal_cortex.o(i.HAL_NVIC_SetPriority)
    i.HAL_NVIC_SetPriorityGrouping           0x08001628   Section        0  stm32f4xx_hal_cortex.o(i.HAL_NVIC_SetPriorityGrouping)
    i.HAL_RCC_ClockConfig                    0x0800164c   Section        0  stm32f4xx_hal_rcc.o(i.HAL_RCC_ClockConfig)
    i.HAL_RCC_GetPCLK1Freq                   0x08001780   Section        0  stm32f4xx_hal_rcc.o(i.HAL_RCC_GetPCLK1Freq)
    i.HAL_RCC_GetPCLK2Freq                   0x080017a0   Section        0  stm32f4xx_hal_rcc.o(i.HAL_RCC_GetPCLK2Freq)
    i.HAL_RCC_GetSysClockFreq                0x080017c0   Section        0  stm32f4xx_hal_rcc.o(i.HAL_RCC_GetSysClockFreq)
    i.HAL_RCC_OscConfig                      0x08001824   Section        0  stm32f4xx_hal_rcc.o(i.HAL_RCC_OscConfig)
    i.HAL_SYSTICK_Config                     0x08001b80   Section        0  stm32f4xx_hal_cortex.o(i.HAL_SYSTICK_Config)
    i.HAL_TIMEx_ConfigBreakDeadTime          0x08001ba8   Section        0  stm32f4xx_hal_tim_ex.o(i.HAL_TIMEx_ConfigBreakDeadTime)
    i.HAL_TIMEx_MasterConfigSynchronization  0x08001bfc   Section        0  stm32f4xx_hal_tim_ex.o(i.HAL_TIMEx_MasterConfigSynchronization)
    i.HAL_TIM_MspPostInit                    0x08001c8c   Section        0  stm32f4xx_hal_msp.o(i.HAL_TIM_MspPostInit)
    i.HAL_TIM_PWM_ConfigChannel              0x08001d34   Section        0  stm32f4xx_hal_tim.o(i.HAL_TIM_PWM_ConfigChannel)
    i.HAL_TIM_PWM_Init                       0x08001e04   Section        0  stm32f4xx_hal_tim.o(i.HAL_TIM_PWM_Init)
    i.HAL_TIM_PWM_MspInit                    0x08001e3c   Section        0  stm32f4xx_hal_msp.o(i.HAL_TIM_PWM_MspInit)
    i.HAL_TIM_PWM_Start                      0x08001e9c   Section        0  stm32f4xx_hal_tim.o(i.HAL_TIM_PWM_Start)
    i.HAL_UART_ErrorCallback                 0x08001ee0   Section        0  stm32f4xx_hal_uart.o(i.HAL_UART_ErrorCallback)
    i.HAL_UART_IRQHandler                    0x08001ee4   Section        0  stm32f4xx_hal_uart.o(i.HAL_UART_IRQHandler)
    i.HAL_UART_Init                          0x08001ff8   Section        0  stm32f4xx_hal_uart.o(i.HAL_UART_Init)
    i.HAL_UART_MspInit                       0x0800205c   Section        0  stm32f4xx_hal_msp.o(i.HAL_UART_MspInit)
    i.HAL_UART_Receive_IT                    0x08002124   Section        0  stm32f4xx_hal_uart.o(i.HAL_UART_Receive_IT)
    i.HAL_UART_RxCpltCallback                0x08002178   Section        0  main.o(i.HAL_UART_RxCpltCallback)
    i.HAL_UART_Transmit_IT                   0x080021c8   Section        0  stm32f4xx_hal_uart.o(i.HAL_UART_Transmit_IT)
    i.HAL_UART_TxCpltCallback                0x08002206   Section        0  stm32f4xx_hal_uart.o(i.HAL_UART_TxCpltCallback)
    i.HardFault_Handler                      0x08002208   Section        0  stm32f4xx_it.o(i.HardFault_Handler)
    i.I2C_IsAcknowledgeFailed                0x0800220a   Section        0  stm32f4xx_hal_i2c.o(i.I2C_IsAcknowledgeFailed)
    I2C_IsAcknowledgeFailed                  0x0800220b   Thumb Code    46  stm32f4xx_hal_i2c.o(i.I2C_IsAcknowledgeFailed)
    i.I2C_MasterRequestWrite                 0x08002238   Section        0  stm32f4xx_hal_i2c.o(i.I2C_MasterRequestWrite)
    I2C_MasterRequestWrite                   0x08002239   Thumb Code   150  stm32f4xx_hal_i2c.o(i.I2C_MasterRequestWrite)
    i.I2C_WaitOnBTFFlagUntilTimeout          0x080022d4   Section        0  stm32f4xx_hal_i2c.o(i.I2C_WaitOnBTFFlagUntilTimeout)
    I2C_WaitOnBTFFlagUntilTimeout            0x080022d5   Thumb Code    76  stm32f4xx_hal_i2c.o(i.I2C_WaitOnBTFFlagUntilTimeout)
    i.I2C_WaitOnFlagUntilTimeout             0x08002320   Section        0  stm32f4xx_hal_i2c.o(i.I2C_WaitOnFlagUntilTimeout)
    I2C_WaitOnFlagUntilTimeout               0x08002321   Thumb Code   104  stm32f4xx_hal_i2c.o(i.I2C_WaitOnFlagUntilTimeout)
    i.I2C_WaitOnMasterAddressFlagUntilTimeout 0x08002388   Section        0  stm32f4xx_hal_i2c.o(i.I2C_WaitOnMasterAddressFlagUntilTimeout)
    I2C_WaitOnMasterAddressFlagUntilTimeout  0x08002389   Thumb Code   150  stm32f4xx_hal_i2c.o(i.I2C_WaitOnMasterAddressFlagUntilTimeout)
    i.I2C_WaitOnTXEFlagUntilTimeout          0x0800241e   Section        0  stm32f4xx_hal_i2c.o(i.I2C_WaitOnTXEFlagUntilTimeout)
    I2C_WaitOnTXEFlagUntilTimeout            0x0800241f   Thumb Code    76  stm32f4xx_hal_i2c.o(i.I2C_WaitOnTXEFlagUntilTimeout)
    i.LCD_BackLight                          0x0800246c   Section        0  lcd_i2c.o(i.LCD_BackLight)
    i.LCD_Clear                              0x08002484   Section        0  lcd_i2c.o(i.LCD_Clear)
    i.LCD_Init                               0x080024a4   Section        0  lcd_i2c.o(i.LCD_Init)
    i.LCD_Send_String                        0x080024ec   Section        0  lcd_i2c.o(i.LCD_Send_String)
    i.LCD_SetCursor                          0x080025bc   Section        0  lcd_i2c.o(i.LCD_SetCursor)
    i.LCD_Set_Command                        0x080025f0   Section        0  lcd_i2c.o(i.LCD_Set_Command)
    i.LCD_Write_Data                         0x0800263c   Section        0  lcd_i2c.o(i.LCD_Write_Data)
    i.LCD_i2cDeviceCheck                     0x08002690   Section        0  lcd_i2c.o(i.LCD_i2cDeviceCheck)
    i.MX_ADC1_Init                           0x080026bc   Section        0  main.o(i.MX_ADC1_Init)
    MX_ADC1_Init                             0x080026bd   Thumb Code    70  main.o(i.MX_ADC1_Init)
    i.MX_ADC2_Init                           0x08002710   Section        0  main.o(i.MX_ADC2_Init)
    MX_ADC2_Init                             0x08002711   Thumb Code    70  main.o(i.MX_ADC2_Init)
    i.MX_GPIO_Init                           0x08002764   Section        0  main.o(i.MX_GPIO_Init)
    MX_GPIO_Init                             0x08002765   Thumb Code   340  main.o(i.MX_GPIO_Init)
    i.MX_TIM1_Init                           0x080028d0   Section        0  main.o(i.MX_TIM1_Init)
    MX_TIM1_Init                             0x080028d1   Thumb Code   150  main.o(i.MX_TIM1_Init)
    i.MX_TIM3_Init                           0x08002970   Section        0  main.o(i.MX_TIM3_Init)
    MX_TIM3_Init                             0x08002971   Thumb Code    88  main.o(i.MX_TIM3_Init)
    i.MX_TIM9_Init                           0x080029d0   Section        0  main.o(i.MX_TIM9_Init)
    MX_TIM9_Init                             0x080029d1   Thumb Code    70  main.o(i.MX_TIM9_Init)
    i.MemManage_Handler                      0x08002a20   Section        0  stm32f4xx_it.o(i.MemManage_Handler)
    i.NMI_Handler                            0x08002a22   Section        0  stm32f4xx_it.o(i.NMI_Handler)
    i.PendSV_Handler                         0x08002a24   Section        0  stm32f4xx_it.o(i.PendSV_Handler)
    i.READ_DATA_8BIT                         0x08002a28   Section        0  dht11.o(i.READ_DATA_8BIT)
    READ_DATA_8BIT                           0x08002a29   Thumb Code    92  dht11.o(i.READ_DATA_8BIT)
    i.Read_TempAndHumidity                   0x08002a88   Section        0  dht11.o(i.Read_TempAndHumidity)
    i.SVC_Handler                            0x08002b38   Section        0  stm32f4xx_it.o(i.SVC_Handler)
    i.SysTick_Handler                        0x08002b3a   Section        0  stm32f4xx_it.o(i.SysTick_Handler)
    i.SystemClock_Config                     0x08002b40   Section        0  main.o(i.SystemClock_Config)
    i.SystemInit                             0x08002bc4   Section        0  system_stm32f4xx.o(i.SystemInit)
    i.TIM_Base_SetConfig                     0x08002be0   Section        0  stm32f4xx_hal_tim.o(i.TIM_Base_SetConfig)
    i.TIM_CCxChannelCmd                      0x08002ca8   Section        0  stm32f4xx_hal_tim.o(i.TIM_CCxChannelCmd)
    i.TIM_OC1_SetConfig                      0x08002cc4   Section        0  stm32f4xx_hal_tim.o(i.TIM_OC1_SetConfig)
    TIM_OC1_SetConfig                        0x08002cc5   Thumb Code    88  stm32f4xx_hal_tim.o(i.TIM_OC1_SetConfig)
    i.TIM_OC2_SetConfig                      0x08002d24   Section        0  stm32f4xx_hal_tim.o(i.TIM_OC2_SetConfig)
    i.TIM_OC3_SetConfig                      0x08002d90   Section        0  stm32f4xx_hal_tim.o(i.TIM_OC3_SetConfig)
    TIM_OC3_SetConfig                        0x08002d91   Thumb Code    96  stm32f4xx_hal_tim.o(i.TIM_OC3_SetConfig)
    i.TIM_OC4_SetConfig                      0x08002df8   Section        0  stm32f4xx_hal_tim.o(i.TIM_OC4_SetConfig)
    TIM_OC4_SetConfig                        0x08002df9   Thumb Code    70  stm32f4xx_hal_tim.o(i.TIM_OC4_SetConfig)
    i.UART_DMAAbortOnError                   0x08002e48   Section        0  stm32f4xx_hal_uart.o(i.UART_DMAAbortOnError)
    UART_DMAAbortOnError                     0x08002e49   Thumb Code    16  stm32f4xx_hal_uart.o(i.UART_DMAAbortOnError)
    i.UART_EndRxTransfer                     0x08002e58   Section        0  stm32f4xx_hal_uart.o(i.UART_EndRxTransfer)
    UART_EndRxTransfer                       0x08002e59   Thumb Code    28  stm32f4xx_hal_uart.o(i.UART_EndRxTransfer)
    i.UART_Receive_IT                        0x08002e74   Section        0  stm32f4xx_hal_uart.o(i.UART_Receive_IT)
    UART_Receive_IT                          0x08002e75   Thumb Code   150  stm32f4xx_hal_uart.o(i.UART_Receive_IT)
    i.UART_SetConfig                         0x08002f0c   Section        0  stm32f4xx_hal_uart.o(i.UART_SetConfig)
    UART_SetConfig                           0x08002f0d   Thumb Code   286  stm32f4xx_hal_uart.o(i.UART_SetConfig)
    i.UART_Transmit_IT                       0x08003034   Section        0  stm32f4xx_hal_uart.o(i.UART_Transmit_IT)
    UART_Transmit_IT                         0x08003035   Thumb Code    98  stm32f4xx_hal_uart.o(i.UART_Transmit_IT)
    i.USART1_IRQHandler                      0x08003098   Section        0  stm32f4xx_it.o(i.USART1_IRQHandler)
    i.USART6_IRQHandler                      0x080030a4   Section        0  stm32f4xx_it.o(i.USART6_IRQHandler)
    i.UsageFault_Handler                     0x080030b0   Section        0  stm32f4xx_it.o(i.UsageFault_Handler)
    i.__0snprintf                            0x080030b4   Section        0  printfa.o(i.__0snprintf)
    i.__0sprintf                             0x080030dc   Section        0  printfa.o(i.__0sprintf)
    i.__ARM_fpclassify                       0x08003104   Section        0  fpclassify.o(i.__ARM_fpclassify)
    i.__NVIC_SetPriority                     0x08003134   Section        0  stm32f4xx_hal_cortex.o(i.__NVIC_SetPriority)
    __NVIC_SetPriority                       0x08003135   Thumb Code    32  stm32f4xx_hal_cortex.o(i.__NVIC_SetPriority)
    i.__hardfp_log                           0x08003158   Section        0  log.o(i.__hardfp_log)
    i.__hardfp_log10                         0x08003520   Section        0  log10.o(i.__hardfp_log10)
    i.__hardfp_pow                           0x08003650   Section        0  pow.o(i.__hardfp_pow)
    i.__kernel_poly                          0x080042a0   Section        0  poly.o(i.__kernel_poly)
    i.__mathlib_dbl_divzero                  0x08004398   Section        0  dunder.o(i.__mathlib_dbl_divzero)
    i.__mathlib_dbl_infnan                   0x080043c8   Section        0  dunder.o(i.__mathlib_dbl_infnan)
    i.__mathlib_dbl_infnan2                  0x080043dc   Section        0  dunder.o(i.__mathlib_dbl_infnan2)
    i.__mathlib_dbl_invalid                  0x080043f0   Section        0  dunder.o(i.__mathlib_dbl_invalid)
    i.__mathlib_dbl_overflow                 0x08004410   Section        0  dunder.o(i.__mathlib_dbl_overflow)
    i.__mathlib_dbl_underflow                0x08004430   Section        0  dunder.o(i.__mathlib_dbl_underflow)
    i.__scatterload_copy                     0x08004450   Section       14  handlers.o(i.__scatterload_copy)
    i.__scatterload_null                     0x0800445e   Section        2  handlers.o(i.__scatterload_null)
    i.__scatterload_zeroinit                 0x08004460   Section       14  handlers.o(i.__scatterload_zeroinit)
    i.__set_errno                            0x08004470   Section        0  errno.o(i.__set_errno)
    i._fp_digits                             0x0800447c   Section        0  printfa.o(i._fp_digits)
    _fp_digits                               0x0800447d   Thumb Code   334  printfa.o(i._fp_digits)
    i._printf_core                           0x080045e0   Section        0  printfa.o(i._printf_core)
    _printf_core                             0x080045e1   Thumb Code  1744  printfa.o(i._printf_core)
    i._printf_post_padding                   0x08004cbc   Section        0  printfa.o(i._printf_post_padding)
    _printf_post_padding                     0x08004cbd   Thumb Code    36  printfa.o(i._printf_post_padding)
    i._printf_pre_padding                    0x08004ce0   Section        0  printfa.o(i._printf_pre_padding)
    _printf_pre_padding                      0x08004ce1   Thumb Code    46  printfa.o(i._printf_pre_padding)
    i._snputc                                0x08004d0e   Section        0  printfa.o(i._snputc)
    _snputc                                  0x08004d0f   Thumb Code    22  printfa.o(i._snputc)
    i._sputc                                 0x08004d24   Section        0  printfa.o(i._sputc)
    _sputc                                   0x08004d25   Thumb Code    10  printfa.o(i._sputc)
    i.change                                 0x08004d30   Section        0  music.o(i.change)
    i.control_home                           0x08004d40   Section        0  main.o(i.control_home)
    i.delay_us                               0x08004d84   Section        0  dht11.o(i.delay_us)
    i.fabs                                   0x08004dca   Section        0  fabs.o(i.fabs)
    i.hi2cx_define                           0x08004de4   Section        0  lcd_i2c.o(i.hi2cx_define)
    hi2cx_define                             0x08004de5   Thumb Code    80  lcd_i2c.o(i.hi2cx_define)
    i.log                                    0x08004e3c   Section        0  log.o(i.log)
    i.main                                   0x08004e4c   Section        0  main.o(i.main)
    i.music_Init                             0x080050c4   Section        0  music.o(i.music_Init)
    i.music_play                             0x080050d0   Section        0  music.o(i.music_play)
    i.music_stop                             0x08005100   Section        0  music.o(i.music_stop)
    i.read_DHT11                             0x08005110   Section        0  dht11.o(i.read_DHT11)
    i.read_flame_char                        0x08005138   Section        0  main.o(i.read_flame_char)
    i.read_gas_ppm_fixed                     0x0800516c   Section        0  main.o(i.read_gas_ppm_fixed)
    i.read_keypad                            0x08005228   Section        0  main.o(i.read_keypad)
    i.read_pir_char                          0x080054f8   Section        0  main.o(i.read_pir_char)
    i.read_rain_char                         0x08005528   Section        0  main.o(i.read_rain_char)
    i.serial_read                            0x08005558   Section        0  main.o(i.serial_read)
    i.serial_send_cmd                        0x08005570   Section        0  main.o(i.serial_send_cmd)
    i.servo_Init                             0x080055a0   Section        0  servo.o(i.servo_Init)
    i.sqrt                                   0x080055c4   Section        0  sqrt.o(i.sqrt)
    .constdata                               0x08005632   Section       80  lcd_i2c.o(.constdata)
    Cursor_Data                              0x08005632   Data          80  lcd_i2c.o(.constdata)
    .constdata                               0x08005682   Section       16  system_stm32f4xx.o(.constdata)
    .constdata                               0x08005692   Section        8  system_stm32f4xx.o(.constdata)
    .constdata                               0x080056a0   Section      136  pow.o(.constdata)
    bp                                       0x080056a0   Data          16  pow.o(.constdata)
    dp_h                                     0x080056b0   Data          16  pow.o(.constdata)
    dp_l                                     0x080056c0   Data          16  pow.o(.constdata)
    L                                        0x080056d0   Data          48  pow.o(.constdata)
    P                                        0x08005700   Data          40  pow.o(.constdata)
    .constdata                               0x08005728   Section       56  log.o(.constdata)
    Lg2                                      0x08005728   Data          24  log.o(.constdata)
    Lg                                       0x08005740   Data          32  log.o(.constdata)
    .constdata                               0x08005760   Section        8  qnan.o(.constdata)
    .data                                    0x20000000   Section        5  dht11.o(.data)
    .data                                    0x20000005   Section       20  lcd_i2c.o(.data)
    Mask_Data                                0x20000006   Data           1  lcd_i2c.o(.data)
    line_pos                                 0x20000007   Data           1  lcd_i2c.o(.data)
    str_len                                  0x20000008   Data           1  lcd_i2c.o(.data)
    ch_len                                   0x20000009   Data           1  lcd_i2c.o(.data)
    data_M                                   0x2000000a   Data           1  lcd_i2c.o(.data)
    data_L                                   0x2000000b   Data           1  lcd_i2c.o(.data)
    data_BL                                  0x2000000c   Data           1  lcd_i2c.o(.data)
    i                                        0x2000000d   Data           4  lcd_i2c.o(.data)
    c                                        0x20000011   Data           4  lcd_i2c.o(.data)
    data                                     0x20000015   Data           4  lcd_i2c.o(.data)
    .data                                    0x2000001c   Section       74  main.o(.data)
    .data                                    0x20000068   Section       12  stm32f4xx_hal.o(.data)
    .data                                    0x20000074   Section        4  system_stm32f4xx.o(.data)
    .data                                    0x20000078   Section        4  errno.o(.data)
    _errno                                   0x20000078   Data           4  errno.o(.data)
    .bss                                     0x2000007c   Section      484  lcd_i2c.o(.bss)
    buffer                                   0x2000007c   Data         400  lcd_i2c.o(.bss)
    .bss                                     0x20000260   Section      608  main.o(.bss)
    STACK                                    0x200004c0   Section     1024  startup_stm32f407xx.o(STACK)

    Global Symbols

    Symbol Name                              Value     Ov Type        Size  Object(Section)

    BuildAttributes$$THM_ISAv4$E$P$D$K$B$S$7EM$VFPi3$EXTD16$VFPS$VFMA$PE$A:L22UL41UL21$X:L11$S22US41US21$IEEE1$IW$USESV6$~STKCKD$USESV7$~SHL$OTIME$ROPI$IEEEX$EBA8$MICROLIB$REQ8$PRES8$EABIv2 0x00000000   Number         0  anon$$obj.o ABSOLUTE
    __ARM_use_no_argv                        0x00000000   Number         0  main.o ABSOLUTE
    _printf_a                                0x00000000   Number         0  stubs.o ABSOLUTE
    _printf_c                                0x00000000   Number         0  stubs.o ABSOLUTE
    _printf_charcount                        0x00000000   Number         0  stubs.o ABSOLUTE
    _printf_d                                0x00000000   Number         0  stubs.o ABSOLUTE
    _printf_e                                0x00000000   Number         0  stubs.o ABSOLUTE
    _printf_f                                0x00000000   Number         0  stubs.o ABSOLUTE
    _printf_flags                            0x00000000   Number         0  stubs.o ABSOLUTE
    _printf_fp_dec                           0x00000000   Number         0  stubs.o ABSOLUTE
    _printf_fp_hex                           0x00000000   Number         0  stubs.o ABSOLUTE
    _printf_g                                0x00000000   Number         0  stubs.o ABSOLUTE
    _printf_i                                0x00000000   Number         0  stubs.o ABSOLUTE
    _printf_int_dec                          0x00000000   Number         0  stubs.o ABSOLUTE
    _printf_l                                0x00000000   Number         0  stubs.o ABSOLUTE
    _printf_lc                               0x00000000   Number         0  stubs.o ABSOLUTE
    _printf_ll                               0x00000000   Number         0  stubs.o ABSOLUTE
    _printf_lld                              0x00000000   Number         0  stubs.o ABSOLUTE
    _printf_lli                              0x00000000   Number         0  stubs.o ABSOLUTE
    _printf_llo                              0x00000000   Number         0  stubs.o ABSOLUTE
    _printf_llu                              0x00000000   Number         0  stubs.o ABSOLUTE
    _printf_llx                              0x00000000   Number         0  stubs.o ABSOLUTE
    _printf_longlong_dec                     0x00000000   Number         0  stubs.o ABSOLUTE
    _printf_longlong_hex                     0x00000000   Number         0  stubs.o ABSOLUTE
    _printf_longlong_oct                     0x00000000   Number         0  stubs.o ABSOLUTE
    _printf_ls                               0x00000000   Number         0  stubs.o ABSOLUTE
    _printf_mbtowc                           0x00000000   Number         0  stubs.o ABSOLUTE
    _printf_n                                0x00000000   Number         0  stubs.o ABSOLUTE
    _printf_o                                0x00000000   Number         0  stubs.o ABSOLUTE
    _printf_p                                0x00000000   Number         0  stubs.o ABSOLUTE
    _printf_percent                          0x00000000   Number         0  stubs.o ABSOLUTE
    _printf_pre_padding                      0x00000000   Number         0  stubs.o ABSOLUTE
    _printf_return_value                     0x00000000   Number         0  stubs.o ABSOLUTE
    _printf_s                                0x00000000   Number         0  stubs.o ABSOLUTE
    _printf_sizespec                         0x00000000   Number         0  stubs.o ABSOLUTE
    _printf_str                              0x00000000   Number         0  stubs.o ABSOLUTE
    _printf_truncate_signed                  0x00000000   Number         0  stubs.o ABSOLUTE
    _printf_truncate_unsigned                0x00000000   Number         0  stubs.o ABSOLUTE
    _printf_u                                0x00000000   Number         0  stubs.o ABSOLUTE
    _printf_wc                               0x00000000   Number         0  stubs.o ABSOLUTE
    _printf_wctomb                           0x00000000   Number         0  stubs.o ABSOLUTE
    _printf_widthprec                        0x00000000   Number         0  stubs.o ABSOLUTE
    _printf_x                                0x00000000   Number         0  stubs.o ABSOLUTE
    __cpp_initialize__aeabi_                  - Undefined Weak Reference
    __cxa_finalize                            - Undefined Weak Reference
    __decompress                              - Undefined Weak Reference
    _clock_init                               - Undefined Weak Reference
    _microlib_exit                            - Undefined Weak Reference
    __Vectors_Size                           0x00000188   Number         0  startup_stm32f407xx.o ABSOLUTE
    __Vectors                                0x08000000   Data           4  startup_stm32f407xx.o(RESET)
    __Vectors_End                            0x08000188   Data           0  startup_stm32f407xx.o(RESET)
    __main                                   0x08000189   Thumb Code     0  entry.o(.ARM.Collect$$$$00000000)
    _main_stk                                0x08000189   Thumb Code     0  entry2.o(.ARM.Collect$$$$00000001)
    _main_scatterload                        0x0800018d   Thumb Code     0  entry5.o(.ARM.Collect$$$$00000004)
    __main_after_scatterload                 0x08000191   Thumb Code     0  entry5.o(.ARM.Collect$$$$00000004)
    _main_clock                              0x08000191   Thumb Code     0  entry7b.o(.ARM.Collect$$$$00000008)
    _main_cpp_init                           0x08000191   Thumb Code     0  entry8b.o(.ARM.Collect$$$$0000000A)
    _main_init                               0x08000191   Thumb Code     0  entry9a.o(.ARM.Collect$$$$0000000B)
    __rt_final_cpp                           0x08000199   Thumb Code     0  entry10a.o(.ARM.Collect$$$$0000000D)
    __rt_final_exit                          0x08000199   Thumb Code     0  entry11a.o(.ARM.Collect$$$$0000000F)
    Reset_Handler                            0x0800019d   Thumb Code     8  startup_stm32f407xx.o(.text)
    ADC_IRQHandler                           0x080001b7   Thumb Code     0  startup_stm32f407xx.o(.text)
    CAN1_RX0_IRQHandler                      0x080001b7   Thumb Code     0  startup_stm32f407xx.o(.text)
    CAN1_RX1_IRQHandler                      0x080001b7   Thumb Code     0  startup_stm32f407xx.o(.text)
    CAN1_SCE_IRQHandler                      0x080001b7   Thumb Code     0  startup_stm32f407xx.o(.text)
    CAN1_TX_IRQHandler                       0x080001b7   Thumb Code     0  startup_stm32f407xx.o(.text)
    CAN2_RX0_IRQHandler                      0x080001b7   Thumb Code     0  startup_stm32f407xx.o(.text)
    CAN2_RX1_IRQHandler                      0x080001b7   Thumb Code     0  startup_stm32f407xx.o(.text)
    CAN2_SCE_IRQHandler                      0x080001b7   Thumb Code     0  startup_stm32f407xx.o(.text)
    CAN2_TX_IRQHandler                       0x080001b7   Thumb Code     0  startup_stm32f407xx.o(.text)
    DCMI_IRQHandler                          0x080001b7   Thumb Code     0  startup_stm32f407xx.o(.text)
    DMA1_Stream0_IRQHandler                  0x080001b7   Thumb Code     0  startup_stm32f407xx.o(.text)
    DMA1_Stream1_IRQHandler                  0x080001b7   Thumb Code     0  startup_stm32f407xx.o(.text)
    DMA1_Stream2_IRQHandler                  0x080001b7   Thumb Code     0  startup_stm32f407xx.o(.text)
    DMA1_Stream3_IRQHandler                  0x080001b7   Thumb Code     0  startup_stm32f407xx.o(.text)
    DMA1_Stream4_IRQHandler                  0x080001b7   Thumb Code     0  startup_stm32f407xx.o(.text)
    DMA1_Stream5_IRQHandler                  0x080001b7   Thumb Code     0  startup_stm32f407xx.o(.text)
    DMA1_Stream6_IRQHandler                  0x080001b7   Thumb Code     0  startup_stm32f407xx.o(.text)
    DMA1_Stream7_IRQHandler                  0x080001b7   Thumb Code     0  startup_stm32f407xx.o(.text)
    DMA2_Stream0_IRQHandler                  0x080001b7   Thumb Code     0  startup_stm32f407xx.o(.text)
    DMA2_Stream1_IRQHandler                  0x080001b7   Thumb Code     0  startup_stm32f407xx.o(.text)
    DMA2_Stream2_IRQHandler                  0x080001b7   Thumb Code     0  startup_stm32f407xx.o(.text)
    DMA2_Stream3_IRQHandler                  0x080001b7   Thumb Code     0  startup_stm32f407xx.o(.text)
    DMA2_Stream4_IRQHandler                  0x080001b7   Thumb Code     0  startup_stm32f407xx.o(.text)
    DMA2_Stream5_IRQHandler                  0x080001b7   Thumb Code     0  startup_stm32f407xx.o(.text)
    DMA2_Stream6_IRQHandler                  0x080001b7   Thumb Code     0  startup_stm32f407xx.o(.text)
    DMA2_Stream7_IRQHandler                  0x080001b7   Thumb Code     0  startup_stm32f407xx.o(.text)
    ETH_IRQHandler                           0x080001b7   Thumb Code     0  startup_stm32f407xx.o(.text)
    ETH_WKUP_IRQHandler                      0x080001b7   Thumb Code     0  startup_stm32f407xx.o(.text)
    EXTI0_IRQHandler                         0x080001b7   Thumb Code     0  startup_stm32f407xx.o(.text)
    EXTI15_10_IRQHandler                     0x080001b7   Thumb Code     0  startup_stm32f407xx.o(.text)
    EXTI1_IRQHandler                         0x080001b7   Thumb Code     0  startup_stm32f407xx.o(.text)
    EXTI2_IRQHandler                         0x080001b7   Thumb Code     0  startup_stm32f407xx.o(.text)
    EXTI3_IRQHandler                         0x080001b7   Thumb Code     0  startup_stm32f407xx.o(.text)
    EXTI4_IRQHandler                         0x080001b7   Thumb Code     0  startup_stm32f407xx.o(.text)
    EXTI9_5_IRQHandler                       0x080001b7   Thumb Code     0  startup_stm32f407xx.o(.text)
    FLASH_IRQHandler                         0x080001b7   Thumb Code     0  startup_stm32f407xx.o(.text)
    FMC_IRQHandler                           0x080001b7   Thumb Code     0  startup_stm32f407xx.o(.text)
    FPU_IRQHandler                           0x080001b7   Thumb Code     0  startup_stm32f407xx.o(.text)
    HASH_RNG_IRQHandler                      0x080001b7   Thumb Code     0  startup_stm32f407xx.o(.text)
    I2C1_ER_IRQHandler                       0x080001b7   Thumb Code     0  startup_stm32f407xx.o(.text)
    I2C1_EV_IRQHandler                       0x080001b7   Thumb Code     0  startup_stm32f407xx.o(.text)
    I2C2_ER_IRQHandler                       0x080001b7   Thumb Code     0  startup_stm32f407xx.o(.text)
    I2C2_EV_IRQHandler                       0x080001b7   Thumb Code     0  startup_stm32f407xx.o(.text)
    I2C3_ER_IRQHandler                       0x080001b7   Thumb Code     0  startup_stm32f407xx.o(.text)
    I2C3_EV_IRQHandler                       0x080001b7   Thumb Code     0  startup_stm32f407xx.o(.text)
    OTG_FS_IRQHandler                        0x080001b7   Thumb Code     0  startup_stm32f407xx.o(.text)
    OTG_FS_WKUP_IRQHandler                   0x080001b7   Thumb Code     0  startup_stm32f407xx.o(.text)
    OTG_HS_EP1_IN_IRQHandler                 0x080001b7   Thumb Code     0  startup_stm32f407xx.o(.text)
    OTG_HS_EP1_OUT_IRQHandler                0x080001b7   Thumb Code     0  startup_stm32f407xx.o(.text)
    OTG_HS_IRQHandler                        0x080001b7   Thumb Code     0  startup_stm32f407xx.o(.text)
    OTG_HS_WKUP_IRQHandler                   0x080001b7   Thumb Code     0  startup_stm32f407xx.o(.text)
    PVD_IRQHandler                           0x080001b7   Thumb Code     0  startup_stm32f407xx.o(.text)
    RCC_IRQHandler                           0x080001b7   Thumb Code     0  startup_stm32f407xx.o(.text)
    RTC_Alarm_IRQHandler                     0x080001b7   Thumb Code     0  startup_stm32f407xx.o(.text)
    RTC_WKUP_IRQHandler                      0x080001b7   Thumb Code     0  startup_stm32f407xx.o(.text)
    SDIO_IRQHandler                          0x080001b7   Thumb Code     0  startup_stm32f407xx.o(.text)
    SPI1_IRQHandler                          0x080001b7   Thumb Code     0  startup_stm32f407xx.o(.text)
    SPI2_IRQHandler                          0x080001b7   Thumb Code     0  startup_stm32f407xx.o(.text)
    SPI3_IRQHandler                          0x080001b7   Thumb Code     0  startup_stm32f407xx.o(.text)
    TAMP_STAMP_IRQHandler                    0x080001b7   Thumb Code     0  startup_stm32f407xx.o(.text)
    TIM1_BRK_TIM9_IRQHandler                 0x080001b7   Thumb Code     0  startup_stm32f407xx.o(.text)
    TIM1_CC_IRQHandler                       0x080001b7   Thumb Code     0  startup_stm32f407xx.o(.text)
    TIM1_TRG_COM_TIM11_IRQHandler            0x080001b7   Thumb Code     0  startup_stm32f407xx.o(.text)
    TIM1_UP_TIM10_IRQHandler                 0x080001b7   Thumb Code     0  startup_stm32f407xx.o(.text)
    TIM2_IRQHandler                          0x080001b7   Thumb Code     0  startup_stm32f407xx.o(.text)
    TIM3_IRQHandler                          0x080001b7   Thumb Code     0  startup_stm32f407xx.o(.text)
    TIM4_IRQHandler                          0x080001b7   Thumb Code     0  startup_stm32f407xx.o(.text)
    TIM5_IRQHandler                          0x080001b7   Thumb Code     0  startup_stm32f407xx.o(.text)
    TIM6_DAC_IRQHandler                      0x080001b7   Thumb Code     0  startup_stm32f407xx.o(.text)
    TIM7_IRQHandler                          0x080001b7   Thumb Code     0  startup_stm32f407xx.o(.text)
    TIM8_BRK_TIM12_IRQHandler                0x080001b7   Thumb Code     0  startup_stm32f407xx.o(.text)
    TIM8_CC_IRQHandler                       0x080001b7   Thumb Code     0  startup_stm32f407xx.o(.text)
    TIM8_TRG_COM_TIM14_IRQHandler            0x080001b7   Thumb Code     0  startup_stm32f407xx.o(.text)
    TIM8_UP_TIM13_IRQHandler                 0x080001b7   Thumb Code     0  startup_stm32f407xx.o(.text)
    UART4_IRQHandler                         0x080001b7   Thumb Code     0  startup_stm32f407xx.o(.text)
    UART5_IRQHandler                         0x080001b7   Thumb Code     0  startup_stm32f407xx.o(.text)
    USART2_IRQHandler                        0x080001b7   Thumb Code     0  startup_stm32f407xx.o(.text)
    USART3_IRQHandler                        0x080001b7   Thumb Code     0  startup_stm32f407xx.o(.text)
    WWDG_IRQHandler                          0x080001b7   Thumb Code     0  startup_stm32f407xx.o(.text)
    __aeabi_uldivmod                         0x080001c1   Thumb Code    98  uldiv.o(.text)
    __aeabi_memcpy                           0x08000223   Thumb Code    36  memcpya.o(.text)
    __aeabi_memcpy4                          0x08000223   Thumb Code     0  memcpya.o(.text)
    __aeabi_memcpy8                          0x08000223   Thumb Code     0  memcpya.o(.text)
    __aeabi_memset                           0x08000247   Thumb Code    14  memseta.o(.text)
    __aeabi_memset4                          0x08000247   Thumb Code     0  memseta.o(.text)
    __aeabi_memset8                          0x08000247   Thumb Code     0  memseta.o(.text)
    __aeabi_memclr                           0x08000255   Thumb Code     4  memseta.o(.text)
    __aeabi_memclr4                          0x08000255   Thumb Code     0  memseta.o(.text)
    __aeabi_memclr8                          0x08000255   Thumb Code     0  memseta.o(.text)
    _memset$wrapper                          0x08000259   Thumb Code    18  memseta.o(.text)
    strlen                                   0x0800026b   Thumb Code    14  strlen.o(.text)
    strcpy                                   0x08000279   Thumb Code    18  strcpy.o(.text)
    strncmp                                  0x0800028b   Thumb Code    30  strncmp.o(.text)
    __aeabi_dadd                             0x080002a9   Thumb Code   322  dadd.o(.text)
    __aeabi_dsub                             0x080003eb   Thumb Code     6  dadd.o(.text)
    __aeabi_drsub                            0x080003f1   Thumb Code     6  dadd.o(.text)
    __aeabi_dmul                             0x080003f7   Thumb Code   228  dmul.o(.text)
    __aeabi_ddiv                             0x080004db   Thumb Code   222  ddiv.o(.text)
    __aeabi_i2d                              0x080005b9   Thumb Code    34  dflti.o(.text)
    __aeabi_f2d                              0x080005db   Thumb Code    38  f2d.o(.text)
    __aeabi_d2f                              0x08000601   Thumb Code    56  d2f.o(.text)
    __aeabi_uidiv                            0x08000639   Thumb Code     0  uidiv.o(.text)
    __aeabi_uidivmod                         0x08000639   Thumb Code    44  uidiv.o(.text)
    __aeabi_llsl                             0x08000665   Thumb Code    30  llshl.o(.text)
    _ll_shift_l                              0x08000665   Thumb Code     0  llshl.o(.text)
    __aeabi_llsr                             0x08000683   Thumb Code    32  llushr.o(.text)
    _ll_ushift_r                             0x08000683   Thumb Code     0  llushr.o(.text)
    __aeabi_lasr                             0x080006a3   Thumb Code    36  llsshr.o(.text)
    _ll_sshift_r                             0x080006a3   Thumb Code     0  llsshr.o(.text)
    __I$use$fp                               0x080006c7   Thumb Code     0  iusefp.o(.text)
    _float_round                             0x080006c7   Thumb Code    18  fepilogue.o(.text)
    _float_epilogue                          0x080006d9   Thumb Code    92  fepilogue.o(.text)
    _double_round                            0x08000735   Thumb Code    30  depilogue.o(.text)
    _double_epilogue                         0x08000753   Thumb Code   156  depilogue.o(.text)
    __ARM_scalbn                             0x080007ef   Thumb Code    46  dscalb.o(.text)
    scalbn                                   0x080007ef   Thumb Code     0  dscalb.o(.text)
    __aeabi_d2ulz                            0x0800081d   Thumb Code    48  dfixul.o(.text)
    __aeabi_cdrcmple                         0x0800084d   Thumb Code    48  cdrcmple.o(.text)
    __scatterload                            0x0800087d   Thumb Code    28  init.o(.text)
    __scatterload_rt2                        0x0800087d   Thumb Code     0  init.o(.text)
    _dsqrt                                   0x080008a1   Thumb Code   162  dsqrt.o(.text)
    __aeabi_cdcmpeq                          0x08000945   Thumb Code     0  cdcmple.o(.text)
    __aeabi_cdcmple                          0x08000945   Thumb Code    48  cdcmple.o(.text)
    BusFault_Handler                         0x08000a9d   Thumb Code     2  stm32f4xx_it.o(i.BusFault_Handler)
    DHT11_Init                               0x08000aa1   Thumb Code    28  dht11.o(i.DHT11_Init)
    DebugMon_Handler                         0x08000ac1   Thumb Code     2  stm32f4xx_it.o(i.DebugMon_Handler)
    HAL_ADC_ConfigChannel                    0x08000afd   Thumb Code   316  stm32f4xx_hal_adc.o(i.HAL_ADC_ConfigChannel)
    HAL_ADC_GetValue                         0x08000c49   Thumb Code     6  stm32f4xx_hal_adc.o(i.HAL_ADC_GetValue)
    HAL_ADC_Init                             0x08000c4f   Thumb Code    84  stm32f4xx_hal_adc.o(i.HAL_ADC_Init)
    HAL_ADC_MspInit                          0x08000ca5   Thumb Code   126  stm32f4xx_hal_msp.o(i.HAL_ADC_MspInit)
    HAL_ADC_Start                            0x08000d35   Thumb Code   210  stm32f4xx_hal_adc.o(i.HAL_ADC_Start)
    HAL_ADC_Stop                             0x08000e21   Thumb Code    60  stm32f4xx_hal_adc.o(i.HAL_ADC_Stop)
    HAL_DMA_Abort_IT                         0x08000e5d   Thumb Code    36  stm32f4xx_hal_dma.o(i.HAL_DMA_Abort_IT)
    HAL_Delay                                0x08000e81   Thumb Code    32  stm32f4xx_hal.o(i.HAL_Delay)
    HAL_GPIO_Init                            0x08000ea5   Thumb Code   394  stm32f4xx_hal_gpio.o(i.HAL_GPIO_Init)
    HAL_GPIO_ReadPin                         0x0800105d   Thumb Code    10  stm32f4xx_hal_gpio.o(i.HAL_GPIO_ReadPin)
    HAL_GPIO_TogglePin                       0x08001067   Thumb Code    14  stm32f4xx_hal_gpio.o(i.HAL_GPIO_TogglePin)
    HAL_GPIO_WritePin                        0x08001075   Thumb Code    10  stm32f4xx_hal_gpio.o(i.HAL_GPIO_WritePin)
    HAL_GetTick                              0x08001081   Thumb Code     6  stm32f4xx_hal.o(i.HAL_GetTick)
    HAL_I2C_Init                             0x0800108d   Thumb Code   376  stm32f4xx_hal_i2c.o(i.HAL_I2C_Init)
    HAL_I2C_IsDeviceReady                    0x08001215   Thumb Code   354  stm32f4xx_hal_i2c.o(i.HAL_I2C_IsDeviceReady)
    HAL_I2C_Master_Transmit                  0x08001381   Thumb Code   290  stm32f4xx_hal_i2c.o(i.HAL_I2C_Master_Transmit)
    HAL_I2C_MspInit                          0x080014ad   Thumb Code    94  stm32f4xx_hal_msp.o(i.HAL_I2C_MspInit)
    HAL_IncTick                              0x08001519   Thumb Code    12  stm32f4xx_hal.o(i.HAL_IncTick)
    HAL_Init                                 0x08001529   Thumb Code    48  stm32f4xx_hal.o(i.HAL_Init)
    HAL_InitTick                             0x0800155d   Thumb Code    54  stm32f4xx_hal.o(i.HAL_InitTick)
    HAL_MspInit                              0x0800159d   Thumb Code    42  stm32f4xx_hal_msp.o(i.HAL_MspInit)
    HAL_NVIC_EnableIRQ                       0x080015cd   Thumb Code    26  stm32f4xx_hal_cortex.o(i.HAL_NVIC_EnableIRQ)
    HAL_NVIC_SetPriority                     0x080015e9   Thumb Code    60  stm32f4xx_hal_cortex.o(i.HAL_NVIC_SetPriority)
    HAL_NVIC_SetPriorityGrouping             0x08001629   Thumb Code    26  stm32f4xx_hal_cortex.o(i.HAL_NVIC_SetPriorityGrouping)
    HAL_RCC_ClockConfig                      0x0800164d   Thumb Code   288  stm32f4xx_hal_rcc.o(i.HAL_RCC_ClockConfig)
    HAL_RCC_GetPCLK1Freq                     0x08001781   Thumb Code    20  stm32f4xx_hal_rcc.o(i.HAL_RCC_GetPCLK1Freq)
    HAL_RCC_GetPCLK2Freq                     0x080017a1   Thumb Code    20  stm32f4xx_hal_rcc.o(i.HAL_RCC_GetPCLK2Freq)
    HAL_RCC_GetSysClockFreq                  0x080017c1   Thumb Code    88  stm32f4xx_hal_rcc.o(i.HAL_RCC_GetSysClockFreq)
    HAL_RCC_OscConfig                        0x08001825   Thumb Code   840  stm32f4xx_hal_rcc.o(i.HAL_RCC_OscConfig)
    HAL_SYSTICK_Config                       0x08001b81   Thumb Code    40  stm32f4xx_hal_cortex.o(i.HAL_SYSTICK_Config)
    HAL_TIMEx_ConfigBreakDeadTime            0x08001ba9   Thumb Code    84  stm32f4xx_hal_tim_ex.o(i.HAL_TIMEx_ConfigBreakDeadTime)
    HAL_TIMEx_MasterConfigSynchronization    0x08001bfd   Thumb Code   116  stm32f4xx_hal_tim_ex.o(i.HAL_TIMEx_MasterConfigSynchronization)
    HAL_TIM_MspPostInit                      0x08001c8d   Thumb Code   144  stm32f4xx_hal_msp.o(i.HAL_TIM_MspPostInit)
    HAL_TIM_PWM_ConfigChannel                0x08001d35   Thumb Code   208  stm32f4xx_hal_tim.o(i.HAL_TIM_PWM_ConfigChannel)
    HAL_TIM_PWM_Init                         0x08001e05   Thumb Code    54  stm32f4xx_hal_tim.o(i.HAL_TIM_PWM_Init)
    HAL_TIM_PWM_MspInit                      0x08001e3d   Thumb Code    78  stm32f4xx_hal_msp.o(i.HAL_TIM_PWM_MspInit)
    HAL_TIM_PWM_Start                        0x08001e9d   Thumb Code    58  stm32f4xx_hal_tim.o(i.HAL_TIM_PWM_Start)
    HAL_UART_ErrorCallback                   0x08001ee1   Thumb Code     2  stm32f4xx_hal_uart.o(i.HAL_UART_ErrorCallback)
    HAL_UART_IRQHandler                      0x08001ee5   Thumb Code   270  stm32f4xx_hal_uart.o(i.HAL_UART_IRQHandler)
    HAL_UART_Init                            0x08001ff9   Thumb Code    98  stm32f4xx_hal_uart.o(i.HAL_UART_Init)
    HAL_UART_MspInit                         0x0800205d   Thumb Code   180  stm32f4xx_hal_msp.o(i.HAL_UART_MspInit)
    HAL_UART_Receive_IT                      0x08002125   Thumb Code    82  stm32f4xx_hal_uart.o(i.HAL_UART_Receive_IT)
    HAL_UART_RxCpltCallback                  0x08002179   Thumb Code    64  main.o(i.HAL_UART_RxCpltCallback)
    HAL_UART_Transmit_IT                     0x080021c9   Thumb Code    62  stm32f4xx_hal_uart.o(i.HAL_UART_Transmit_IT)
    HAL_UART_TxCpltCallback                  0x08002207   Thumb Code     2  stm32f4xx_hal_uart.o(i.HAL_UART_TxCpltCallback)
    HardFault_Handler                        0x08002209   Thumb Code     2  stm32f4xx_it.o(i.HardFault_Handler)
    LCD_BackLight                            0x0800246d   Thumb Code    20  lcd_i2c.o(i.LCD_BackLight)
    LCD_Clear                                0x08002485   Thumb Code    26  lcd_i2c.o(i.LCD_Clear)
    LCD_Init                                 0x080024a5   Thumb Code    70  lcd_i2c.o(i.LCD_Init)
    LCD_Send_String                          0x080024ed   Thumb Code   198  lcd_i2c.o(i.LCD_Send_String)
    LCD_SetCursor                            0x080025bd   Thumb Code    42  lcd_i2c.o(i.LCD_SetCursor)
    LCD_Set_Command                          0x080025f1   Thumb Code    68  lcd_i2c.o(i.LCD_Set_Command)
    LCD_Write_Data                           0x0800263d   Thumb Code    76  lcd_i2c.o(i.LCD_Write_Data)
    LCD_i2cDeviceCheck                       0x08002691   Thumb Code    36  lcd_i2c.o(i.LCD_i2cDeviceCheck)
    MemManage_Handler                        0x08002a21   Thumb Code     2  stm32f4xx_it.o(i.MemManage_Handler)
    NMI_Handler                              0x08002a23   Thumb Code     2  stm32f4xx_it.o(i.NMI_Handler)
    PendSV_Handler                           0x08002a25   Thumb Code     2  stm32f4xx_it.o(i.PendSV_Handler)
    Read_TempAndHumidity                     0x08002a89   Thumb Code   172  dht11.o(i.Read_TempAndHumidity)
    SVC_Handler                              0x08002b39   Thumb Code     2  stm32f4xx_it.o(i.SVC_Handler)
    SysTick_Handler                          0x08002b3b   Thumb Code     4  stm32f4xx_it.o(i.SysTick_Handler)
    SystemClock_Config                       0x08002b41   Thumb Code   124  main.o(i.SystemClock_Config)
    SystemInit                               0x08002bc5   Thumb Code    22  system_stm32f4xx.o(i.SystemInit)
    TIM_Base_SetConfig                       0x08002be1   Thumb Code   156  stm32f4xx_hal_tim.o(i.TIM_Base_SetConfig)
    TIM_CCxChannelCmd                        0x08002ca9   Thumb Code    26  stm32f4xx_hal_tim.o(i.TIM_CCxChannelCmd)
    TIM_OC2_SetConfig                        0x08002d25   Thumb Code    98  stm32f4xx_hal_tim.o(i.TIM_OC2_SetConfig)
    USART1_IRQHandler                        0x08003099   Thumb Code     6  stm32f4xx_it.o(i.USART1_IRQHandler)
    USART6_IRQHandler                        0x080030a5   Thumb Code     6  stm32f4xx_it.o(i.USART6_IRQHandler)
    UsageFault_Handler                       0x080030b1   Thumb Code     2  stm32f4xx_it.o(i.UsageFault_Handler)
    __0snprintf                              0x080030b5   Thumb Code    36  printfa.o(i.__0snprintf)
    __1snprintf                              0x080030b5   Thumb Code     0  printfa.o(i.__0snprintf)
    __2snprintf                              0x080030b5   Thumb Code     0  printfa.o(i.__0snprintf)
    __c89snprintf                            0x080030b5   Thumb Code     0  printfa.o(i.__0snprintf)
    snprintf                                 0x080030b5   Thumb Code     0  printfa.o(i.__0snprintf)
    __0sprintf                               0x080030dd   Thumb Code    34  printfa.o(i.__0sprintf)
    __1sprintf                               0x080030dd   Thumb Code     0  printfa.o(i.__0sprintf)
    __2sprintf                               0x080030dd   Thumb Code     0  printfa.o(i.__0sprintf)
    __c89sprintf                             0x080030dd   Thumb Code     0  printfa.o(i.__0sprintf)
    sprintf                                  0x080030dd   Thumb Code     0  printfa.o(i.__0sprintf)
    __ARM_fpclassify                         0x08003105   Thumb Code    48  fpclassify.o(i.__ARM_fpclassify)
    __hardfp_log                             0x08003159   Thumb Code   872  log.o(i.__hardfp_log)
    __hardfp_log10                           0x08003521   Thumb Code   260  log10.o(i.__hardfp_log10)
    __hardfp_pow                             0x08003651   Thumb Code  3072  pow.o(i.__hardfp_pow)
    __kernel_poly                            0x080042a1   Thumb Code   248  poly.o(i.__kernel_poly)
    __mathlib_dbl_divzero                    0x08004399   Thumb Code    28  dunder.o(i.__mathlib_dbl_divzero)
    __mathlib_dbl_infnan                     0x080043c9   Thumb Code    20  dunder.o(i.__mathlib_dbl_infnan)
    __mathlib_dbl_infnan2                    0x080043dd   Thumb Code    20  dunder.o(i.__mathlib_dbl_infnan2)
    __mathlib_dbl_invalid                    0x080043f1   Thumb Code    24  dunder.o(i.__mathlib_dbl_invalid)
    __mathlib_dbl_overflow                   0x08004411   Thumb Code    24  dunder.o(i.__mathlib_dbl_overflow)
    __mathlib_dbl_underflow                  0x08004431   Thumb Code    24  dunder.o(i.__mathlib_dbl_underflow)
    __scatterload_copy                       0x08004451   Thumb Code    14  handlers.o(i.__scatterload_copy)
    __scatterload_null                       0x0800445f   Thumb Code     2  handlers.o(i.__scatterload_null)
    __scatterload_zeroinit                   0x08004461   Thumb Code    14  handlers.o(i.__scatterload_zeroinit)
    __set_errno                              0x08004471   Thumb Code     6  errno.o(i.__set_errno)
    change                                   0x08004d31   Thumb Code    10  music.o(i.change)
    control_home                             0x08004d41   Thumb Code    50  main.o(i.control_home)
    delay_us                                 0x08004d85   Thumb Code    70  dht11.o(i.delay_us)
    fabs                                     0x08004dcb   Thumb Code    24  fabs.o(i.fabs)
    log                                      0x08004e3d   Thumb Code    16  log.o(i.log)
    main                                     0x08004e4d   Thumb Code   562  main.o(i.main)
    music_Init                               0x080050c5   Thumb Code     8  music.o(i.music_Init)
    music_play                               0x080050d1   Thumb Code    44  music.o(i.music_play)
    music_stop                               0x08005101   Thumb Code    10  music.o(i.music_stop)
    read_DHT11                               0x08005111   Thumb Code    34  dht11.o(i.read_DHT11)
    read_flame_char                          0x08005139   Thumb Code    32  main.o(i.read_flame_char)
    read_gas_ppm_fixed                       0x0800516d   Thumb Code   148  main.o(i.read_gas_ppm_fixed)
    read_keypad                              0x08005229   Thumb Code   702  main.o(i.read_keypad)
    read_pir_char                            0x080054f9   Thumb Code    32  main.o(i.read_pir_char)
    read_rain_char                           0x08005529   Thumb Code    32  main.o(i.read_rain_char)
    serial_read                              0x08005559   Thumb Code    18  main.o(i.serial_read)
    serial_send_cmd                          0x08005571   Thumb Code    36  main.o(i.serial_send_cmd)
    servo_Init                               0x080055a1   Thumb Code    30  servo.o(i.servo_Init)
    sqrt                                     0x080055c5   Thumb Code   110  sqrt.o(i.sqrt)
    AHBPrescTable                            0x08005682   Data          16  system_stm32f4xx.o(.constdata)
    APBPrescTable                            0x08005692   Data           8  system_stm32f4xx.o(.constdata)
    __mathlib_zero                           0x08005760   Data           8  qnan.o(.constdata)
    Region$$Table$$Base                      0x08005768   Number         0  anon$$obj.o(Region$$Table)
    Region$$Table$$Limit                     0x08005788   Number         0  anon$$obj.o(Region$$Table)
    DATA_DHT11                               0x20000000   Data           5  dht11.o(.data)
    i2cDeviceAddr                            0x20000005   Data           1  lcd_i2c.o(.data)
    rx_Index                                 0x2000001c   Data           2  main.o(.data)
    rxBuf_receive                            0x2000001e   Data           2  main.o(.data)
    gas_in_ppm                               0x20000020   Data           4  main.o(.data)
    timeout_to_send_gasvalue                 0x20000024   Data           4  main.o(.data)
    timeout_to_send_dht11value               0x20000028   Data           4  main.o(.data)
    timeout_to_send_flamevalue               0x2000002c   Data           4  main.o(.data)
    timeout_to_send_rainvalue                0x20000030   Data           4  main.o(.data)
    timeout_to_send_pirvalue                 0x20000034   Data           4  main.o(.data)
    data_dht11                               0x20000038   Data           4  main.o(.data)
    data_PIR_char                            0x2000003c   Data           6  main.o(.data)
    pir_char                                 0x20000042   Data           6  main.o(.data)
    data_RAIN_char                           0x20000048   Data           7  main.o(.data)
    rain_char                                0x2000004f   Data           7  main.o(.data)
    data_FLAME_char                          0x20000056   Data           8  main.o(.data)
    flame_char                               0x2000005e   Data           8  main.o(.data)
    uwTickFreq                               0x20000068   Data           1  stm32f4xx_hal.o(.data)
    uwTickPrio                               0x2000006c   Data           4  stm32f4xx_hal.o(.data)
    uwTick                                   0x20000070   Data           4  stm32f4xx_hal.o(.data)
    SystemCoreClock                          0x20000074   Data           4  system_stm32f4xx.o(.data)
    hi2cx                                    0x2000020c   Data          84  lcd_i2c.o(.bss)
    rxBuf                                    0x20000260   Data          10  main.o(.bss)
    temp_receive                             0x2000026a   Data          10  main.o(.bss)
    data_GAS_char                            0x20000274   Data          12  main.o(.bss)
    data_dht11_char                          0x20000280   Data          15  main.o(.bss)
    debug_char                               0x2000028f   Data          10  main.o(.bss)
    hadc1                                    0x2000029c   Data          72  main.o(.bss)
    hadc2                                    0x200002e4   Data          72  main.o(.bss)
    hi2c2                                    0x2000032c   Data          84  main.o(.bss)
    htim1                                    0x20000380   Data          64  main.o(.bss)
    htim3                                    0x200003c0   Data          64  main.o(.bss)
    htim9                                    0x20000400   Data          64  main.o(.bss)
    huart1                                   0x20000440   Data          64  main.o(.bss)
    huart6                                   0x20000480   Data          64  main.o(.bss)
    __initial_sp                             0x200008c0   Data           0  startup_stm32f407xx.o(STACK)



==============================================================================

Memory Map of the image

  Image Entry point : 0x08000189

  Load Region LR_IROM1 (Base: 0x08000000, Size: 0x00005804, Max: 0x00100000, ABSOLUTE)

    Execution Region ER_IROM1 (Base: 0x08000000, Size: 0x00005788, Max: 0x00100000, ABSOLUTE)

    Base Addr    Size         Type   Attr      Idx    E Section Name        Object

    0x08000000   0x00000188   Data   RO            3    RESET               startup_stm32f407xx.o
    0x08000188   0x00000000   Code   RO         3838  * .ARM.Collect$$$$00000000  mc_w.l(entry.o)
    0x08000188   0x00000004   Code   RO         4181    .ARM.Collect$$$$00000001  mc_w.l(entry2.o)
    0x0800018c   0x00000004   Code   RO         4184    .ARM.Collect$$$$00000004  mc_w.l(entry5.o)
    0x08000190   0x00000000   Code   RO         4186    .ARM.Collect$$$$00000008  mc_w.l(entry7b.o)
    0x08000190   0x00000000   Code   RO         4188    .ARM.Collect$$$$0000000A  mc_w.l(entry8b.o)
    0x08000190   0x00000008   Code   RO         4189    .ARM.Collect$$$$0000000B  mc_w.l(entry9a.o)
    0x08000198   0x00000000   Code   RO         4191    .ARM.Collect$$$$0000000D  mc_w.l(entry10a.o)
    0x08000198   0x00000000   Code   RO         4193    .ARM.Collect$$$$0000000F  mc_w.l(entry11a.o)
    0x08000198   0x00000004   Code   RO         4182    .ARM.Collect$$$$00002712  mc_w.l(entry2.o)
    0x0800019c   0x00000024   Code   RO            4    .text               startup_stm32f407xx.o
    0x080001c0   0x00000062   Code   RO         3841    .text               mc_w.l(uldiv.o)
    0x08000222   0x00000024   Code   RO         3843    .text               mc_w.l(memcpya.o)
    0x08000246   0x00000024   Code   RO         3845    .text               mc_w.l(memseta.o)
    0x0800026a   0x0000000e   Code   RO         3847    .text               mc_w.l(strlen.o)
    0x08000278   0x00000012   Code   RO         3849    .text               mc_w.l(strcpy.o)
    0x0800028a   0x0000001e   Code   RO         3851    .text               mc_w.l(strncmp.o)
    0x080002a8   0x0000014e   Code   RO         4116    .text               mf_w.l(dadd.o)
    0x080003f6   0x000000e4   Code   RO         4118    .text               mf_w.l(dmul.o)
    0x080004da   0x000000de   Code   RO         4120    .text               mf_w.l(ddiv.o)
    0x080005b8   0x00000022   Code   RO         4122    .text               mf_w.l(dflti.o)
    0x080005da   0x00000026   Code   RO         4126    .text               mf_w.l(f2d.o)
    0x08000600   0x00000038   Code   RO         4128    .text               mf_w.l(d2f.o)
    0x08000638   0x0000002c   Code   RO         4198    .text               mc_w.l(uidiv.o)
    0x08000664   0x0000001e   Code   RO         4200    .text               mc_w.l(llshl.o)
    0x08000682   0x00000020   Code   RO         4202    .text               mc_w.l(llushr.o)
    0x080006a2   0x00000024   Code   RO         4204    .text               mc_w.l(llsshr.o)
    0x080006c6   0x00000000   Code   RO         4213    .text               mc_w.l(iusefp.o)
    0x080006c6   0x0000006e   Code   RO         4214    .text               mf_w.l(fepilogue.o)
    0x08000734   0x000000ba   Code   RO         4216    .text               mf_w.l(depilogue.o)
    0x080007ee   0x0000002e   Code   RO         4220    .text               mf_w.l(dscalb.o)
    0x0800081c   0x00000030   Code   RO         4222    .text               mf_w.l(dfixul.o)
    0x0800084c   0x00000030   Code   RO         4224    .text               mf_w.l(cdrcmple.o)
    0x0800087c   0x00000024   Code   RO         4226    .text               mc_w.l(init.o)
    0x080008a0   0x000000a2   Code   RO         4230    .text               mf_w.l(dsqrt.o)
    0x08000942   0x00000002   PAD
    0x08000944   0x00000030   Code   RO         4232    .text               mf_w.l(cdcmple.o)
    0x08000974   0x00000128   Code   RO          674    i.ADC_Init          stm32f4xx_hal_adc.o
    0x08000a9c   0x00000002   Code   RO          505    i.BusFault_Handler  stm32f4xx_it.o
    0x08000a9e   0x00000002   PAD
    0x08000aa0   0x00000020   Code   RO           13    i.DHT11_Init        dht11.o
    0x08000ac0   0x00000002   Code   RO          506    i.DebugMon_Handler  stm32f4xx_it.o
    0x08000ac2   0x00000002   PAD
    0x08000ac4   0x00000038   Code   RO           14    i.GPIO_DHT11_OUT    dht11.o
    0x08000afc   0x0000014c   Code   RO          676    i.HAL_ADC_ConfigChannel  stm32f4xx_hal_adc.o
    0x08000c48   0x00000006   Code   RO          683    i.HAL_ADC_GetValue  stm32f4xx_hal_adc.o
    0x08000c4e   0x00000054   Code   RO          685    i.HAL_ADC_Init      stm32f4xx_hal_adc.o
    0x08000ca2   0x00000002   PAD
    0x08000ca4   0x00000090   Code   RO          594    i.HAL_ADC_MspInit   stm32f4xx_hal_msp.o
    0x08000d34   0x000000ec   Code   RO          691    i.HAL_ADC_Start     stm32f4xx_hal_adc.o
    0x08000e20   0x0000003c   Code   RO          694    i.HAL_ADC_Stop      stm32f4xx_hal_adc.o
    0x08000e5c   0x00000024   Code   RO         1409    i.HAL_DMA_Abort_IT  stm32f4xx_hal_dma.o
    0x08000e80   0x00000024   Code   RO         1827    i.HAL_Delay         stm32f4xx_hal.o
    0x08000ea4   0x000001b8   Code   RO         1301    i.HAL_GPIO_Init     stm32f4xx_hal_gpio.o
    0x0800105c   0x0000000a   Code   RO         1303    i.HAL_GPIO_ReadPin  stm32f4xx_hal_gpio.o
    0x08001066   0x0000000e   Code   RO         1304    i.HAL_GPIO_TogglePin  stm32f4xx_hal_gpio.o
    0x08001074   0x0000000a   Code   RO         1305    i.HAL_GPIO_WritePin  stm32f4xx_hal_gpio.o
    0x0800107e   0x00000002   PAD
    0x08001080   0x0000000c   Code   RO         1833    i.HAL_GetTick       stm32f4xx_hal.o
    0x0800108c   0x00000188   Code   RO         2089    i.HAL_I2C_Init      stm32f4xx_hal_i2c.o
    0x08001214   0x0000016c   Code   RO         2090    i.HAL_I2C_IsDeviceReady  stm32f4xx_hal_i2c.o
    0x08001380   0x0000012c   Code   RO         2102    i.HAL_I2C_Master_Transmit  stm32f4xx_hal_i2c.o
    0x080014ac   0x0000006c   Code   RO          596    i.HAL_I2C_MspInit   stm32f4xx_hal_msp.o
    0x08001518   0x00000010   Code   RO         1839    i.HAL_IncTick       stm32f4xx_hal.o
    0x08001528   0x00000034   Code   RO         1840    i.HAL_Init          stm32f4xx_hal.o
    0x0800155c   0x00000040   Code   RO         1841    i.HAL_InitTick      stm32f4xx_hal.o
    0x0800159c   0x00000030   Code   RO          597    i.HAL_MspInit       stm32f4xx_hal_msp.o
    0x080015cc   0x0000001a   Code   RO         1690    i.HAL_NVIC_EnableIRQ  stm32f4xx_hal_cortex.o
    0x080015e6   0x00000002   PAD
    0x080015e8   0x00000040   Code   RO         1696    i.HAL_NVIC_SetPriority  stm32f4xx_hal_cortex.o
    0x08001628   0x00000024   Code   RO         1697    i.HAL_NVIC_SetPriorityGrouping  stm32f4xx_hal_cortex.o
    0x0800164c   0x00000134   Code   RO          947    i.HAL_RCC_ClockConfig  stm32f4xx_hal_rcc.o
    0x08001780   0x00000020   Code   RO          954    i.HAL_RCC_GetPCLK1Freq  stm32f4xx_hal_rcc.o
    0x080017a0   0x00000020   Code   RO          955    i.HAL_RCC_GetPCLK2Freq  stm32f4xx_hal_rcc.o
    0x080017c0   0x00000064   Code   RO          956    i.HAL_RCC_GetSysClockFreq  stm32f4xx_hal_rcc.o
    0x08001824   0x0000035c   Code   RO          959    i.HAL_RCC_OscConfig  stm32f4xx_hal_rcc.o
    0x08001b80   0x00000028   Code   RO         1701    i.HAL_SYSTICK_Config  stm32f4xx_hal_cortex.o
    0x08001ba8   0x00000054   Code   RO         3203    i.HAL_TIMEx_ConfigBreakDeadTime  stm32f4xx_hal_tim_ex.o
    0x08001bfc   0x00000090   Code   RO         3218    i.HAL_TIMEx_MasterConfigSynchronization  stm32f4xx_hal_tim_ex.o
    0x08001c8c   0x000000a8   Code   RO          598    i.HAL_TIM_MspPostInit  stm32f4xx_hal_msp.o
    0x08001d34   0x000000d0   Code   RO         2592    i.HAL_TIM_PWM_ConfigChannel  stm32f4xx_hal_tim.o
    0x08001e04   0x00000036   Code   RO         2595    i.HAL_TIM_PWM_Init  stm32f4xx_hal_tim.o
    0x08001e3a   0x00000002   PAD
    0x08001e3c   0x00000060   Code   RO          600    i.HAL_TIM_PWM_MspInit  stm32f4xx_hal_msp.o
    0x08001e9c   0x00000044   Code   RO         2600    i.HAL_TIM_PWM_Start  stm32f4xx_hal_tim.o
    0x08001ee0   0x00000002   Code   RO         3472    i.HAL_UART_ErrorCallback  stm32f4xx_hal_uart.o
    0x08001ee2   0x00000002   PAD
    0x08001ee4   0x00000114   Code   RO         3475    i.HAL_UART_IRQHandler  stm32f4xx_hal_uart.o
    0x08001ff8   0x00000062   Code   RO         3476    i.HAL_UART_Init     stm32f4xx_hal_uart.o
    0x0800205a   0x00000002   PAD
    0x0800205c   0x000000c8   Code   RO          602    i.HAL_UART_MspInit  stm32f4xx_hal_msp.o
    0x08002124   0x00000052   Code   RO         3481    i.HAL_UART_Receive_IT  stm32f4xx_hal_uart.o
    0x08002176   0x00000002   PAD
    0x08002178   0x00000050   Code   RO          363    i.HAL_UART_RxCpltCallback  main.o
    0x080021c8   0x0000003e   Code   RO         3486    i.HAL_UART_Transmit_IT  stm32f4xx_hal_uart.o
    0x08002206   0x00000002   Code   RO         3487    i.HAL_UART_TxCpltCallback  stm32f4xx_hal_uart.o
    0x08002208   0x00000002   Code   RO          507    i.HardFault_Handler  stm32f4xx_it.o
    0x0800220a   0x0000002e   Code   RO         2131    i.I2C_IsAcknowledgeFailed  stm32f4xx_hal_i2c.o
    0x08002238   0x0000009c   Code   RO         2135    i.I2C_MasterRequestWrite  stm32f4xx_hal_i2c.o
    0x080022d4   0x0000004c   Code   RO         2145    i.I2C_WaitOnBTFFlagUntilTimeout  stm32f4xx_hal_i2c.o
    0x08002320   0x00000068   Code   RO         2146    i.I2C_WaitOnFlagUntilTimeout  stm32f4xx_hal_i2c.o
    0x08002388   0x00000096   Code   RO         2147    i.I2C_WaitOnMasterAddressFlagUntilTimeout  stm32f4xx_hal_i2c.o
    0x0800241e   0x0000004c   Code   RO         2149    i.I2C_WaitOnTXEFlagUntilTimeout  stm32f4xx_hal_i2c.o
    0x0800246a   0x00000002   PAD
    0x0800246c   0x00000018   Code   RO          177    i.LCD_BackLight     lcd_i2c.o
    0x08002484   0x00000020   Code   RO          178    i.LCD_Clear         lcd_i2c.o
    0x080024a4   0x00000046   Code   RO          179    i.LCD_Init          lcd_i2c.o
    0x080024ea   0x00000002   PAD
    0x080024ec   0x000000d0   Code   RO          181    i.LCD_Send_String   lcd_i2c.o
    0x080025bc   0x00000034   Code   RO          182    i.LCD_SetCursor     lcd_i2c.o
    0x080025f0   0x0000004c   Code   RO          183    i.LCD_Set_Command   lcd_i2c.o
    0x0800263c   0x00000054   Code   RO          184    i.LCD_Write_Data    lcd_i2c.o
    0x08002690   0x0000002c   Code   RO          185    i.LCD_i2cDeviceCheck  lcd_i2c.o
    0x080026bc   0x00000054   Code   RO          364    i.MX_ADC1_Init      main.o
    0x08002710   0x00000054   Code   RO          365    i.MX_ADC2_Init      main.o
    0x08002764   0x0000016c   Code   RO          366    i.MX_GPIO_Init      main.o
    0x080028d0   0x000000a0   Code   RO          367    i.MX_TIM1_Init      main.o
    0x08002970   0x00000060   Code   RO          368    i.MX_TIM3_Init      main.o
    0x080029d0   0x00000050   Code   RO          369    i.MX_TIM9_Init      main.o
    0x08002a20   0x00000002   Code   RO          508    i.MemManage_Handler  stm32f4xx_it.o
    0x08002a22   0x00000002   Code   RO          509    i.NMI_Handler       stm32f4xx_it.o
    0x08002a24   0x00000002   Code   RO          510    i.PendSV_Handler    stm32f4xx_it.o
    0x08002a26   0x00000002   PAD
    0x08002a28   0x00000060   Code   RO           15    i.READ_DATA_8BIT    dht11.o
    0x08002a88   0x000000b0   Code   RO           16    i.Read_TempAndHumidity  dht11.o
    0x08002b38   0x00000002   Code   RO          511    i.SVC_Handler       stm32f4xx_it.o
    0x08002b3a   0x00000004   Code   RO          512    i.SysTick_Handler   stm32f4xx_it.o
    0x08002b3e   0x00000002   PAD
    0x08002b40   0x00000084   Code   RO          370    i.SystemClock_Config  main.o
    0x08002bc4   0x0000001c   Code   RO         3778    i.SystemInit        system_stm32f4xx.o
    0x08002be0   0x000000c8   Code   RO         2613    i.TIM_Base_SetConfig  stm32f4xx_hal_tim.o
    0x08002ca8   0x0000001a   Code   RO         2614    i.TIM_CCxChannelCmd  stm32f4xx_hal_tim.o
    0x08002cc2   0x00000002   PAD
    0x08002cc4   0x00000060   Code   RO         2626    i.TIM_OC1_SetConfig  stm32f4xx_hal_tim.o
    0x08002d24   0x0000006c   Code   RO         2627    i.TIM_OC2_SetConfig  stm32f4xx_hal_tim.o
    0x08002d90   0x00000068   Code   RO         2628    i.TIM_OC3_SetConfig  stm32f4xx_hal_tim.o
    0x08002df8   0x00000050   Code   RO         2629    i.TIM_OC4_SetConfig  stm32f4xx_hal_tim.o
    0x08002e48   0x00000010   Code   RO         3489    i.UART_DMAAbortOnError  stm32f4xx_hal_uart.o
    0x08002e58   0x0000001c   Code   RO         3499    i.UART_EndRxTransfer  stm32f4xx_hal_uart.o
    0x08002e74   0x00000096   Code   RO         3501    i.UART_Receive_IT   stm32f4xx_hal_uart.o
    0x08002f0a   0x00000002   PAD
    0x08002f0c   0x00000128   Code   RO         3502    i.UART_SetConfig    stm32f4xx_hal_uart.o
    0x08003034   0x00000062   Code   RO         3503    i.UART_Transmit_IT  stm32f4xx_hal_uart.o
    0x08003096   0x00000002   PAD
    0x08003098   0x0000000c   Code   RO          513    i.USART1_IRQHandler  stm32f4xx_it.o
    0x080030a4   0x0000000c   Code   RO          514    i.USART6_IRQHandler  stm32f4xx_it.o
    0x080030b0   0x00000002   Code   RO          515    i.UsageFault_Handler  stm32f4xx_it.o
    0x080030b2   0x00000002   PAD
    0x080030b4   0x00000028   Code   RO         4089    i.__0snprintf       mc_w.l(printfa.o)
    0x080030dc   0x00000028   Code   RO         4090    i.__0sprintf        mc_w.l(printfa.o)
    0x08003104   0x00000030   Code   RO         4150    i.__ARM_fpclassify  m_wm.l(fpclassify.o)
    0x08003134   0x00000020   Code   RO         1703    i.__NVIC_SetPriority  stm32f4xx_hal_cortex.o
    0x08003154   0x00000004   PAD
    0x08003158   0x000003c4   Code   RO         4152    i.__hardfp_log      m_wm.l(log.o)
    0x0800351c   0x00000004   PAD
    0x08003520   0x00000130   Code   RO         3812    i.__hardfp_log10    m_wm.l(log10.o)
    0x08003650   0x00000c50   Code   RO         3824    i.__hardfp_pow      m_wm.l(pow.o)
    0x080042a0   0x000000f8   Code   RO         4166    i.__kernel_poly     m_wm.l(poly.o)
    0x08004398   0x00000030   Code   RO         4130    i.__mathlib_dbl_divzero  m_wm.l(dunder.o)
    0x080043c8   0x00000014   Code   RO         4131    i.__mathlib_dbl_infnan  m_wm.l(dunder.o)
    0x080043dc   0x00000014   Code   RO         4132    i.__mathlib_dbl_infnan2  m_wm.l(dunder.o)
    0x080043f0   0x00000020   Code   RO         4133    i.__mathlib_dbl_invalid  m_wm.l(dunder.o)
    0x08004410   0x00000020   Code   RO         4134    i.__mathlib_dbl_overflow  m_wm.l(dunder.o)
    0x08004430   0x00000020   Code   RO         4136    i.__mathlib_dbl_underflow  m_wm.l(dunder.o)
    0x08004450   0x0000000e   Code   RO         4236    i.__scatterload_copy  mc_w.l(handlers.o)
    0x0800445e   0x00000002   Code   RO         4237    i.__scatterload_null  mc_w.l(handlers.o)
    0x08004460   0x0000000e   Code   RO         4238    i.__scatterload_zeroinit  mc_w.l(handlers.o)
    0x0800446e   0x00000002   PAD
    0x08004470   0x0000000c   Code   RO         4208    i.__set_errno       mc_w.l(errno.o)
    0x0800447c   0x00000164   Code   RO         4095    i._fp_digits        mc_w.l(printfa.o)
    0x080045e0   0x000006dc   Code   RO         4096    i._printf_core      mc_w.l(printfa.o)
    0x08004cbc   0x00000024   Code   RO         4097    i._printf_post_padding  mc_w.l(printfa.o)
    0x08004ce0   0x0000002e   Code   RO         4098    i._printf_pre_padding  mc_w.l(printfa.o)
    0x08004d0e   0x00000016   Code   RO         4099    i._snputc           mc_w.l(printfa.o)
    0x08004d24   0x0000000a   Code   RO         4100    i._sputc            mc_w.l(printfa.o)
    0x08004d2e   0x00000002   PAD
    0x08004d30   0x00000010   Code   RO          273    i.change            music.o
    0x08004d40   0x00000044   Code   RO          371    i.control_home      main.o
    0x08004d84   0x00000046   Code   RO           17    i.delay_us          dht11.o
    0x08004dca   0x00000018   Code   RO         4146    i.fabs              m_wm.l(fabs.o)
    0x08004de2   0x00000002   PAD
    0x08004de4   0x00000058   Code   RO          186    i.hi2cx_define      lcd_i2c.o
    0x08004e3c   0x00000010   Code   RO         4154    i.log               m_wm.l(log.o)
    0x08004e4c   0x00000278   Code   RO          372    i.main              main.o
    0x080050c4   0x0000000c   Code   RO          274    i.music_Init        music.o
    0x080050d0   0x00000030   Code   RO          275    i.music_play        music.o
    0x08005100   0x00000010   Code   RO          276    i.music_stop        music.o
    0x08005110   0x00000028   Code   RO           18    i.read_DHT11        dht11.o
    0x08005138   0x00000034   Code   RO          373    i.read_flame_char   main.o
    0x0800516c   0x000000bc   Code   RO          374    i.read_gas_ppm_fixed  main.o
    0x08005228   0x000002d0   Code   RO          375    i.read_keypad       main.o
    0x080054f8   0x00000030   Code   RO          376    i.read_pir_char     main.o
    0x08005528   0x00000030   Code   RO          377    i.read_rain_char    main.o
    0x08005558   0x00000018   Code   RO          378    i.serial_read       main.o
    0x08005570   0x00000030   Code   RO          379    i.serial_send_cmd   main.o
    0x080055a0   0x00000024   Code   RO          323    i.servo_Init        servo.o
    0x080055c4   0x0000006e   Code   RO         4171    i.sqrt              m_wm.l(sqrt.o)
    0x08005632   0x00000050   Data   RO          188    .constdata          lcd_i2c.o
    0x08005682   0x00000010   Data   RO         3779    .constdata          system_stm32f4xx.o
    0x08005692   0x00000008   Data   RO         3780    .constdata          system_stm32f4xx.o
    0x0800569a   0x00000006   PAD
    0x080056a0   0x00000088   Data   RO         3827    .constdata          m_wm.l(pow.o)
    0x08005728   0x00000038   Data   RO         4155    .constdata          m_wm.l(log.o)
    0x08005760   0x00000008   Data   RO         4168    .constdata          m_wm.l(qnan.o)
    0x08005768   0x00000020   Data   RO         4234    Region$$Table       anon$$obj.o


    Execution Region RW_IRAM2 (Base: 0x10000000, Size: 0x00000000, Max: 0x00010000, ABSOLUTE)

    **** No section assigned to this execution region ****


    Execution Region RW_IRAM1 (Base: 0x20000000, Size: 0x000008c0, Max: 0x00020000, ABSOLUTE)

    Base Addr    Size         Type   Attr      Idx    E Section Name        Object

    0x20000000   0x00000005   Data   RW           19    .data               dht11.o
    0x20000005   0x00000014   Data   RW          189    .data               lcd_i2c.o
    0x20000019   0x00000003   PAD
    0x2000001c   0x0000004a   Data   RW          381    .data               main.o
    0x20000066   0x00000002   PAD
    0x20000068   0x0000000c   Data   RW         1847    .data               stm32f4xx_hal.o
    0x20000074   0x00000004   Data   RW         3781    .data               system_stm32f4xx.o
    0x20000078   0x00000004   Data   RW         4209    .data               mc_w.l(errno.o)
    0x2000007c   0x000001e4   Zero   RW          187    .bss                lcd_i2c.o
    0x20000260   0x00000260   Zero   RW          380    .bss                main.o
    0x200004c0   0x00000400   Zero   RW            1    STACK               startup_stm32f407xx.o


==============================================================================

Image component sizes


      Code (inc. data)   RO Data    RW Data    ZI Data      Debug   Object Name

       470         28          0          5          0     711841   dht11.o
       678         62         80         20        484       6011   lcd_i2c.o
      2908        320          0         74        608      13851   main.o
        92         20          0          0          0       2330   music.o
        36          6          0          0          0        497   servo.o
        36          8        392          0       1024        852   startup_stm32f407xx.o
       180         28          0         12          0       9521   stm32f4xx_hal.o
      1014         54          0          0          0       5089   stm32f4xx_hal_adc.o
       198         14          0          0          0      34031   stm32f4xx_hal_cortex.o
        36          0          0          0          0       1243   stm32f4xx_hal_dma.o
       474         46          0          0          0       3756   stm32f4xx_hal_gpio.o
      1664         42          0          0          0      10753   stm32f4xx_hal_i2c.o
       764        100          0          0          0       4857   stm32f4xx_hal_msp.o
      1332         76          0          0          0       5320   stm32f4xx_hal_rcc.o
       944         90          0          0          0       8306   stm32f4xx_hal_tim.o
       228         28          0          0          0       2208   stm32f4xx_hal_tim_ex.o
      1110         16          0          0          0       8682   stm32f4xx_hal_uart.o
        44         12          0          0          0       5170   stm32f4xx_it.o
        28          6         24          4          0       1175   system_stm32f4xx.o

    ----------------------------------------------------------------------
     12274        956        534        120       2116     835493   Object Totals
         0          0         32          0          0          0   (incl. Generated)
        38          0          6          5          0          0   (incl. Padding)

    ----------------------------------------------------------------------

      Code (inc. data)   RO Data    RW Data    ZI Data      Debug   Library Member Name

       184         44          0          0          0        744   dunder.o
        24          0          0          0          0        124   fabs.o
        48          0          0          0          0        124   fpclassify.o
       980         92         56          0          0        440   log.o
       304         44          0          0          0        200   log10.o
       248          0          0          0          0        152   poly.o
      3152        296        136          0          0        352   pow.o
         0          0          8          0          0          0   qnan.o
       110          0          0          0          0        148   sqrt.o
         0          0          0          0          0          0   entry.o
         0          0          0          0          0          0   entry10a.o
         0          0          0          0          0          0   entry11a.o
         8          4          0          0          0          0   entry2.o
         4          0          0          0          0          0   entry5.o
         0          0          0          0          0          0   entry7b.o
         0          0          0          0          0          0   entry8b.o
         8          4          0          0          0          0   entry9a.o
        12          6          0          4          0         68   errno.o
        30          0          0          0          0          0   handlers.o
        36          8          0          0          0         68   init.o
         0          0          0          0          0          0   iusefp.o
        30          0          0          0          0         68   llshl.o
        36          0          0          0          0         68   llsshr.o
        32          0          0          0          0         68   llushr.o
        36          0          0          0          0         68   memcpya.o
        36          0          0          0          0        108   memseta.o
      2306         90          0          0          0        664   printfa.o
        18          0          0          0          0         68   strcpy.o
        14          0          0          0          0         68   strlen.o
        30          0          0          0          0         80   strncmp.o
        44          0          0          0          0         80   uidiv.o
        98          0          0          0          0         92   uldiv.o
        48          0          0          0          0         68   cdcmple.o
        48          0          0          0          0         68   cdrcmple.o
        56          0          0          0          0         88   d2f.o
       334          0          0          0          0        148   dadd.o
       222          0          0          0          0        100   ddiv.o
       186          0          0          0          0        176   depilogue.o
        48          0          0          0          0         68   dfixul.o
        34          0          0          0          0         76   dflti.o
       228          0          0          0          0         96   dmul.o
        46          0          0          0          0         80   dscalb.o
       162          0          0          0          0        100   dsqrt.o
        38          0          0          0          0         68   f2d.o
       110          0          0          0          0        168   fepilogue.o

    ----------------------------------------------------------------------
      9400        592        200          4          0       5156   Library Totals
        12          4          0          0          0          0   (incl. Padding)

    ----------------------------------------------------------------------

      Code (inc. data)   RO Data    RW Data    ZI Data      Debug   Library Name

      5050        476        200          0          0       2284   m_wm.l
      2778        112          0          4          0       1568   mc_w.l
      1560          0          0          0          0       1304   mf_w.l

    ----------------------------------------------------------------------
      9400        592        200          4          0       5156   Library Totals

    ----------------------------------------------------------------------

==============================================================================


      Code (inc. data)   RO Data    RW Data    ZI Data      Debug   

     21674       1548        734        124       2116     827493   Grand Totals
     21674       1548        734        124       2116     827493   ELF Image Totals
     21674       1548        734        124          0          0   ROM Totals

==============================================================================

    Total RO  Size (Code + RO Data)                22408 (  21.88kB)
    Total RW  Size (RW Data + ZI Data)              2240 (   2.19kB)
    Total ROM Size (Code + RO Data + RW Data)      22532 (  22.00kB)

==============================================================================

